../Core/Src/main.c:138:5:main	264	static
../Core/Src/main.c:310:6:SystemClock_Config	88	static
../Core/Src/main.c:367:6:PeriphCommonClock_Config	144	static
../Core/Src/main.c:392:13:MX_ADC1_Init	24	static
../Core/Src/main.c:444:13:MX_ADC3_Init	24	static
../Core/Src/main.c:496:13:MX_DAC_Init	16	static
../Core/Src/main.c:536:13:MX_DMA2D_Init	8	static
../Core/Src/main.c:573:13:MX_I2C1_Init	8	static
../Core/Src/main.c:621:13:MX_I2C3_Init	8	static
../Core/Src/main.c:669:13:MX_LTDC_Init	64	static
../Core/Src/main.c:731:13:MX_RNG_Init	8	static
../Core/Src/main.c:757:13:MX_RTC_Init	80	static
../Core/Src/main.c:853:13:MX_SPI2_Init	8	static
../Core/Src/main.c:893:13:MX_TIM1_Init	40	static
../Core/Src/main.c:940:13:MX_TIM2_Init	40	static
../Core/Src/main.c:985:13:MX_TIM3_Init	40	static
../Core/Src/main.c:1030:13:MX_TIM5_Init	40	static
../Core/Src/main.c:1075:13:MX_TIM8_Init	40	static
../Core/Src/main.c:1122:13:MX_UART7_Init	8	static
../Core/Src/main.c:1157:13:MX_USART1_UART_Init	8	static
../Core/Src/main.c:1192:13:MX_USART6_UART_Init	8	static
../Core/Src/main.c:1223:13:MX_FMC_Init	40	static
../Core/Src/main.c:1274:13:MX_GPIO_Init	72	static
../Core/Src/main.c:1554:6:HAL_UART_RxCpltCallback	24	static
../Core/Src/main.c:1577:6:StartDefaultTask	16	static
../Core/Src/main.c:1595:6:tache_snake	80	static
../Core/Src/main.c:1811:6:tache_affichage	88	static
../Core/Src/main.c:1970:6:tache_game	192	static
../Core/Src/main.c:2035:6:HAL_TIM_PeriodElapsedCallback	16	static
../Core/Src/main.c:2052:6:Error_Handler	4	static,ignoring_inline_asm
