../Core/Src/stm32f7xx_hal_msp.c:63:6:HAL_MspInit	16	static
../Core/Src/stm32f7xx_hal_msp.c:87:6:HAL_ADC_MspInit	56	static
../Core/Src/stm32f7xx_hal_msp.c:156:6:HAL_ADC_MspDeInit	16	static
../Core/Src/stm32f7xx_hal_msp.c:224:6:HAL_DAC_MspInit	48	static
../Core/Src/stm32f7xx_hal_msp.c:260:6:HAL_DAC_MspDeInit	16	static
../Core/Src/stm32f7xx_hal_msp.c:290:6:HAL_DMA2D_MspInit	24	static
../Core/Src/stm32f7xx_hal_msp.c:315:6:HAL_DMA2D_MspDeInit	16	static
../Core/Src/stm32f7xx_hal_msp.c:340:6:HAL_I2C_MspInit	184	static
../Core/Src/stm32f7xx_hal_msp.c:419:6:HAL_I2C_MspDeInit	16	static
../Core/Src/stm32f7xx_hal_msp.c:470:6:HAL_LTDC_MspInit	64	static
../Core/Src/stm32f7xx_hal_msp.c:571:6:HAL_LTDC_MspDeInit	16	static
../Core/Src/stm32f7xx_hal_msp.c:640:6:HAL_RNG_MspInit	24	static
../Core/Src/stm32f7xx_hal_msp.c:665:6:HAL_RNG_MspDeInit	16	static
../Core/Src/stm32f7xx_hal_msp.c:690:6:HAL_RTC_MspInit	152	static
../Core/Src/stm32f7xx_hal_msp.c:723:6:HAL_RTC_MspDeInit	16	static
../Core/Src/stm32f7xx_hal_msp.c:745:6:HAL_SPI_MspInit	48	static
../Core/Src/stm32f7xx_hal_msp.c:791:6:HAL_SPI_MspDeInit	16	static
../Core/Src/stm32f7xx_hal_msp.c:824:6:HAL_TIM_Base_MspInit	64	static
../Core/Src/stm32f7xx_hal_msp.c:903:6:HAL_TIM_Base_MspDeInit	16	static
../Core/Src/stm32f7xx_hal_msp.c:975:6:HAL_UART_MspInit	200	static
../Core/Src/stm32f7xx_hal_msp.c:1101:6:HAL_UART_MspDeInit	16	static
../Core/Src/stm32f7xx_hal_msp.c:1166:13:HAL_FMC_MspInit	32	static
../Core/Src/stm32f7xx_hal_msp.c:1272:6:HAL_SDRAM_MspInit	16	static
../Core/Src/stm32f7xx_hal_msp.c:1284:13:HAL_FMC_MspDeInit	8	static
../Core/Src/stm32f7xx_hal_msp.c:1358:6:HAL_SDRAM_MspDeInit	16	static
