Archive member included to satisfy reference by file (symbol)

c:/users/myria/stm32cubeide_1.9.0/stm32cubeide/plugins/com.st.stm32cube.ide.mcu.externaltools.gnu-tools-for-stm32.10.3-2021.10.win32_1.0.0.202111181127/tools/bin/../lib/gcc/arm-none-eabi/10.3.1/../../../../arm-none-eabi/lib/thumb/v7e-m+fp/hard\libc_nano.a(lib_a-errno.o)
                              ./Core/Src/syscalls.o (__errno)
c:/users/myria/stm32cubeide_1.9.0/stm32cubeide/plugins/com.st.stm32cube.ide.mcu.externaltools.gnu-tools-for-stm32.10.3-2021.10.win32_1.0.0.202111181127/tools/bin/../lib/gcc/arm-none-eabi/10.3.1/../../../../arm-none-eabi/lib/thumb/v7e-m+fp/hard\libc_nano.a(lib_a-exit.o)
                              c:/users/myria/stm32cubeide_1.9.0/stm32cubeide/plugins/com.st.stm32cube.ide.mcu.externaltools.gnu-tools-for-stm32.10.3-2021.10.win32_1.0.0.202111181127/tools/bin/../lib/gcc/arm-none-eabi/10.3.1/../../../../arm-none-eabi/lib/thumb/v7e-m+fp/hard/crt0.o (exit)
c:/users/myria/stm32cubeide_1.9.0/stm32cubeide/plugins/com.st.stm32cube.ide.mcu.externaltools.gnu-tools-for-stm32.10.3-2021.10.win32_1.0.0.202111181127/tools/bin/../lib/gcc/arm-none-eabi/10.3.1/../../../../arm-none-eabi/lib/thumb/v7e-m+fp/hard\libc_nano.a(lib_a-findfp.o)
                              ./Middlewares/Third_Party/FreeRTOS/Source/tasks.o (__sf_fake_stderr)
c:/users/myria/stm32cubeide_1.9.0/stm32cubeide/plugins/com.st.stm32cube.ide.mcu.externaltools.gnu-tools-for-stm32.10.3-2021.10.win32_1.0.0.202111181127/tools/bin/../lib/gcc/arm-none-eabi/10.3.1/../../../../arm-none-eabi/lib/thumb/v7e-m+fp/hard\libc_nano.a(lib_a-fwalk.o)
                              c:/users/myria/stm32cubeide_1.9.0/stm32cubeide/plugins/com.st.stm32cube.ide.mcu.externaltools.gnu-tools-for-stm32.10.3-2021.10.win32_1.0.0.202111181127/tools/bin/../lib/gcc/arm-none-eabi/10.3.1/../../../../arm-none-eabi/lib/thumb/v7e-m+fp/hard\libc_nano.a(lib_a-findfp.o) (_fwalk)
c:/users/myria/stm32cubeide_1.9.0/stm32cubeide/plugins/com.st.stm32cube.ide.mcu.externaltools.gnu-tools-for-stm32.10.3-2021.10.win32_1.0.0.202111181127/tools/bin/../lib/gcc/arm-none-eabi/10.3.1/../../../../arm-none-eabi/lib/thumb/v7e-m+fp/hard\libc_nano.a(lib_a-impure.o)
                              c:/users/myria/stm32cubeide_1.9.0/stm32cubeide/plugins/com.st.stm32cube.ide.mcu.externaltools.gnu-tools-for-stm32.10.3-2021.10.win32_1.0.0.202111181127/tools/bin/../lib/gcc/arm-none-eabi/10.3.1/../../../../arm-none-eabi/lib/thumb/v7e-m+fp/hard\libc_nano.a(lib_a-exit.o) (_global_impure_ptr)
c:/users/myria/stm32cubeide_1.9.0/stm32cubeide/plugins/com.st.stm32cube.ide.mcu.externaltools.gnu-tools-for-stm32.10.3-2021.10.win32_1.0.0.202111181127/tools/bin/../lib/gcc/arm-none-eabi/10.3.1/../../../../arm-none-eabi/lib/thumb/v7e-m+fp/hard\libc_nano.a(lib_a-init.o)
                              c:/users/myria/stm32cubeide_1.9.0/stm32cubeide/plugins/com.st.stm32cube.ide.mcu.externaltools.gnu-tools-for-stm32.10.3-2021.10.win32_1.0.0.202111181127/tools/bin/../lib/gcc/arm-none-eabi/10.3.1/../../../../arm-none-eabi/lib/thumb/v7e-m+fp/hard/crt0.o (__libc_init_array)
c:/users/myria/stm32cubeide_1.9.0/stm32cubeide/plugins/com.st.stm32cube.ide.mcu.externaltools.gnu-tools-for-stm32.10.3-2021.10.win32_1.0.0.202111181127/tools/bin/../lib/gcc/arm-none-eabi/10.3.1/../../../../arm-none-eabi/lib/thumb/v7e-m+fp/hard\libc_nano.a(lib_a-lock.o)
                              c:/users/myria/stm32cubeide_1.9.0/stm32cubeide/plugins/com.st.stm32cube.ide.mcu.externaltools.gnu-tools-for-stm32.10.3-2021.10.win32_1.0.0.202111181127/tools/bin/../lib/gcc/arm-none-eabi/10.3.1/../../../../arm-none-eabi/lib/thumb/v7e-m+fp/hard\libc_nano.a(lib_a-findfp.o) (__retarget_lock_init_recursive)
c:/users/myria/stm32cubeide_1.9.0/stm32cubeide/plugins/com.st.stm32cube.ide.mcu.externaltools.gnu-tools-for-stm32.10.3-2021.10.win32_1.0.0.202111181127/tools/bin/../lib/gcc/arm-none-eabi/10.3.1/../../../../arm-none-eabi/lib/thumb/v7e-m+fp/hard\libc_nano.a(lib_a-memcpy-stub.o)
                              ./Middlewares/Third_Party/FreeRTOS/Source/queue.o (memcpy)
c:/users/myria/stm32cubeide_1.9.0/stm32cubeide/plugins/com.st.stm32cube.ide.mcu.externaltools.gnu-tools-for-stm32.10.3-2021.10.win32_1.0.0.202111181127/tools/bin/../lib/gcc/arm-none-eabi/10.3.1/../../../../arm-none-eabi/lib/thumb/v7e-m+fp/hard\libc_nano.a(lib_a-memset.o)
                              c:/users/myria/stm32cubeide_1.9.0/stm32cubeide/plugins/com.st.stm32cube.ide.mcu.externaltools.gnu-tools-for-stm32.10.3-2021.10.win32_1.0.0.202111181127/tools/bin/../lib/gcc/arm-none-eabi/10.3.1/../../../../arm-none-eabi/lib/thumb/v7e-m+fp/hard/crt0.o (memset)
c:/users/myria/stm32cubeide_1.9.0/stm32cubeide/plugins/com.st.stm32cube.ide.mcu.externaltools.gnu-tools-for-stm32.10.3-2021.10.win32_1.0.0.202111181127/tools/bin/../lib/gcc/arm-none-eabi/10.3.1/../../../../arm-none-eabi/lib/thumb/v7e-m+fp/hard\libc_nano.a(lib_a-nano-mallocr.o)
[...]
Memory Configuration

Name             Origin             Length             Attributes
RAM              0x0000000020000000 0x0000000000050000 xrw
FLASH            0x0000000008000000 0x0000000000100000 xr
*default*        0x0000000000000000 0xffffffffffffffff

Linker script and memory map

LOAD c:/users/myria/stm32cubeide_1.9.0/stm32cubeide/plugins/com.st.stm32cube.ide.mcu.externaltools.gnu-tools-for-stm32.10.3-2021.10.win32_1.0.0.202111181127/tools/bin/../lib/gcc/arm-none-eabi/10.3.1/thumb/v7e-m+fp/hard/crti.o
LOAD c:/users/myria/stm32cubeide_1.9.0/stm32cubeide/plugins/com.st.stm32cube.ide.mcu.externaltools.gnu-tools-for-stm32.10.3-2021.10.win32_1.0.0.202111181127/tools/bin/../lib/gcc/arm-none-eabi/10.3.1/thumb/v7e-m+fp/hard/crtbegin.o
LOAD c:/users/myria/stm32cubeide_1.9.0/stm32cubeide/plugins/com.st.stm32cube.ide.mcu.externaltools.gnu-tools-for-stm32.10.3-2021.10.win32_1.0.0.202111181127/tools/bin/../lib/gcc/arm-none-eabi/10.3.1/../../../../arm-none-eabi/lib/thumb/v7e-m+fp/hard/crt0.o
LOAD ./Core/Src/freertos.o
LOAD ./Core/Src/ft5336.o
LOAD ./Core/Src/main.o
LOAD ./Core/Src/stm32746g_discovery.o
LOAD ./Core/Src/stm32746g_discovery_lcd.o
LOAD ./Core/Src/stm32746g_discovery_sdram.o
LOAD ./Core/Src/stm32746g_discovery_ts.o
LOAD ./Core/Src/stm32f7xx_hal_msp.o
LOAD ./Core/Src/stm32f7xx_hal_timebase_tim.o
LOAD ./Core/Src/stm32f7xx_it.o
LOAD ./Core/Src/syscalls.o
LOAD ./Core/Src/sysmem.o
LOAD ./Core/Src/system_stm32f7xx.o
LOAD ./Core/Startup/startup_stm32f746nghx.o
LOAD ./Drivers/STM32F7xx_HAL_Driver/Src/stm32f7xx_hal.o
LOAD ./Drivers/STM32F7xx_HAL_Driver/Src/stm32f7xx_hal_adc.o
LOAD ./Drivers/STM32F7xx_HAL_Driver/Src/stm32f7xx_hal_adc_ex.o
LOAD ./Drivers/STM32F7xx_HAL_Driver/Src/stm32f7xx_hal_cortex.o
LOAD ./Drivers/STM32F7xx_HAL_Driver/Src/stm32f7xx_hal_dac.o
LOAD ./Drivers/STM32F7xx_HAL_Driver/Src/stm32f7xx_hal_dac_ex.o
LOAD ./Drivers/STM32F7xx_HAL_Driver/Src/stm32f7xx_hal_dma.o
LOAD ./Drivers/STM32F7xx_HAL_Driver/Src/stm32f7xx_hal_dma2d.o
LOAD ./Drivers/STM32F7xx_HAL_Driver/Src/stm32f7xx_hal_dma_ex.o
LOAD ./Drivers/STM32F7xx_HAL_Driver/Src/stm32f7xx_hal_dsi.o
LOAD ./Drivers/STM32F7xx_HAL_Driver/Src/stm32f7xx_hal_exti.o
LOAD ./Drivers/STM32F7xx_HAL_Driver/Src/stm32f7xx_hal_flash.o
LOAD ./Drivers/STM32F7xx_HAL_Driver/Src/stm32f7xx_hal_flash_ex.o
LOAD ./Drivers/STM32F7xx_HAL_Driver/Src/stm32f7xx_hal_gpio.o
LOAD ./Drivers/STM32F7xx_HAL_Driver/Src/stm32f7xx_hal_i2c.o
LOAD ./Drivers/STM32F7xx_HAL_Driver/Src/stm32f7xx_hal_i2c_ex.o
LOAD ./Drivers/STM32F7xx_HAL_Driver/Src/stm32f7xx_hal_ltdc.o
LOAD ./Drivers/STM32F7xx_HAL_Driver/Src/stm32f7xx_hal_ltdc_ex.o
LOAD ./Drivers/STM32F7xx_HAL_Driver/Src/stm32f7xx_hal_pwr.o
LOAD ./Drivers/STM32F7xx_HAL_Driver/Src/stm32f7xx_hal_pwr_ex.o
LOAD ./Drivers/STM32F7xx_HAL_Driver/Src/stm32f7xx_hal_rcc.o
LOAD ./Drivers/STM32F7xx_HAL_Driver/Src/stm32f7xx_hal_rcc_ex.o
LOAD ./Drivers/STM32F7xx_HAL_Driver/Src/stm32f7xx_hal_rtc.o
LOAD ./Drivers/STM32F7xx_HAL_Driver/Src/stm32f7xx_hal_rtc_ex.o
LOAD ./Drivers/STM32F7xx_HAL_Driver/Src/stm32f7xx_hal_sdram.o
LOAD ./Drivers/STM32F7xx_HAL_Driver/Src/stm32f7xx_hal_spi.o
LOAD ./Drivers/STM32F7xx_HAL_Driver/Src/stm32f7xx_hal_spi_ex.o
LOAD ./Drivers/STM32F7xx_HAL_Driver/Src/stm32f7xx_hal_tim.o
LOAD ./Drivers/STM32F7xx_HAL_Driver/Src/stm32f7xx_hal_tim_ex.o
LOAD ./Drivers/STM32F7xx_HAL_Driver/Src/stm32f7xx_hal_uart.o
LOAD ./Drivers/STM32F7xx_HAL_Driver/Src/stm32f7xx_hal_uart_ex.o
LOAD ./Drivers/STM32F7xx_HAL_Driver/Src/stm32f7xx_ll_fmc.o
LOAD ./Middlewares/Third_Party/FreeRTOS/Source/CMSIS_RTOS/cmsis_os.o
LOAD ./Middlewares/Third_Party/FreeRTOS/Source/croutine.o
LOAD ./Middlewares/Third_Party/FreeRTOS/Source/event_groups.o
LOAD ./Middlewares/Third_Party/FreeRTOS/Source/list.o
LOAD ./Middlewares/Third_Party/FreeRTOS/Source/queue.o
LOAD ./Middlewares/Third_Party/FreeRTOS/Source/stream_buffer.o
LOAD ./Middlewares/Third_Party/FreeRTOS/Source/tasks.o
LOAD ./Middlewares/Third_Party/FreeRTOS/Source/timers.o
LOAD ./Middlewares/Third_Party/FreeRTOS/Source/portable/GCC/ARM_CM7/r0p1/port.o
LOAD ./Middlewares/Third_Party/FreeRTOS/Source/portable/MemMang/heap_4.o
START GROUP
LOAD c:/users/myria/stm32cubeide_1.9.0/stm32cubeide/plugins/com.st.stm32cube.ide.mcu.externaltools.gnu-tools-for-stm32.10.3-2021.10.win32_1.0.0.202111181127/tools/bin/../lib/gcc/arm-none-eabi/10.3.1/../../../../arm-none-eabi/lib/thumb/v7e-m+fp/hard\libc_nano.a
LOAD c:/users/myria/stm32cubeide_1.9.0/stm32cubeide/plugins/com.st.stm32cube.ide.mcu.externaltools.gnu-tools-for-stm32.10.3-2021.10.win32_1.0.0.202111181127/tools/bin/../lib/gcc/arm-none-eabi/10.3.1/../../../../arm-none-eabi/lib/thumb/v7e-m+fp/hard\libm.a
END GROUP
START GROUP
LOAD c:/users/myria/stm32cubeide_1.9.0/stm32cubeide/plugins/com.st.stm32cube.ide.mcu.externaltools.gnu-tools-for-stm32.10.3-2021.10.win32_1.0.0.202111181127/tools/bin/../lib/gcc/arm-none-eabi/10.3.1/thumb/v7e-m+fp/hard\libgcc.a
LOAD c:/users/myria/stm32cubeide_1.9.0/stm32cubeide/plugins/com.st.stm32cube.ide.mcu.externaltools.gnu-tools-for-stm32.10.3-2021.10.win32_1.0.0.202111181127/tools/bin/../lib/gcc/arm-none-eabi/10.3.1/../../../../arm-none-eabi/lib/thumb/v7e-m+fp/hard\libc_nano.a
END GROUP
START GROUP
LOAD c:/users/myria/stm32cubeide_1.9.0/stm32cubeide/plugins/com.st.stm32cube.ide.mcu.externaltools.gnu-tools-for-stm32.10.3-2021.10.win32_1.0.0.202111181127/tools/bin/../lib/gcc/arm-none-eabi/10.3.1/thumb/v7e-m+fp/hard\libgcc.a
LOAD c:/users/myria/stm32cubeide_1.9.0/stm32cubeide/plugins/com.st.stm32cube.ide.mcu.externaltools.gnu-tools-for-stm32.10.3-2021.10.win32_1.0.0.202111181127/tools/bin/../lib/gcc/arm-none-eabi/10.3.1/../../../../arm-none-eabi/lib/thumb/v7e-m+fp/hard\libc_nano.a
LOAD c:/users/myria/stm32cubeide_1.9.0/stm32cubeide/plugins/com.st.stm32cube.ide.mcu.externaltools.gnu-tools-for-stm32.10.3-2021.10.win32_1.0.0.202111181127/tools/bin/../lib/gcc/arm-none-eabi/10.3.1/../../../../arm-none-eabi/lib/thumb/v7e-m+fp/hard\libnosys.a
END GROUP
START GROUP
LOAD c:/users/myria/stm32cubeide_1.9.0/stm32cubeide/plugins/com.st.stm32cube.ide.mcu.externaltools.gnu-tools-for-stm32.10.3-2021.10.win32_1.0.0.202111181127/tools/bin/../lib/gcc/arm-none-eabi/10.3.1/thumb/v7e-m+fp/hard\libgcc.a
LOAD c:/users/myria/stm32cubeide_1.9.0/stm32cubeide/plugins/com.st.stm32cube.ide.mcu.externaltools.gnu-tools-for-stm32.10.3-2021.10.win32_1.0.0.202111181127/tools/bin/../lib/gcc/arm-none-eabi/10.3.1/../../../../arm-none-eabi/lib/thumb/v7e-m+fp/hard\libc_nano.a
LOAD c:/users/myria/stm32cubeide_1.9.0/stm32cubeide/plugins/com.st.stm32cube.ide.mcu.externaltools.gnu-tools-for-stm32.10.3-2021.10.win32_1.0.0.202111181127/tools/bin/../lib/gcc/arm-none-eabi/10.3.1/../../../../arm-none-eabi/lib/thumb/v7e-m+fp/hard\libnosys.a
END GROUP
LOAD c:/users/myria/stm32cubeide_1.9.0/stm32cubeide/plugins/com.st.stm32cube.ide.mcu.externaltools.gnu-tools-for-stm32.10.3-2021.10.win32_1.0.0.202111181127/tools/bin/../lib/gcc/arm-none-eabi/10.3.1/thumb/v7e-m+fp/hard/crtend.o
LOAD c:/users/myria/stm32cubeide_1.9.0/stm32cubeide/plugins/com.st.stm32cube.ide.mcu.externaltools.gnu-tools-for-stm32.10.3-2021.10.win32_1.0.0.202111181127/tools/bin/../lib/gcc/arm-none-eabi/10.3.1/thumb/v7e-m+fp/hard/crtn.o
                0x0000000020050000                _estack = (ORIGIN (RAM) + LENGTH (RAM))
                0x0000000000000200                _Min_Heap_Size = 0x200
                0x0000000000000400                _Min_Stack_Size = 0x400

.isr_vector     0x0000000008000000      0x1c8
                0x0000000008000000                . = ALIGN (0x4)
 *(.isr_vector)
 .isr_vector    0x0000000008000000      0x1c8 ./Core/Startup/startup_stm32f746nghx.o
                0x0000000008000000                g_pfnVectors
                0x00000000080001c8                . = ALIGN (0x4)

.text           0x00000000080001d0     0xfdb8
                0x00000000080001d0                . = ALIGN (0x4)
 *(.text)
 .text          0x00000000080001d0       0x40 c:/users/myria/stm32cubeide_1.9.0/stm32cubeide/plugins/com.st.stm32cube.ide.mcu.externaltools.gnu-tools-for-stm32.10.3-2021.10.win32_1.0.0.202111181127/tools/bin/../lib/gcc/arm-none-eabi/10.3.1/thumb/v7e-m+fp/hard/crtbegin.o
 .text          0x0000000008000210       0xa0 c:/users/myria/stm32cubeide_1.9.0/stm32cubeide/plugins/com.st.stm32cube.ide.mcu.externaltools.gnu-tools-for-stm32.10.3-2021.10.win32_1.0.0.202111181127/tools/bin/../lib/gcc/arm-none-eabi/10.3.1/../../../../arm-none-eabi/lib/thumb/v7e-m+fp/hard\libc_nano.a(lib_a-memchr.o)
                0x0000000008000210                memchr
 .text          0x00000000080002b0       0x30 c:/users/myria/stm32cubeide_1.9.0/stm32cubeide/plugins/com.st.stm32cube.ide.mcu.externaltools.gnu-tools-for-stm32.10.3-2021.10.win32_1.0.0.202111181127/tools/bin/../lib/gcc/arm-none-eabi/10.3.1/thumb/v7e-m+fp/hard\libgcc.a(_aeabi_uldivmod.o)
                0x00000000080002b0                __aeabi_uldivmod
 .text          0x00000000080002e0      0x2d0 c:/users/myria/stm32cubeide_1.9.0/stm32cubeide/plugins/com.st.stm32cube.ide.mcu.externaltools.gnu-tools-for-stm32.10.3-2021.10.win32_1.0.0.202111181127/tools/bin/../lib/gcc/arm-none-eabi/10.3.1/thumb/v7e-m+fp/hard\libgcc.a(_udivmoddi4.o)
                0x00000000080002e0                __udivmoddi4
 .text          0x00000000080005b0        0x4 c:/users/myria/stm32cubeide_1.9.0/stm32cubeide/plugins/com.st.stm32cube.ide.mcu.externaltools.gnu-tools-for-stm32.10.3-2021.10.win32_1.0.0.202111181127/tools/bin/../lib/gcc/arm-none-eabi/10.3.1/thumb/v7e-m+fp/hard\libgcc.a(_dvmd_tls.o)
                0x00000000080005b0                __aeabi_idiv0
                0x00000000080005b0                __aeabi_ldiv0
 *(.text*)
 .text.vApplicationGetIdleTaskMemory
                0x00000000080005b4       0x34 ./Core/Src/freertos.o
                0x00000000080005b4                vApplicationGetIdleTaskMemory
 .text.ft5336_Init
                0x00000000080005e8       0x1c ./Core/Src/ft5336.o
                0x00000000080005e8                ft5336_Init
 .text.ft5336_Reset
                0x0000000008000604       0x16 ./Core/Src/ft5336.o
                0x0000000008000604                ft5336_Reset
 .text.ft5336_ReadID
                0x000000000800061a       0x5c ./Core/Src/ft5336.o
                0x000000000800061a                ft5336_ReadID
 .text.ft5336_TS_Start
                0x0000000008000676       0x22 ./Core/Src/ft5336.o
                0x0000000008000676                ft5336_TS_Start
 .text.ft5336_TS_DetectTouch
                0x0000000008000698       0x54 ./Core/Src/ft5336.o
                0x0000000008000698                ft5336_TS_DetectTouch
 .text.ft5336_TS_GetXY
                0x00000000080006ec      0x1e0 ./Core/Src/ft5336.o
                0x00000000080006ec                ft5336_TS_GetXY
 .text.ft5336_TS_EnableIT
                0x00000000080008cc       0x28 ./Core/Src/ft5336.o
                0x00000000080008cc                ft5336_TS_EnableIT
 .text.ft5336_TS_DisableIT
                0x00000000080008f4       0x28 ./Core/Src/ft5336.o
                0x00000000080008f4                ft5336_TS_DisableIT
 .text.ft5336_TS_ITStatus
                0x000000000800091c       0x18 ./Core/Src/ft5336.o
                0x000000000800091c                ft5336_TS_ITStatus
 .text.ft5336_TS_ClearIT
                0x0000000008000934       0x16 ./Core/Src/ft5336.o
                0x0000000008000934                ft5336_TS_ClearIT
 .text.ft5336_TS_GetGestureID
                0x000000000800094a       0x32 ./Core/Src/ft5336.o
                0x000000000800094a                ft5336_TS_GetGestureID
 .text.ft5336_TS_GetTouchInfo
                0x000000000800097c      0x15c ./Core/Src/ft5336.o
                0x000000000800097c                ft5336_TS_GetTouchInfo
 .text.ft5336_Get_I2C_InitializedStatus
                0x0000000008000ad8       0x18 ./Core/Src/ft5336.o
 .text.ft5336_I2C_InitializeIfRequired
                0x0000000008000af0       0x20 ./Core/Src/ft5336.o
 .text.ft5336_TS_Configure
                0x0000000008000b10       0x1c ./Core/Src/ft5336.o
 .text.main     0x0000000008000b2c      0x3ac ./Core/Src/main.o
                0x0000000008000b2c                main
 .text.SystemClock_Config
                0x0000000008000ed8       0xe4 ./Core/Src/main.o
                0x0000000008000ed8                SystemClock_Config
 .text.MX_ADC1_Init
                0x0000000008000fbc       0xa4 ./Core/Src/main.o
 .text.MX_ADC3_Init
                0x0000000008001060       0xa4 ./Core/Src/main.o
 .text.MX_DAC_Init
                0x0000000008001104       0x54 ./Core/Src/main.o
 .text.MX_DMA2D_Init
                0x0000000008001158       0x64 ./Core/Src/main.o
 .text.MX_I2C1_Init
                0x00000000080011bc       0x80 ./Core/Src/main.o
 .text.MX_I2C3_Init
                0x000000000800123c       0x80 ./Core/Src/main.o
 .text.MX_LTDC_Init
                0x00000000080012bc      0x104 ./Core/Src/main.o
 .text.MX_RTC_Init
                0x00000000080013c0      0x14c ./Core/Src/main.o
 .text.MX_SPI2_Init
                0x000000000800150c       0x7c ./Core/Src/main.o
 .text.MX_TIM1_Init
                0x0000000008001588       0xa8 ./Core/Src/main.o
 .text.MX_TIM2_Init
                0x0000000008001630       0x9c ./Core/Src/main.o
 .text.MX_TIM3_Init
                0x00000000080016cc       0x9c ./Core/Src/main.o
 .text.MX_TIM5_Init
                0x0000000008001768       0x9c ./Core/Src/main.o
 .text.MX_TIM8_Init
                0x0000000008001804       0xa8 ./Core/Src/main.o
 .text.MX_UART7_Init
                0x00000000080018ac       0x60 ./Core/Src/main.o
 .text.MX_USART1_UART_Init
                0x000000000800190c       0x60 ./Core/Src/main.o
 .text.MX_USART6_UART_Init
                0x000000000800196c       0x60 ./Core/Src/main.o
 .text.MX_FMC_Init
                0x00000000080019cc       0xa0 ./Core/Src/main.o
 .text.MX_GPIO_Init
                0x0000000008001a6c      0x580 ./Core/Src/main.o
 .text.HAL_UART_RxCpltCallback
                0x0000000008001fec       0x88 ./Core/Src/main.o
                0x0000000008001fec                HAL_UART_RxCpltCallback
 .text.StartDefaultTask
                0x0000000008002074       0x10 ./Core/Src/main.o
                0x0000000008002074                StartDefaultTask
 .text.tache_snake
                0x0000000008002084      0x618 ./Core/Src/main.o
                0x0000000008002084                tache_snake
 .text.tache_affichage
                0x000000000800269c      0x47c ./Core/Src/main.o
                0x000000000800269c                tache_affichage
 .text.tache_game
                0x0000000008002b18      0x144 ./Core/Src/main.o
                0x0000000008002b18                tache_game
 .text.HAL_TIM_PeriodElapsedCallback
                0x0000000008002c5c       0x24 ./Core/Src/main.o
                0x0000000008002c5c                HAL_TIM_PeriodElapsedCallback
 .text.Error_Handler
                0x0000000008002c80        0xa ./Core/Src/main.o
                0x0000000008002c80                Error_Handler
 *fill*         0x0000000008002c8a        0x2 
 .text.I2Cx_MspInit
                0x0000000008002c8c      0x160 ./Core/Src/stm32746g_discovery.o
 .text.I2Cx_Init
                0x0000000008002dec       0x78 ./Core/Src/stm32746g_discovery.o
 .text.I2Cx_ReadMultiple
                0x0000000008002e64       0x5a ./Core/Src/stm32746g_discovery.o
 .text.I2Cx_WriteMultiple
                0x0000000008002ebe       0x5a ./Core/Src/stm32746g_discovery.o
 .text.I2Cx_Error
                0x0000000008002f18       0x20 ./Core/Src/stm32746g_discovery.o
 .text.TS_IO_Init
                0x0000000008002f38       0x14 ./Core/Src/stm32746g_discovery.o
                0x0000000008002f38                TS_IO_Init
 .text.TS_IO_Write
                0x0000000008002f4c       0x34 ./Core/Src/stm32746g_discovery.o
                0x0000000008002f4c                TS_IO_Write
 .text.TS_IO_Read
                0x0000000008002f80       0x3c ./Core/Src/stm32746g_discovery.o
                0x0000000008002f80                TS_IO_Read
 .text.TS_IO_Delay
                0x0000000008002fbc       0x16 ./Core/Src/stm32746g_discovery.o
                0x0000000008002fbc                TS_IO_Delay
 *fill*         0x0000000008002fd2        0x2 
 .text.BSP_LCD_Init
                0x0000000008002fd4       0xe0 ./Core/Src/stm32746g_discovery_lcd.o
                0x0000000008002fd4                BSP_LCD_Init
 .text.BSP_LCD_GetXSize
                0x00000000080030b4       0x28 ./Core/Src/stm32746g_discovery_lcd.o
                0x00000000080030b4                BSP_LCD_GetXSize
 .text.BSP_LCD_GetYSize
                0x00000000080030dc       0x28 ./Core/Src/stm32746g_discovery_lcd.o
                0x00000000080030dc                BSP_LCD_GetYSize
 .text.BSP_LCD_LayerDefaultInit
                0x0000000008003104       0xc0 ./Core/Src/stm32746g_discovery_lcd.o
                0x0000000008003104                BSP_LCD_LayerDefaultInit
 .text.BSP_LCD_SelectLayer
                0x00000000080031c4       0x20 ./Core/Src/stm32746g_discovery_lcd.o
                0x00000000080031c4                BSP_LCD_SelectLayer
 .text.BSP_LCD_SetTextColor
                0x00000000080031e4       0x30 ./Core/Src/stm32746g_discovery_lcd.o
                0x00000000080031e4                BSP_LCD_SetTextColor
 .text.BSP_LCD_SetBackColor
                0x0000000008003214       0x34 ./Core/Src/stm32746g_discovery_lcd.o
                0x0000000008003214                BSP_LCD_SetBackColor
 .text.BSP_LCD_SetFont
                0x0000000008003248       0x34 ./Core/Src/stm32746g_discovery_lcd.o
                0x0000000008003248                BSP_LCD_SetFont
 .text.BSP_LCD_GetFont
                0x000000000800327c       0x2c ./Core/Src/stm32746g_discovery_lcd.o
                0x000000000800327c                BSP_LCD_GetFont
 .text.BSP_LCD_Clear
                0x00000000080032a8       0x50 ./Core/Src/stm32746g_discovery_lcd.o
                0x00000000080032a8                BSP_LCD_Clear
 .text.BSP_LCD_DisplayChar
                0x00000000080032f8       0x88 ./Core/Src/stm32746g_discovery_lcd.o
                0x00000000080032f8                BSP_LCD_DisplayChar
 .text.BSP_LCD_DisplayStringAt
                0x0000000008003380      0x190 ./Core/Src/stm32746g_discovery_lcd.o
                0x0000000008003380                BSP_LCD_DisplayStringAt
 .text.BSP_LCD_DisplayStringAtLine
                0x0000000008003510       0x2e ./Core/Src/stm32746g_discovery_lcd.o
                0x0000000008003510                BSP_LCD_DisplayStringAtLine
 *fill*         0x000000000800353e        0x2 
 .text.BSP_LCD_DrawHLine
                0x0000000008003540       0xbc ./Core/Src/stm32746g_discovery_lcd.o
                0x0000000008003540                BSP_LCD_DrawHLine
 .text.BSP_LCD_DrawCircle
                0x00000000080035fc      0x1d4 ./Core/Src/stm32746g_discovery_lcd.o
                0x00000000080035fc                BSP_LCD_DrawCircle
 .text.BSP_LCD_DrawPixel
                0x00000000080037d0       0x90 ./Core/Src/stm32746g_discovery_lcd.o
                0x00000000080037d0                BSP_LCD_DrawPixel
 .text.BSP_LCD_DrawBitmap
                0x0000000008003860      0x164 ./Core/Src/stm32746g_discovery_lcd.o
                0x0000000008003860                BSP_LCD_DrawBitmap
 .text.BSP_LCD_FillRect
                0x00000000080039c4       0xf4 ./Core/Src/stm32746g_discovery_lcd.o
                0x00000000080039c4                BSP_LCD_FillRect
 .text.BSP_LCD_FillCircle
                0x0000000008003ab8      0x140 ./Core/Src/stm32746g_discovery_lcd.o
                0x0000000008003ab8                BSP_LCD_FillCircle
 .text.BSP_LCD_DisplayOn
                0x0000000008003bf8       0x3c ./Core/Src/stm32746g_discovery_lcd.o
                0x0000000008003bf8                BSP_LCD_DisplayOn
 .text.BSP_LCD_MspInit
                0x0000000008003c34      0x1b4 ./Core/Src/stm32746g_discovery_lcd.o
                0x0000000008003c34                BSP_LCD_MspInit
 .text.BSP_LCD_ClockConfig
                0x0000000008003de8       0x38 ./Core/Src/stm32746g_discovery_lcd.o
                0x0000000008003de8                BSP_LCD_ClockConfig
 .text.DrawChar
                0x0000000008003e20      0x170 ./Core/Src/stm32746g_discovery_lcd.o
 .text.LL_FillBuffer
                0x0000000008003f90       0x98 ./Core/Src/stm32746g_discovery_lcd.o
 .text.LL_ConvertLineToARGB8888
                0x0000000008004028       0x88 ./Core/Src/stm32746g_discovery_lcd.o
 .text.BSP_SDRAM_Init
                0x00000000080040b0       0xbc ./Core/Src/stm32746g_discovery_sdram.o
                0x00000000080040b0                BSP_SDRAM_Init
 .text.BSP_SDRAM_Initialization_sequence
                0x000000000800416c       0xc0 ./Core/Src/stm32746g_discovery_sdram.o
                0x000000000800416c                BSP_SDRAM_Initialization_sequence
 .text.BSP_SDRAM_MspInit
                0x000000000800422c      0x1f0 ./Core/Src/stm32746g_discovery_sdram.o
                0x000000000800422c                BSP_SDRAM_MspInit
 .text.BSP_TS_Init
                0x000000000800441c       0x80 ./Core/Src/stm32746g_discovery_ts.o
                0x000000000800441c                BSP_TS_Init
 .text.BSP_TS_GetState
                0x000000000800449c      0x374 ./Core/Src/stm32746g_discovery_ts.o
                0x000000000800449c                BSP_TS_GetState
 .text.BSP_TS_Get_GestureId
                0x0000000008004810      0x104 ./Core/Src/stm32746g_discovery_ts.o
                0x0000000008004810                BSP_TS_Get_GestureId
 .text.HAL_MspInit
                0x0000000008004914       0x50 ./Core/Src/stm32f7xx_hal_msp.o
                0x0000000008004914                HAL_MspInit
 .text.HAL_ADC_MspInit
                0x0000000008004964      0x12c ./Core/Src/stm32f7xx_hal_msp.o
                0x0000000008004964                HAL_ADC_MspInit
 .text.HAL_DAC_MspInit
                0x0000000008004a90       0x90 ./Core/Src/stm32f7xx_hal_msp.o
                0x0000000008004a90                HAL_DAC_MspInit
 .text.HAL_DMA2D_MspInit
                0x0000000008004b20       0x4c ./Core/Src/stm32f7xx_hal_msp.o
                0x0000000008004b20                HAL_DMA2D_MspInit
 .text.HAL_I2C_MspInit
                0x0000000008004b6c      0x150 ./Core/Src/stm32f7xx_hal_msp.o
                0x0000000008004b6c                HAL_I2C_MspInit
 .text.HAL_I2C_MspDeInit
                0x0000000008004cbc       0x78 ./Core/Src/stm32f7xx_hal_msp.o
                0x0000000008004cbc                HAL_I2C_MspDeInit
 .text.HAL_LTDC_MspInit
                0x0000000008004d34      0x204 ./Core/Src/stm32f7xx_hal_msp.o
                0x0000000008004d34                HAL_LTDC_MspInit
 .text.HAL_RTC_MspInit
                0x0000000008004f38       0x5c ./Core/Src/stm32f7xx_hal_msp.o
                0x0000000008004f38                HAL_RTC_MspInit
 .text.HAL_SPI_MspInit
                0x0000000008004f94       0xc4 ./Core/Src/stm32f7xx_hal_msp.o
                0x0000000008004f94                HAL_SPI_MspInit
 .text.HAL_TIM_Base_MspInit
                0x0000000008005058      0x124 ./Core/Src/stm32f7xx_hal_msp.o
                0x0000000008005058                HAL_TIM_Base_MspInit
 .text.HAL_UART_MspInit
                0x000000000800517c      0x230 ./Core/Src/stm32f7xx_hal_msp.o
                0x000000000800517c                HAL_UART_MspInit
 .text.HAL_FMC_MspInit
                0x00000000080053ac      0x120 ./Core/Src/stm32f7xx_hal_msp.o
 .text.HAL_SDRAM_MspInit
                0x00000000080054cc       0x14 ./Core/Src/stm32f7xx_hal_msp.o
                0x00000000080054cc                HAL_SDRAM_MspInit
 .text.HAL_InitTick
                0x00000000080054e0       0xb0 ./Core/Src/stm32f7xx_hal_timebase_tim.o
                0x00000000080054e0                HAL_InitTick
 .text.NMI_Handler
                0x0000000008005590        0x6 ./Core/Src/stm32f7xx_it.o
                0x0000000008005590                NMI_Handler
 .text.HardFault_Handler
                0x0000000008005596        0x6 ./Core/Src/stm32f7xx_it.o
                0x0000000008005596                HardFault_Handler
 .text.MemManage_Handler
                0x000000000800559c        0x6 ./Core/Src/stm32f7xx_it.o
                0x000000000800559c                MemManage_Handler
 .text.BusFault_Handler
                0x00000000080055a2        0x6 ./Core/Src/stm32f7xx_it.o
                0x00000000080055a2                BusFault_Handler
 .text.UsageFault_Handler
                0x00000000080055a8        0x6 ./Core/Src/stm32f7xx_it.o
                0x00000000080055a8                UsageFault_Handler
 .text.DebugMon_Handler
                0x00000000080055ae        0xe ./Core/Src/stm32f7xx_it.o
                0x00000000080055ae                DebugMon_Handler
 .text.ADC_IRQHandler
                0x00000000080055bc       0x1c ./Core/Src/stm32f7xx_it.o
                0x00000000080055bc                ADC_IRQHandler
 .text.USART1_IRQHandler
                0x00000000080055d8       0x14 ./Core/Src/stm32f7xx_it.o
                0x00000000080055d8                USART1_IRQHandler
 .text.TIM6_DAC_IRQHandler
                0x00000000080055ec       0x28 ./Core/Src/stm32f7xx_it.o
                0x00000000080055ec                TIM6_DAC_IRQHandler
 .text.LTDC_IRQHandler
                0x0000000008005614       0x14 ./Core/Src/stm32f7xx_it.o
                0x0000000008005614                LTDC_IRQHandler
 .text.DMA2D_IRQHandler
                0x0000000008005628       0x14 ./Core/Src/stm32f7xx_it.o
                0x0000000008005628                DMA2D_IRQHandler
 .text._sbrk    0x000000000800563c       0x6c ./Core/Src/sysmem.o
                0x000000000800563c                _sbrk
 .text.SystemInit
                0x00000000080056a8       0x24 ./Core/Src/system_stm32f7xx.o
                0x00000000080056a8                SystemInit
 .text.Reset_Handler
                0x00000000080056cc       0x50 ./Core/Startup/startup_stm32f746nghx.o
                0x00000000080056cc                Reset_Handler
 .text.Default_Handler
                0x000000000800571c        0x2 ./Core/Startup/startup_stm32f746nghx.o
                0x000000000800571c                RTC_Alarm_IRQHandler
                0x000000000800571c                EXTI2_IRQHandler
                0x000000000800571c                TIM8_CC_IRQHandler
                0x000000000800571c                UART8_IRQHandler
                0x000000000800571c                SPI4_IRQHandler
                0x000000000800571c                TIM1_CC_IRQHandler
                0x000000000800571c                DMA2_Stream5_IRQHandler
                0x000000000800571c                DMA1_Stream5_IRQHandler
                0x000000000800571c                PVD_IRQHandler
                0x000000000800571c                TAMP_STAMP_IRQHandler
                0x000000000800571c                CAN2_RX1_IRQHandler
                0x000000000800571c                EXTI3_IRQHandler
                0x000000000800571c                TIM8_TRG_COM_TIM14_IRQHandler
                0x000000000800571c                TIM1_UP_TIM10_IRQHandler
                0x000000000800571c                TIM8_UP_TIM13_IRQHandler
                0x000000000800571c                I2C3_ER_IRQHandler
                0x000000000800571c                EXTI0_IRQHandler
                0x000000000800571c                I2C2_EV_IRQHandler
                0x000000000800571c                DMA1_Stream2_IRQHandler
                0x000000000800571c                CAN1_RX0_IRQHandler
                0x000000000800571c                FPU_IRQHandler
                0x000000000800571c                OTG_HS_WKUP_IRQHandler
                0x000000000800571c                LTDC_ER_IRQHandler
                0x000000000800571c                CAN2_SCE_IRQHandler
                0x000000000800571c                DMA2_Stream2_IRQHandler
                0x000000000800571c                SPI1_IRQHandler
                0x000000000800571c                TIM1_BRK_TIM9_IRQHandler
                0x000000000800571c                DCMI_IRQHandler
                0x000000000800571c                CAN2_RX0_IRQHandler
                0x000000000800571c                DMA2_Stream3_IRQHandler
                0x000000000800571c                SAI2_IRQHandler
                0x000000000800571c                USART6_IRQHandler
                0x000000000800571c                USART3_IRQHandler
                0x000000000800571c                CAN1_RX1_IRQHandler
                0x000000000800571c                UART5_IRQHandler
                0x000000000800571c                DMA2_Stream0_IRQHandler
                0x000000000800571c                TIM4_IRQHandler
                0x000000000800571c                QUADSPI_IRQHandler
                0x000000000800571c                I2C1_EV_IRQHandler
                0x000000000800571c                DMA1_Stream6_IRQHandler
                0x000000000800571c                DMA1_Stream1_IRQHandler
                0x000000000800571c                UART4_IRQHandler
                0x000000000800571c                TIM3_IRQHandler
                0x000000000800571c                RCC_IRQHandler
                0x000000000800571c                TIM8_BRK_TIM12_IRQHandler
                0x000000000800571c                Default_Handler
                0x000000000800571c                CEC_IRQHandler
                0x000000000800571c                EXTI15_10_IRQHandler
                0x000000000800571c                DMA1_Stream7_IRQHandler
                0x000000000800571c                SPI5_IRQHandler
                0x000000000800571c                TIM7_IRQHandler
                0x000000000800571c                SDMMC1_IRQHandler
                0x000000000800571c                CAN2_TX_IRQHandler
                0x000000000800571c                TIM5_IRQHandler
                0x000000000800571c                DMA2_Stream7_IRQHandler
                0x000000000800571c                I2C3_EV_IRQHandler
                0x000000000800571c                EXTI9_5_IRQHandler
                0x000000000800571c                RTC_WKUP_IRQHandler
                0x000000000800571c                ETH_WKUP_IRQHandler
                0x000000000800571c                SPDIF_RX_IRQHandler
                0x000000000800571c                SPI2_IRQHandler
                0x000000000800571c                OTG_HS_EP1_IN_IRQHandler
                0x000000000800571c                DMA1_Stream0_IRQHandler
                0x000000000800571c                CAN1_TX_IRQHandler
                0x000000000800571c                EXTI4_IRQHandler
                0x000000000800571c                RNG_IRQHandler
                0x000000000800571c                ETH_IRQHandler
                0x000000000800571c                OTG_HS_EP1_OUT_IRQHandler
                0x000000000800571c                WWDG_IRQHandler
                0x000000000800571c                SPI6_IRQHandler
                0x000000000800571c                I2C4_EV_IRQHandler
                0x000000000800571c                TIM2_IRQHandler
                0x000000000800571c                OTG_FS_WKUP_IRQHandler
                0x000000000800571c                TIM1_TRG_COM_TIM11_IRQHandler
                0x000000000800571c                OTG_HS_IRQHandler
                0x000000000800571c                EXTI1_IRQHandler
                0x000000000800571c                UART7_IRQHandler
                0x000000000800571c                USART2_IRQHandler
                0x000000000800571c                I2C2_ER_IRQHandler
                0x000000000800571c                DMA2_Stream1_IRQHandler
                0x000000000800571c                CAN1_SCE_IRQHandler
                0x000000000800571c                FLASH_IRQHandler
                0x000000000800571c                DMA2_Stream4_IRQHandler
                0x000000000800571c                OTG_FS_IRQHandler
                0x000000000800571c                SPI3_IRQHandler
                0x000000000800571c                DMA1_Stream4_IRQHandler
                0x000000000800571c                I2C1_ER_IRQHandler
                0x000000000800571c                FMC_IRQHandler
                0x000000000800571c                LPTIM1_IRQHandler
                0x000000000800571c                I2C4_ER_IRQHandler
                0x000000000800571c                DMA2_Stream6_IRQHandler
                0x000000000800571c                SAI1_IRQHandler
                0x000000000800571c                DMA1_Stream3_IRQHandler
 .text.HAL_Init
                0x000000000800571e       0x1a ./Drivers/STM32F7xx_HAL_Driver/Src/stm32f7xx_hal.o
                0x000000000800571e                HAL_Init
 .text.HAL_IncTick
                0x0000000008005738       0x28 ./Drivers/STM32F7xx_HAL_Driver/Src/stm32f7xx_hal.o
                0x0000000008005738                HAL_IncTick
 .text.HAL_GetTick
                0x0000000008005760       0x18 ./Drivers/STM32F7xx_HAL_Driver/Src/stm32f7xx_hal.o
                0x0000000008005760                HAL_GetTick
 .text.HAL_Delay
                0x0000000008005778       0x48 ./Drivers/STM32F7xx_HAL_Driver/Src/stm32f7xx_hal.o
                0x0000000008005778                HAL_Delay
 .text.HAL_ADC_Init
                0x00000000080057c0       0x88 ./Drivers/STM32F7xx_HAL_Driver/Src/stm32f7xx_hal_adc.o
                0x00000000080057c0                HAL_ADC_Init
 .text.HAL_ADC_Start
                0x0000000008005848      0x19c ./Drivers/STM32F7xx_HAL_Driver/Src/stm32f7xx_hal_adc.o
                0x0000000008005848                HAL_ADC_Start
 .text.HAL_ADC_PollForConversion
                0x00000000080059e4      0x116 ./Drivers/STM32F7xx_HAL_Driver/Src/stm32f7xx_hal_adc.o
                0x00000000080059e4                HAL_ADC_PollForConversion
 .text.HAL_ADC_IRQHandler
                0x0000000008005afa      0x220 ./Drivers/STM32F7xx_HAL_Driver/Src/stm32f7xx_hal_adc.o
                0x0000000008005afa                HAL_ADC_IRQHandler
 .text.HAL_ADC_GetValue
                0x0000000008005d1a       0x1a ./Drivers/STM32F7xx_HAL_Driver/Src/stm32f7xx_hal_adc.o
                0x0000000008005d1a                HAL_ADC_GetValue
 .text.HAL_ADC_ConvCpltCallback
                0x0000000008005d34       0x14 ./Drivers/STM32F7xx_HAL_Driver/Src/stm32f7xx_hal_adc.o
                0x0000000008005d34                HAL_ADC_ConvCpltCallback
 .text.HAL_ADC_LevelOutOfWindowCallback
                0x0000000008005d48       0x14 ./Drivers/STM32F7xx_HAL_Driver/Src/stm32f7xx_hal_adc.o
                0x0000000008005d48                HAL_ADC_LevelOutOfWindowCallback
 .text.HAL_ADC_ErrorCallback
                0x0000000008005d5c       0x14 ./Drivers/STM32F7xx_HAL_Driver/Src/stm32f7xx_hal_adc.o
                0x0000000008005d5c                HAL_ADC_ErrorCallback
 .text.HAL_ADC_ConfigChannel
                0x0000000008005d70      0x2ac ./Drivers/STM32F7xx_HAL_Driver/Src/stm32f7xx_hal_adc.o
                0x0000000008005d70                HAL_ADC_ConfigChannel
 .text.ADC_Init
                0x000000000800601c      0x1f4 ./Drivers/STM32F7xx_HAL_Driver/Src/stm32f7xx_hal_adc.o
 .text.HAL_ADCEx_InjectedConvCpltCallback
                0x0000000008006210       0x14 ./Drivers/STM32F7xx_HAL_Driver/Src/stm32f7xx_hal_adc_ex.o
                0x0000000008006210                HAL_ADCEx_InjectedConvCpltCallback
 .text.__NVIC_SetPriorityGrouping
                0x0000000008006224       0x48 ./Drivers/STM32F7xx_HAL_Driver/Src/stm32f7xx_hal_cortex.o
 .text.__NVIC_GetPriorityGrouping
                0x000000000800626c       0x1c ./Drivers/STM32F7xx_HAL_Driver/Src/stm32f7xx_hal_cortex.o
 .text.__NVIC_EnableIRQ
                0x0000000008006288       0x3c ./Drivers/STM32F7xx_HAL_Driver/Src/stm32f7xx_hal_cortex.o
 .text.__NVIC_SetPriority
                0x00000000080062c4       0x54 ./Drivers/STM32F7xx_HAL_Driver/Src/stm32f7xx_hal_cortex.o
 .text.NVIC_EncodePriority
                0x0000000008006318       0x66 ./Drivers/STM32F7xx_HAL_Driver/Src/stm32f7xx_hal_cortex.o
 .text.HAL_NVIC_SetPriorityGrouping
                0x000000000800637e       0x16 ./Drivers/STM32F7xx_HAL_Driver/Src/stm32f7xx_hal_cortex.o
                0x000000000800637e                HAL_NVIC_SetPriorityGrouping
 .text.HAL_NVIC_SetPriority
                0x0000000008006394       0x38 ./Drivers/STM32F7xx_HAL_Driver/Src/stm32f7xx_hal_cortex.o
                0x0000000008006394                HAL_NVIC_SetPriority
 .text.HAL_NVIC_EnableIRQ
                0x00000000080063cc       0x1c ./Drivers/STM32F7xx_HAL_Driver/Src/stm32f7xx_hal_cortex.o
                0x00000000080063cc                HAL_NVIC_EnableIRQ
 .text.HAL_DAC_Init
                0x00000000080063e8       0x44 ./Drivers/STM32F7xx_HAL_Driver/Src/stm32f7xx_hal_dac.o
                0x00000000080063e8                HAL_DAC_Init
 .text.HAL_DAC_IRQHandler
                0x000000000800642c       0xb4 ./Drivers/STM32F7xx_HAL_Driver/Src/stm32f7xx_hal_dac.o
                0x000000000800642c                HAL_DAC_IRQHandler
 .text.HAL_DAC_DMAUnderrunCallbackCh1
                0x00000000080064e0       0x14 ./Drivers/STM32F7xx_HAL_Driver/Src/stm32f7xx_hal_dac.o
                0x00000000080064e0                HAL_DAC_DMAUnderrunCallbackCh1
 .text.HAL_DAC_ConfigChannel
                0x00000000080064f4       0x9e ./Drivers/STM32F7xx_HAL_Driver/Src/stm32f7xx_hal_dac.o
                0x00000000080064f4                HAL_DAC_ConfigChannel
 .text.HAL_DACEx_DMAUnderrunCallbackCh2
                0x0000000008006592       0x14 ./Drivers/STM32F7xx_HAL_Driver/Src/stm32f7xx_hal_dac_ex.o
                0x0000000008006592                HAL_DACEx_DMAUnderrunCallbackCh2
 *fill*         0x00000000080065a6        0x2 
 .text.HAL_DMA_Init
                0x00000000080065a8      0x15c ./Drivers/STM32F7xx_HAL_Driver/Src/stm32f7xx_hal_dma.o
                0x00000000080065a8                HAL_DMA_Init
 .text.HAL_DMA_DeInit
                0x0000000008006704       0xbc ./Drivers/STM32F7xx_HAL_Driver/Src/stm32f7xx_hal_dma.o
                0x0000000008006704                HAL_DMA_DeInit
 .text.HAL_DMA_Abort
                0x00000000080067c0       0xe0 ./Drivers/STM32F7xx_HAL_Driver/Src/stm32f7xx_hal_dma.o
                0x00000000080067c0                HAL_DMA_Abort
 .text.HAL_DMA_Abort_IT
                0x00000000080068a0       0x44 ./Drivers/STM32F7xx_HAL_Driver/Src/stm32f7xx_hal_dma.o
                0x00000000080068a0                HAL_DMA_Abort_IT
 .text.DMA_CalcBaseAndBitshift
                0x00000000080068e4       0x6c ./Drivers/STM32F7xx_HAL_Driver/Src/stm32f7xx_hal_dma.o
 .text.DMA_CheckFifoParam
                0x0000000008006950       0xf8 ./Drivers/STM32F7xx_HAL_Driver/Src/stm32f7xx_hal_dma.o
 .text.HAL_DMA2D_Init
                0x0000000008006a48       0x94 ./Drivers/STM32F7xx_HAL_Driver/Src/stm32f7xx_hal_dma2d.o
                0x0000000008006a48                HAL_DMA2D_Init
 .text.HAL_DMA2D_Start
                0x0000000008006adc       0x56 ./Drivers/STM32F7xx_HAL_Driver/Src/stm32f7xx_hal_dma2d.o
                0x0000000008006adc                HAL_DMA2D_Start
 .text.HAL_DMA2D_PollForTransfer
                0x0000000008006b32      0x1d2 ./Drivers/STM32F7xx_HAL_Driver/Src/stm32f7xx_hal_dma2d.o
                0x0000000008006b32                HAL_DMA2D_PollForTransfer
 .text.HAL_DMA2D_IRQHandler
                0x0000000008006d04      0x1f8 ./Drivers/STM32F7xx_HAL_Driver/Src/stm32f7xx_hal_dma2d.o
                0x0000000008006d04                HAL_DMA2D_IRQHandler
 .text.HAL_DMA2D_LineEventCallback
                0x0000000008006efc       0x14 ./Drivers/STM32F7xx_HAL_Driver/Src/stm32f7xx_hal_dma2d.o
                0x0000000008006efc                HAL_DMA2D_LineEventCallback
 .text.HAL_DMA2D_CLUTLoadingCpltCallback
                0x0000000008006f10       0x14 ./Drivers/STM32F7xx_HAL_Driver/Src/stm32f7xx_hal_dma2d.o
                0x0000000008006f10                HAL_DMA2D_CLUTLoadingCpltCallback
 .text.HAL_DMA2D_ConfigLayer
                0x0000000008006f24      0x124 ./Drivers/STM32F7xx_HAL_Driver/Src/stm32f7xx_hal_dma2d.o
                0x0000000008006f24                HAL_DMA2D_ConfigLayer
 .text.DMA2D_SetConfig
                0x0000000008007048      0x138 ./Drivers/STM32F7xx_HAL_Driver/Src/stm32f7xx_hal_dma2d.o
 .text.HAL_GPIO_Init
                0x0000000008007180      0x358 ./Drivers/STM32F7xx_HAL_Driver/Src/stm32f7xx_hal_gpio.o
                0x0000000008007180                HAL_GPIO_Init
 .text.HAL_GPIO_DeInit
                0x00000000080074d8      0x218 ./Drivers/STM32F7xx_HAL_Driver/Src/stm32f7xx_hal_gpio.o
                0x00000000080074d8                HAL_GPIO_DeInit
 .text.HAL_GPIO_ReadPin
                0x00000000080076f0       0x30 ./Drivers/STM32F7xx_HAL_Driver/Src/stm32f7xx_hal_gpio.o
                0x00000000080076f0                HAL_GPIO_ReadPin
 .text.HAL_GPIO_WritePin
                0x0000000008007720       0x32 ./Drivers/STM32F7xx_HAL_Driver/Src/stm32f7xx_hal_gpio.o
                0x0000000008007720                HAL_GPIO_WritePin
 *fill*         0x0000000008007752        0x2 
 .text.HAL_I2C_Init
                0x0000000008007754      0x120 ./Drivers/STM32F7xx_HAL_Driver/Src/stm32f7xx_hal_i2c.o
                0x0000000008007754                HAL_I2C_Init
 .text.HAL_I2C_DeInit
                0x0000000008007874       0x5e ./Drivers/STM32F7xx_HAL_Driver/Src/stm32f7xx_hal_i2c.o
                0x0000000008007874                HAL_I2C_DeInit
 *fill*         0x00000000080078d2        0x2 
 .text.HAL_I2C_Mem_Write
                0x00000000080078d4      0x228 ./Drivers/STM32F7xx_HAL_Driver/Src/stm32f7xx_hal_i2c.o
                0x00000000080078d4                HAL_I2C_Mem_Write
 .text.HAL_I2C_Mem_Read
                0x0000000008007afc      0x234 ./Drivers/STM32F7xx_HAL_Driver/Src/stm32f7xx_hal_i2c.o
                0x0000000008007afc                HAL_I2C_Mem_Read
 .text.HAL_I2C_GetState
                0x0000000008007d30       0x1c ./Drivers/STM32F7xx_HAL_Driver/Src/stm32f7xx_hal_i2c.o
                0x0000000008007d30                HAL_I2C_GetState
 .text.I2C_RequestMemoryWrite
                0x0000000008007d4c       0xa8 ./Drivers/STM32F7xx_HAL_Driver/Src/stm32f7xx_hal_i2c.o
 .text.I2C_RequestMemoryRead
                0x0000000008007df4       0xa8 ./Drivers/STM32F7xx_HAL_Driver/Src/stm32f7xx_hal_i2c.o
 .text.I2C_Flush_TXDR
                0x0000000008007e9c       0x48 ./Drivers/STM32F7xx_HAL_Driver/Src/stm32f7xx_hal_i2c.o
 .text.I2C_WaitOnFlagUntilTimeout
                0x0000000008007ee4       0x80 ./Drivers/STM32F7xx_HAL_Driver/Src/stm32f7xx_hal_i2c.o
 .text.I2C_WaitOnTXISFlagUntilTimeout
                0x0000000008007f64       0x80 ./Drivers/STM32F7xx_HAL_Driver/Src/stm32f7xx_hal_i2c.o
 .text.I2C_WaitOnSTOPFlagUntilTimeout
                0x0000000008007fe4       0x78 ./Drivers/STM32F7xx_HAL_Driver/Src/stm32f7xx_hal_i2c.o
 .text.I2C_IsErrorOccurred
                0x000000000800805c      0x1d8 ./Drivers/STM32F7xx_HAL_Driver/Src/stm32f7xx_hal_i2c.o
 .text.I2C_TransferConfig
                0x0000000008008234       0x64 ./Drivers/STM32F7xx_HAL_Driver/Src/stm32f7xx_hal_i2c.o
 .text.HAL_I2CEx_ConfigAnalogFilter
                0x0000000008008298       0x96 ./Drivers/STM32F7xx_HAL_Driver/Src/stm32f7xx_hal_i2c_ex.o
                0x0000000008008298                HAL_I2CEx_ConfigAnalogFilter
 .text.HAL_I2CEx_ConfigDigitalFilter
                0x000000000800832e       0x98 ./Drivers/STM32F7xx_HAL_Driver/Src/stm32f7xx_hal_i2c_ex.o
                0x000000000800832e                HAL_I2CEx_ConfigDigitalFilter
 *fill*         0x00000000080083c6        0x2 
 .text.HAL_LTDC_Init
                0x00000000080083c8      0x1a0 ./Drivers/STM32F7xx_HAL_Driver/Src/stm32f7xx_hal_ltdc.o
                0x00000000080083c8                HAL_LTDC_Init
 .text.HAL_LTDC_IRQHandler
                0x0000000008008568      0x148 ./Drivers/STM32F7xx_HAL_Driver/Src/stm32f7xx_hal_ltdc.o
                0x0000000008008568                HAL_LTDC_IRQHandler
 .text.HAL_LTDC_ErrorCallback
                0x00000000080086b0       0x14 ./Drivers/STM32F7xx_HAL_Driver/Src/stm32f7xx_hal_ltdc.o
                0x00000000080086b0                HAL_LTDC_ErrorCallback
 .text.HAL_LTDC_LineEventCallback
                0x00000000080086c4       0x14 ./Drivers/STM32F7xx_HAL_Driver/Src/stm32f7xx_hal_ltdc.o
                0x00000000080086c4                HAL_LTDC_LineEventCallback
 .text.HAL_LTDC_ReloadEventCallback
                0x00000000080086d8       0x14 ./Drivers/STM32F7xx_HAL_Driver/Src/stm32f7xx_hal_ltdc.o
                0x00000000080086d8                HAL_LTDC_ReloadEventCallback
 .text.HAL_LTDC_ConfigLayer
                0x00000000080086ec       0x7c ./Drivers/STM32F7xx_HAL_Driver/Src/stm32f7xx_hal_ltdc.o
                0x00000000080086ec                HAL_LTDC_ConfigLayer
 .text.HAL_LTDC_GetState
                0x0000000008008768       0x1c ./Drivers/STM32F7xx_HAL_Driver/Src/stm32f7xx_hal_ltdc.o
                0x0000000008008768                HAL_LTDC_GetState
 .text.LTDC_SetConfig
                0x0000000008008784      0x334 ./Drivers/STM32F7xx_HAL_Driver/Src/stm32f7xx_hal_ltdc.o
 .text.HAL_PWR_EnableBkUpAccess
                0x0000000008008ab8       0x20 ./Drivers/STM32F7xx_HAL_Driver/Src/stm32f7xx_hal_pwr.o
                0x0000000008008ab8                HAL_PWR_EnableBkUpAccess
 .text.HAL_PWREx_EnableOverDrive
                0x0000000008008ad8       0xa0 ./Drivers/STM32F7xx_HAL_Driver/Src/stm32f7xx_hal_pwr_ex.o
                0x0000000008008ad8                HAL_PWREx_EnableOverDrive
 .text.HAL_RCC_OscConfig
                0x0000000008008b78      0x548 ./Drivers/STM32F7xx_HAL_Driver/Src/stm32f7xx_hal_rcc.o
                0x0000000008008b78                HAL_RCC_OscConfig
 .text.HAL_RCC_ClockConfig
                0x00000000080090c0      0x1d8 ./Drivers/STM32F7xx_HAL_Driver/Src/stm32f7xx_hal_rcc.o
                0x00000000080090c0                HAL_RCC_ClockConfig
 .text.HAL_RCC_GetSysClockFreq
                0x0000000008009298      0x18c ./Drivers/STM32F7xx_HAL_Driver/Src/stm32f7xx_hal_rcc.o
                0x0000000008009298                HAL_RCC_GetSysClockFreq
 .text.HAL_RCC_GetHCLKFreq
                0x0000000008009424       0x18 ./Drivers/STM32F7xx_HAL_Driver/Src/stm32f7xx_hal_rcc.o
                0x0000000008009424                HAL_RCC_GetHCLKFreq
 .text.HAL_RCC_GetPCLK1Freq
                0x000000000800943c       0x28 ./Drivers/STM32F7xx_HAL_Driver/Src/stm32f7xx_hal_rcc.o
                0x000000000800943c                HAL_RCC_GetPCLK1Freq
 .text.HAL_RCC_GetPCLK2Freq
                0x0000000008009464       0x28 ./Drivers/STM32F7xx_HAL_Driver/Src/stm32f7xx_hal_rcc.o
                0x0000000008009464                HAL_RCC_GetPCLK2Freq
 .text.HAL_RCC_GetClockConfig
                0x000000000800948c       0x64 ./Drivers/STM32F7xx_HAL_Driver/Src/stm32f7xx_hal_rcc.o
                0x000000000800948c                HAL_RCC_GetClockConfig
 .text.HAL_RCCEx_PeriphCLKConfig
                0x00000000080094f0      0x7e0 ./Drivers/STM32F7xx_HAL_Driver/Src/stm32f7xx_hal_rcc_ex.o
                0x00000000080094f0                HAL_RCCEx_PeriphCLKConfig
 .text.HAL_RTC_Init
                0x0000000008009cd0      0x124 ./Drivers/STM32F7xx_HAL_Driver/Src/stm32f7xx_hal_rtc.o
                0x0000000008009cd0                HAL_RTC_Init
 .text.HAL_RTC_SetTime
                0x0000000008009df4      0x17c ./Drivers/STM32F7xx_HAL_Driver/Src/stm32f7xx_hal_rtc.o
                0x0000000008009df4                HAL_RTC_SetTime
 .text.HAL_RTC_SetDate
                0x0000000008009f70      0x150 ./Drivers/STM32F7xx_HAL_Driver/Src/stm32f7xx_hal_rtc.o
                0x0000000008009f70                HAL_RTC_SetDate
 .text.HAL_RTC_SetAlarm
                0x000000000800a0c0      0x230 ./Drivers/STM32F7xx_HAL_Driver/Src/stm32f7xx_hal_rtc.o
                0x000000000800a0c0                HAL_RTC_SetAlarm
 .text.HAL_RTC_WaitForSynchro
                0x000000000800a2f0       0x50 ./Drivers/STM32F7xx_HAL_Driver/Src/stm32f7xx_hal_rtc.o
                0x000000000800a2f0                HAL_RTC_WaitForSynchro
 .text.RTC_EnterInitMode
                0x000000000800a340       0x58 ./Drivers/STM32F7xx_HAL_Driver/Src/stm32f7xx_hal_rtc.o
                0x000000000800a340                RTC_EnterInitMode
 .text.RTC_ByteToBcd2
                0x000000000800a398       0x3c ./Drivers/STM32F7xx_HAL_Driver/Src/stm32f7xx_hal_rtc.o
                0x000000000800a398                RTC_ByteToBcd2
 .text.HAL_RTCEx_SetTimeStamp
                0x000000000800a3d4       0xac ./Drivers/STM32F7xx_HAL_Driver/Src/stm32f7xx_hal_rtc_ex.o
                0x000000000800a3d4                HAL_RTCEx_SetTimeStamp
 .text.HAL_SDRAM_Init
                0x000000000800a480       0x68 ./Drivers/STM32F7xx_HAL_Driver/Src/stm32f7xx_hal_sdram.o
                0x000000000800a480                HAL_SDRAM_Init
 .text.HAL_SDRAM_SendCommand
                0x000000000800a4e8       0x6a ./Drivers/STM32F7xx_HAL_Driver/Src/stm32f7xx_hal_sdram.o
                0x000000000800a4e8                HAL_SDRAM_SendCommand
 .text.HAL_SDRAM_ProgramRefreshRate
                0x000000000800a552       0x50 ./Drivers/STM32F7xx_HAL_Driver/Src/stm32f7xx_hal_sdram.o
                0x000000000800a552                HAL_SDRAM_ProgramRefreshRate
 .text.HAL_SPI_Init
                0x000000000800a5a2      0x156 ./Drivers/STM32F7xx_HAL_Driver/Src/stm32f7xx_hal_spi.o
                0x000000000800a5a2                HAL_SPI_Init
 .text.HAL_TIM_Base_Init
                0x000000000800a6f8       0xae ./Drivers/STM32F7xx_HAL_Driver/Src/stm32f7xx_hal_tim.o
                0x000000000800a6f8                HAL_TIM_Base_Init
 *fill*         0x000000000800a7a6        0x2 
 .text.HAL_TIM_Base_Start_IT
                0x000000000800a7a8       0xf0 ./Drivers/STM32F7xx_HAL_Driver/Src/stm32f7xx_hal_tim.o
                0x000000000800a7a8                HAL_TIM_Base_Start_IT
 .text.HAL_TIM_IRQHandler
                0x000000000800a898      0x23e ./Drivers/STM32F7xx_HAL_Driver/Src/stm32f7xx_hal_tim.o
                0x000000000800a898                HAL_TIM_IRQHandler
 *fill*         0x000000000800aad6        0x2 
 .text.HAL_TIM_ConfigClockSource
                0x000000000800aad8      0x194 ./Drivers/STM32F7xx_HAL_Driver/Src/stm32f7xx_hal_tim.o
                0x000000000800aad8                HAL_TIM_ConfigClockSource
 .text.HAL_TIM_OC_DelayElapsedCallback
                0x000000000800ac6c       0x14 ./Drivers/STM32F7xx_HAL_Driver/Src/stm32f7xx_hal_tim.o
                0x000000000800ac6c                HAL_TIM_OC_DelayElapsedCallback
 .text.HAL_TIM_IC_CaptureCallback
                0x000000000800ac80       0x14 ./Drivers/STM32F7xx_HAL_Driver/Src/stm32f7xx_hal_tim.o
                0x000000000800ac80                HAL_TIM_IC_CaptureCallback
 .text.HAL_TIM_PWM_PulseFinishedCallback
                0x000000000800ac94       0x14 ./Drivers/STM32F7xx_HAL_Driver/Src/stm32f7xx_hal_tim.o
                0x000000000800ac94                HAL_TIM_PWM_PulseFinishedCallback
 .text.HAL_TIM_TriggerCallback
                0x000000000800aca8       0x14 ./Drivers/STM32F7xx_HAL_Driver/Src/stm32f7xx_hal_tim.o
                0x000000000800aca8                HAL_TIM_TriggerCallback
 .text.TIM_Base_SetConfig
                0x000000000800acbc      0x140 ./Drivers/STM32F7xx_HAL_Driver/Src/stm32f7xx_hal_tim.o
                0x000000000800acbc                TIM_Base_SetConfig
 .text.TIM_TI1_ConfigInputStage
                0x000000000800adfc       0x5e ./Drivers/STM32F7xx_HAL_Driver/Src/stm32f7xx_hal_tim.o
 .text.TIM_TI2_ConfigInputStage
                0x000000000800ae5a       0x60 ./Drivers/STM32F7xx_HAL_Driver/Src/stm32f7xx_hal_tim.o
 .text.TIM_ITRx_SetConfig
                0x000000000800aeba       0x36 ./Drivers/STM32F7xx_HAL_Driver/Src/stm32f7xx_hal_tim.o
 .text.TIM_ETR_SetConfig
                0x000000000800aef0       0x40 ./Drivers/STM32F7xx_HAL_Driver/Src/stm32f7xx_hal_tim.o
                0x000000000800aef0                TIM_ETR_SetConfig
 .text.HAL_TIMEx_MasterConfigSynchronization
                0x000000000800af30      0x11c ./Drivers/STM32F7xx_HAL_Driver/Src/stm32f7xx_hal_tim_ex.o
                0x000000000800af30                HAL_TIMEx_MasterConfigSynchronization
 .text.HAL_TIMEx_CommutCallback
                0x000000000800b04c       0x14 ./Drivers/STM32F7xx_HAL_Driver/Src/stm32f7xx_hal_tim_ex.o
                0x000000000800b04c                HAL_TIMEx_CommutCallback
 .text.HAL_TIMEx_BreakCallback
                0x000000000800b060       0x14 ./Drivers/STM32F7xx_HAL_Driver/Src/stm32f7xx_hal_tim_ex.o
                0x000000000800b060                HAL_TIMEx_BreakCallback
 .text.HAL_TIMEx_Break2Callback
                0x000000000800b074       0x14 ./Drivers/STM32F7xx_HAL_Driver/Src/stm32f7xx_hal_tim_ex.o
                0x000000000800b074                HAL_TIMEx_Break2Callback
 .text.HAL_UART_Init
                0x000000000800b088       0x9c ./Drivers/STM32F7xx_HAL_Driver/Src/stm32f7xx_hal_uart.o
                0x000000000800b088                HAL_UART_Init
 .text.HAL_UART_Receive_IT
                0x000000000800b124       0x9c ./Drivers/STM32F7xx_HAL_Driver/Src/stm32f7xx_hal_uart.o
                0x000000000800b124                HAL_UART_Receive_IT
 .text.HAL_UART_IRQHandler
                0x000000000800b1c0      0x594 ./Drivers/STM32F7xx_HAL_Driver/Src/stm32f7xx_hal_uart.o
                0x000000000800b1c0                HAL_UART_IRQHandler
 .text.HAL_UART_TxCpltCallback
                0x000000000800b754       0x14 ./Drivers/STM32F7xx_HAL_Driver/Src/stm32f7xx_hal_uart.o
                0x000000000800b754                HAL_UART_TxCpltCallback
 .text.HAL_UART_ErrorCallback
                0x000000000800b768       0x14 ./Drivers/STM32F7xx_HAL_Driver/Src/stm32f7xx_hal_uart.o
                0x000000000800b768                HAL_UART_ErrorCallback
 .text.HAL_UARTEx_RxEventCallback
                0x000000000800b77c       0x18 ./Drivers/STM32F7xx_HAL_Driver/Src/stm32f7xx_hal_uart.o
                0x000000000800b77c                HAL_UARTEx_RxEventCallback
 .text.UART_SetConfig
                0x000000000800b794      0x4c8 ./Drivers/STM32F7xx_HAL_Driver/Src/stm32f7xx_hal_uart.o
                0x000000000800b794                UART_SetConfig
 .text.UART_AdvFeatureConfig
                0x000000000800bc5c      0x144 ./Drivers/STM32F7xx_HAL_Driver/Src/stm32f7xx_hal_uart.o
                0x000000000800bc5c                UART_AdvFeatureConfig
 .text.UART_CheckIdleState
                0x000000000800bda0       0x66 ./Drivers/STM32F7xx_HAL_Driver/Src/stm32f7xx_hal_uart.o
                0x000000000800bda0                UART_CheckIdleState
 .text.UART_WaitOnFlagUntilTimeout
                0x000000000800be06      0x188 ./Drivers/STM32F7xx_HAL_Driver/Src/stm32f7xx_hal_uart.o
                0x000000000800be06                UART_WaitOnFlagUntilTimeout
 *fill*         0x000000000800bf8e        0x2 
 .text.UART_Start_Receive_IT
                0x000000000800bf90      0x194 ./Drivers/STM32F7xx_HAL_Driver/Src/stm32f7xx_hal_uart.o
                0x000000000800bf90                UART_Start_Receive_IT
 .text.UART_EndRxTransfer
                0x000000000800c124       0xc6 ./Drivers/STM32F7xx_HAL_Driver/Src/stm32f7xx_hal_uart.o
 .text.UART_DMAAbortOnError
                0x000000000800c1ea       0x2c ./Drivers/STM32F7xx_HAL_Driver/Src/stm32f7xx_hal_uart.o
 .text.UART_EndTransmit_IT
                0x000000000800c216       0x54 ./Drivers/STM32F7xx_HAL_Driver/Src/stm32f7xx_hal_uart.o
 .text.UART_RxISR_8BIT
                0x000000000800c26a      0x15c ./Drivers/STM32F7xx_HAL_Driver/Src/stm32f7xx_hal_uart.o
 .text.UART_RxISR_16BIT
                0x000000000800c3c6      0x15c ./Drivers/STM32F7xx_HAL_Driver/Src/stm32f7xx_hal_uart.o
 *fill*         0x000000000800c522        0x2 
 .text.FMC_SDRAM_Init
                0x000000000800c524       0xb8 ./Drivers/STM32F7xx_HAL_Driver/Src/stm32f7xx_ll_fmc.o
                0x000000000800c524                FMC_SDRAM_Init
 .text.FMC_SDRAM_Timing_Init
                0x000000000800c5dc       0xd4 ./Drivers/STM32F7xx_HAL_Driver/Src/stm32f7xx_ll_fmc.o
                0x000000000800c5dc                FMC_SDRAM_Timing_Init
 .text.FMC_SDRAM_SendCommand
                0x000000000800c6b0       0x48 ./Drivers/STM32F7xx_HAL_Driver/Src/stm32f7xx_ll_fmc.o
                0x000000000800c6b0                FMC_SDRAM_SendCommand
 .text.FMC_SDRAM_ProgramRefreshRate
                0x000000000800c6f8       0x30 ./Drivers/STM32F7xx_HAL_Driver/Src/stm32f7xx_ll_fmc.o
                0x000000000800c6f8                FMC_SDRAM_ProgramRefreshRate
 .text.makeFreeRtosPriority
                0x000000000800c728       0x30 ./Middlewares/Third_Party/FreeRTOS/Source/CMSIS_RTOS/cmsis_os.o
 .text.inHandlerMode
                0x000000000800c758       0x24 ./Middlewares/Third_Party/FreeRTOS/Source/CMSIS_RTOS/cmsis_os.o
 .text.osKernelStart
                0x000000000800c77c        0xe ./Middlewares/Third_Party/FreeRTOS/Source/CMSIS_RTOS/cmsis_os.o
                0x000000000800c77c                osKernelStart
 .text.osThreadCreate
                0x000000000800c78a       0x98 ./Middlewares/Third_Party/FreeRTOS/Source/CMSIS_RTOS/cmsis_os.o
                0x000000000800c78a                osThreadCreate
 .text.osDelay  0x000000000800c822       0x28 ./Middlewares/Third_Party/FreeRTOS/Source/CMSIS_RTOS/cmsis_os.o
                0x000000000800c822                osDelay
 .text.osMutexCreate
                0x000000000800c84a       0x30 ./Middlewares/Third_Party/FreeRTOS/Source/CMSIS_RTOS/cmsis_os.o
                0x000000000800c84a                osMutexCreate
 *fill*         0x000000000800c87a        0x2 
 .text.osMutexWait
                0x000000000800c87c       0x9c ./Middlewares/Third_Party/FreeRTOS/Source/CMSIS_RTOS/cmsis_os.o
                0x000000000800c87c                osMutexWait
 .text.osMutexRelease
                0x000000000800c918       0x6c ./Middlewares/Third_Party/FreeRTOS/Source/CMSIS_RTOS/cmsis_os.o
                0x000000000800c918                osMutexRelease
 .text.osMessageCreate
                0x000000000800c984       0x50 ./Middlewares/Third_Party/FreeRTOS/Source/CMSIS_RTOS/cmsis_os.o
                0x000000000800c984                osMessageCreate
 .text.vListInitialise
                0x000000000800c9d4       0x40 ./Middlewares/Third_Party/FreeRTOS/Source/list.o
                0x000000000800c9d4                vListInitialise
 .text.vListInitialiseItem
                0x000000000800ca14       0x1a ./Middlewares/Third_Party/FreeRTOS/Source/list.o
                0x000000000800ca14                vListInitialiseItem
 .text.vListInsertEnd
                0x000000000800ca2e       0x48 ./Middlewares/Third_Party/FreeRTOS/Source/list.o
                0x000000000800ca2e                vListInsertEnd
 .text.vListInsert
                0x000000000800ca76       0x72 ./Middlewares/Third_Party/FreeRTOS/Source/list.o
                0x000000000800ca76                vListInsert
 .text.uxListRemove
                0x000000000800cae8       0x54 ./Middlewares/Third_Party/FreeRTOS/Source/list.o
                0x000000000800cae8                uxListRemove
 .text.xQueueGenericReset
                0x000000000800cb3c       0xd4 ./Middlewares/Third_Party/FreeRTOS/Source/queue.o
                0x000000000800cb3c                xQueueGenericReset
 .text.xQueueGenericCreateStatic
                0x000000000800cc10      0x104 ./Middlewares/Third_Party/FreeRTOS/Source/queue.o
                0x000000000800cc10                xQueueGenericCreateStatic
 .text.xQueueGenericCreate
                0x000000000800cd14       0x84 ./Middlewares/Third_Party/FreeRTOS/Source/queue.o
                0x000000000800cd14                xQueueGenericCreate
 .text.prvInitialiseNewQueue
                0x000000000800cd98       0x3e ./Middlewares/Third_Party/FreeRTOS/Source/queue.o
 .text.prvInitialiseMutex
                0x000000000800cdd6       0x34 ./Middlewares/Third_Party/FreeRTOS/Source/queue.o
 .text.xQueueCreateMutex
                0x000000000800ce0a       0x30 ./Middlewares/Third_Party/FreeRTOS/Source/queue.o
                0x000000000800ce0a                xQueueCreateMutex
 .text.xQueueCreateMutexStatic
                0x000000000800ce3a       0x36 ./Middlewares/Third_Party/FreeRTOS/Source/queue.o
                0x000000000800ce3a                xQueueCreateMutexStatic
 .text.xQueueGenericSend
                0x000000000800ce70      0x20c ./Middlewares/Third_Party/FreeRTOS/Source/queue.o
                0x000000000800ce70                xQueueGenericSend
 .text.xQueueGenericSendFromISR
                0x000000000800d07c      0x140 ./Middlewares/Third_Party/FreeRTOS/Source/queue.o
                0x000000000800d07c                xQueueGenericSendFromISR
 .text.xQueueGiveFromISR
                0x000000000800d1bc      0x12a ./Middlewares/Third_Party/FreeRTOS/Source/queue.o
                0x000000000800d1bc                xQueueGiveFromISR
 *fill*         0x000000000800d2e6        0x2 
 .text.xQueueReceive
                0x000000000800d2e8      0x1cc ./Middlewares/Third_Party/FreeRTOS/Source/queue.o
                0x000000000800d2e8                xQueueReceive
 .text.xQueueSemaphoreTake
                0x000000000800d4b4      0x228 ./Middlewares/Third_Party/FreeRTOS/Source/queue.o
                0x000000000800d4b4                xQueueSemaphoreTake
 .text.xQueueReceiveFromISR
                0x000000000800d6dc      0x10c ./Middlewares/Third_Party/FreeRTOS/Source/queue.o
                0x000000000800d6dc                xQueueReceiveFromISR
 .text.prvGetDisinheritPriorityAfterTimeout
                0x000000000800d7e8       0x30 ./Middlewares/Third_Party/FreeRTOS/Source/queue.o
 .text.prvCopyDataToQueue
                0x000000000800d818       0xd4 ./Middlewares/Third_Party/FreeRTOS/Source/queue.o
 .text.prvCopyDataFromQueue
                0x000000000800d8ec       0x4c ./Middlewares/Third_Party/FreeRTOS/Source/queue.o
 .text.prvUnlockQueue
                0x000000000800d938       0xa4 ./Middlewares/Third_Party/FreeRTOS/Source/queue.o
 .text.prvIsQueueEmpty
                0x000000000800d9dc       0x2c ./Middlewares/Third_Party/FreeRTOS/Source/queue.o
 .text.prvIsQueueFull
                0x000000000800da08       0x30 ./Middlewares/Third_Party/FreeRTOS/Source/queue.o
 .text.xTaskCreateStatic
                0x000000000800da38       0xc6 ./Middlewares/Third_Party/FreeRTOS/Source/tasks.o
                0x000000000800da38                xTaskCreateStatic
 .text.xTaskCreate
                0x000000000800dafe       0x8a ./Middlewares/Third_Party/FreeRTOS/Source/tasks.o
                0x000000000800dafe                xTaskCreate
 .text.prvInitialiseNewTask
                0x000000000800db88      0x140 ./Middlewares/Third_Party/FreeRTOS/Source/tasks.o
 .text.prvAddNewTaskToReadyList
                0x000000000800dcc8       0xd4 ./Middlewares/Third_Party/FreeRTOS/Source/tasks.o
 .text.vTaskDelete
                0x000000000800dd9c      0x124 ./Middlewares/Third_Party/FreeRTOS/Source/tasks.o
                0x000000000800dd9c                vTaskDelete
 .text.vTaskDelayUntil
                0x000000000800dec0      0x108 ./Middlewares/Third_Party/FreeRTOS/Source/tasks.o
                0x000000000800dec0                vTaskDelayUntil
 .text.vTaskDelay
                0x000000000800dfc8       0x6c ./Middlewares/Third_Party/FreeRTOS/Source/tasks.o
                0x000000000800dfc8                vTaskDelay
 .text.vTaskStartScheduler
                0x000000000800e034       0xdc ./Middlewares/Third_Party/FreeRTOS/Source/tasks.o
                0x000000000800e034                vTaskStartScheduler
 .text.vTaskSuspendAll
                0x000000000800e110       0x1c ./Middlewares/Third_Party/FreeRTOS/Source/tasks.o
                0x000000000800e110                vTaskSuspendAll
 .text.xTaskResumeAll
                0x000000000800e12c      0x13c ./Middlewares/Third_Party/FreeRTOS/Source/tasks.o
                0x000000000800e12c                xTaskResumeAll
 .text.xTaskGetTickCount
                0x000000000800e268       0x20 ./Middlewares/Third_Party/FreeRTOS/Source/tasks.o
                0x000000000800e268                xTaskGetTickCount
 .text.xTaskIncrementTick
                0x000000000800e288      0x174 ./Middlewares/Third_Party/FreeRTOS/Source/tasks.o
                0x000000000800e288                xTaskIncrementTick
 .text.vTaskSwitchContext
                0x000000000800e3fc       0xc8 ./Middlewares/Third_Party/FreeRTOS/Source/tasks.o
                0x000000000800e3fc                vTaskSwitchContext
 .text.vTaskPlaceOnEventList
                0x000000000800e4c4       0x4c ./Middlewares/Third_Party/FreeRTOS/Source/tasks.o
                0x000000000800e4c4                vTaskPlaceOnEventList
 .text.xTaskRemoveFromEventList
                0x000000000800e510       0xc8 ./Middlewares/Third_Party/FreeRTOS/Source/tasks.o
                0x000000000800e510                xTaskRemoveFromEventList
 .text.vTaskInternalSetTimeOutState
                0x000000000800e5d8       0x2c ./Middlewares/Third_Party/FreeRTOS/Source/tasks.o
                0x000000000800e5d8                vTaskInternalSetTimeOutState
 .text.xTaskCheckForTimeOut
                0x000000000800e604       0xcc ./Middlewares/Third_Party/FreeRTOS/Source/tasks.o
                0x000000000800e604                xTaskCheckForTimeOut
 .text.vTaskMissedYield
                0x000000000800e6d0       0x18 ./Middlewares/Third_Party/FreeRTOS/Source/tasks.o
                0x000000000800e6d0                vTaskMissedYield
 .text.prvIdleTask
                0x000000000800e6e8       0x30 ./Middlewares/Third_Party/FreeRTOS/Source/tasks.o
 .text.prvInitialiseTaskLists
                0x000000000800e718       0x80 ./Middlewares/Third_Party/FreeRTOS/Source/tasks.o
 .text.prvCheckTasksWaitingTermination
                0x000000000800e798       0x5c ./Middlewares/Third_Party/FreeRTOS/Source/tasks.o
 .text.prvDeleteTCB
                0x000000000800e7f4       0x6c ./Middlewares/Third_Party/FreeRTOS/Source/tasks.o
 .text.prvResetNextTaskUnblockTime
                0x000000000800e860       0x40 ./Middlewares/Third_Party/FreeRTOS/Source/tasks.o
 .text.xTaskGetSchedulerState
                0x000000000800e8a0       0x3c ./Middlewares/Third_Party/FreeRTOS/Source/tasks.o
                0x000000000800e8a0                xTaskGetSchedulerState
 .text.xTaskPriorityInherit
                0x000000000800e8dc      0x100 ./Middlewares/Third_Party/FreeRTOS/Source/tasks.o
                0x000000000800e8dc                xTaskPriorityInherit
 .text.xTaskPriorityDisinherit
                0x000000000800e9dc      0x114 ./Middlewares/Third_Party/FreeRTOS/Source/tasks.o
                0x000000000800e9dc                xTaskPriorityDisinherit
 .text.vTaskPriorityDisinheritAfterTimeout
                0x000000000800eaf0      0x13c ./Middlewares/Third_Party/FreeRTOS/Source/tasks.o
                0x000000000800eaf0                vTaskPriorityDisinheritAfterTimeout
 .text.pvTaskIncrementMutexHeldCount
                0x000000000800ec2c       0x28 ./Middlewares/Third_Party/FreeRTOS/Source/tasks.o
                0x000000000800ec2c                pvTaskIncrementMutexHeldCount
 .text.prvAddCurrentTaskToDelayedList
                0x000000000800ec54       0xcc ./Middlewares/Third_Party/FreeRTOS/Source/tasks.o
 .text.pxPortInitialiseStack
                0x000000000800ed20       0x68 ./Middlewares/Third_Party/FreeRTOS/Source/portable/GCC/ARM_CM7/r0p1/port.o
                0x000000000800ed20                pxPortInitialiseStack
 .text.prvTaskExitError
                0x000000000800ed88       0x60 ./Middlewares/Third_Party/FreeRTOS/Source/portable/GCC/ARM_CM7/r0p1/port.o
 *fill*         0x000000000800ede8        0x8 
 .text.SVC_Handler
                0x000000000800edf0       0x28 ./Middlewares/Third_Party/FreeRTOS/Source/portable/GCC/ARM_CM7/r0p1/port.o
                0x000000000800edf0                SVC_Handler
 .text.prvPortStartFirstTask
                0x000000000800ee18       0x28 ./Middlewares/Third_Party/FreeRTOS/Source/portable/GCC/ARM_CM7/r0p1/port.o
 .text.xPortStartScheduler
                0x000000000800ee40       0xfc ./Middlewares/Third_Party/FreeRTOS/Source/portable/GCC/ARM_CM7/r0p1/port.o
                0x000000000800ee40                xPortStartScheduler
 .text.vPortEnterCritical
                0x000000000800ef3c       0x68 ./Middlewares/Third_Party/FreeRTOS/Source/portable/GCC/ARM_CM7/r0p1/port.o
                0x000000000800ef3c                vPortEnterCritical
 .text.vPortExitCritical
                0x000000000800efa4       0x58 ./Middlewares/Third_Party/FreeRTOS/Source/portable/GCC/ARM_CM7/r0p1/port.o
                0x000000000800efa4                vPortExitCritical
 *fill*         0x000000000800effc        0x4 
 .text.PendSV_Handler
                0x000000000800f000       0x68 ./Middlewares/Third_Party/FreeRTOS/Source/portable/GCC/ARM_CM7/r0p1/port.o
                0x000000000800f000                PendSV_Handler
 .text.SysTick_Handler
                0x000000000800f068       0x48 ./Middlewares/Third_Party/FreeRTOS/Source/portable/GCC/ARM_CM7/r0p1/port.o
                0x000000000800f068                SysTick_Handler
 .text.vPortSetupTimerInterrupt
                0x000000000800f0b0       0x48 ./Middlewares/Third_Party/FreeRTOS/Source/portable/GCC/ARM_CM7/r0p1/port.o
                0x000000000800f0b0                vPortSetupTimerInterrupt
 .text.vPortEnableVFP
                0x000000000800f0f8       0x14 ./Middlewares/Third_Party/FreeRTOS/Source/portable/GCC/ARM_CM7/r0p1/port.o
 .text.vPortValidateInterruptPriority
                0x000000000800f10c       0x88 ./Middlewares/Third_Party/FreeRTOS/Source/portable/GCC/ARM_CM7/r0p1/port.o
                0x000000000800f10c                vPortValidateInterruptPriority
 .text.pvPortMalloc
                0x000000000800f194      0x194 ./Middlewares/Third_Party/FreeRTOS/Source/portable/MemMang/heap_4.o
                0x000000000800f194                pvPortMalloc
 .text.vPortFree
                0x000000000800f328       0xbc ./Middlewares/Third_Party/FreeRTOS/Source/portable/MemMang/heap_4.o
                0x000000000800f328                vPortFree
 .text.prvHeapInit
                0x000000000800f3e4       0xc4 ./Middlewares/Third_Party/FreeRTOS/Source/portable/MemMang/heap_4.o
 .text.prvInsertBlockIntoFreeList
                0x000000000800f4a8       0xb4 ./Middlewares/Third_Party/FreeRTOS/Source/portable/MemMang/heap_4.o
 .text.__errno  0x000000000800f55c        0xc c:/users/myria/stm32cubeide_1.9.0/stm32cubeide/plugins/com.st.stm32cube.ide.mcu.externaltools.gnu-tools-for-stm32.10.3-2021.10.win32_1.0.0.202111181127/tools/bin/../lib/gcc/arm-none-eabi/10.3.1/../../../../arm-none-eabi/lib/thumb/v7e-m+fp/hard\libc_nano.a(lib_a-errno.o)
                0x000000000800f55c                __errno
 .text.__libc_init_array
                0x000000000800f568       0x48 c:/users/myria/stm32cubeide_1.9.0/stm32cubeide/plugins/com.st.stm32cube.ide.mcu.externaltools.gnu-tools-for-stm32.10.3-2021.10.win32_1.0.0.202111181127/tools/bin/../lib/gcc/arm-none-eabi/10.3.1/../../../../arm-none-eabi/lib/thumb/v7e-m+fp/hard\libc_nano.a(lib_a-init.o)
                0x000000000800f568                __libc_init_array
 .text.__retarget_lock_acquire_recursive
                0x000000000800f5b0        0x2 c:/users/myria/stm32cubeide_1.9.0/stm32cubeide/plugins/com.st.stm32cube.ide.mcu.externaltools.gnu-tools-for-stm32.10.3-2021.10.win32_1.0.0.202111181127/tools/bin/../lib/gcc/arm-none-eabi/10.3.1/../../../../arm-none-eabi/lib/thumb/v7e-m+fp/hard\libc_nano.a(lib_a-lock.o)
                0x000000000800f5b0                __retarget_lock_acquire_recursive
 .text.__retarget_lock_release_recursive
                0x000000000800f5b2        0x2 c:/users/myria/stm32cubeide_1.9.0/stm32cubeide/plugins/com.st.stm32cube.ide.mcu.externaltools.gnu-tools-for-stm32.10.3-2021.10.win32_1.0.0.202111181127/tools/bin/../lib/gcc/arm-none-eabi/10.3.1/../../../../arm-none-eabi/lib/thumb/v7e-m+fp/hard\libc_nano.a(lib_a-lock.o)
                0x000000000800f5b2                __retarget_lock_release_recursive
 .text.memcpy   0x000000000800f5b4       0x1c c:/users/myria/stm32cubeide_1.9.0/stm32cubeide/plugins/com.st.stm32cube.ide.mcu.externaltools.gnu-tools-for-stm32.10.3-2021.10.win32_1.0.0.202111181127/tools/bin/../lib/gcc/arm-none-eabi/10.3.1/../../../../arm-none-eabi/lib/thumb/v7e-m+fp/hard\libc_nano.a(lib_a-memcpy-stub.o)
                0x000000000800f5b4                memcpy
 .text.memset   0x000000000800f5d0       0x10 c:/users/myria/stm32cubeide_1.9.0/stm32cubeide/plugins/com.st.stm32cube.ide.mcu.externaltools.gnu-tools-for-stm32.10.3-2021.10.win32_1.0.0.202111181127/tools/bin/../lib/gcc/arm-none-eabi/10.3.1/../../../../arm-none-eabi/lib/thumb/v7e-m+fp/hard\libc_nano.a(lib_a-memset.o)
                0x000000000800f5d0                memset
 .text.sbrk_aligned
                0x000000000800f5e0       0x40 c:/users/myria/stm32cubeide_1.9.0/stm32cubeide/plugins/com.st.stm32cube.ide.mcu.externaltools.gnu-tools-for-stm32.10.3-2021.10.win32_1.0.0.202111181127/tools/bin/../lib/gcc/arm-none-eabi/10.3.1/../../../../arm-none-eabi/lib/thumb/v7e-m+fp/hard\libc_nano.a(lib_a-nano-mallocr.o)
 .text._malloc_r
                0x000000000800f620       0xe8 c:/users/myria/stm32cubeide_1.9.0/stm32cubeide/plugins/com.st.stm32cube.ide.mcu.externaltools.gnu-tools-for-stm32.10.3-2021.10.win32_1.0.0.202111181127/tools/bin/../lib/gcc/arm-none-eabi/10.3.1/../../../../arm-none-eabi/lib/thumb/v7e-m+fp/hard\libc_nano.a(lib_a-nano-mallocr.o)
                0x000000000800f620                _malloc_r
 .text.cleanup_glue
                0x000000000800f708       0x1a c:/users/myria/stm32cubeide_1.9.0/stm32cubeide/plugins/com.st.stm32cube.ide.mcu.externaltools.gnu-tools-for-stm32.10.3-2021.10.win32_1.0.0.202111181127/tools/bin/../lib/gcc/arm-none-eabi/10.3.1/../../../../arm-none-eabi/lib/thumb/v7e-m+fp/hard\libc_nano.a(lib_a-reent.o)
                0x000000000800f708                cleanup_glue
 *fill*         0x000000000800f722        0x2 
 .text._reclaim_reent
                0x000000000800f724       0xb8 c:/users/myria/stm32cubeide_1.9.0/stm32cubeide/plugins/com.st.stm32cube.ide.mcu.externaltools.gnu-tools-for-stm32.10.3-2021.10.win32_1.0.0.202111181127/tools/bin/../lib/gcc/arm-none-eabi/10.3.1/../../../../arm-none-eabi/lib/thumb/v7e-m+fp/hard\libc_nano.a(lib_a-reent.o)
                0x000000000800f724                _reclaim_reent
 .text._sbrk_r  0x000000000800f7dc       0x20 c:/users/myria/stm32cubeide_1.9.0/stm32cubeide/plugins/com.st.stm32cube.ide.mcu.externaltools.gnu-tools-for-stm32.10.3-2021.10.win32_1.0.0.202111181127/tools/bin/../lib/gcc/arm-none-eabi/10.3.1/../../../../arm-none-eabi/lib/thumb/v7e-m+fp/hard\libc_nano.a(lib_a-sbrkr.o)
                0x000000000800f7dc                _sbrk_r
 .text.sprintf  0x000000000800f7fc       0x40 c:/users/myria/stm32cubeide_1.9.0/stm32cubeide/plugins/com.st.stm32cube.ide.mcu.externaltools.gnu-tools-for-stm32.10.3-2021.10.win32_1.0.0.202111181127/tools/bin/../lib/gcc/arm-none-eabi/10.3.1/../../../../arm-none-eabi/lib/thumb/v7e-m+fp/hard\libc_nano.a(lib_a-sprintf.o)
                0x000000000800f7fc                siprintf
                0x000000000800f7fc                sprintf
 .text.__malloc_lock
                0x000000000800f83c        0xc c:/users/myria/stm32cubeide_1.9.0/stm32cubeide/plugins/com.st.stm32cube.ide.mcu.externaltools.gnu-tools-for-stm32.10.3-2021.10.win32_1.0.0.202111181127/tools/bin/../lib/gcc/arm-none-eabi/10.3.1/../../../../arm-none-eabi/lib/thumb/v7e-m+fp/hard\libc_nano.a(lib_a-mlock.o)
                0x000000000800f83c                __malloc_lock
 .text.__malloc_unlock
                0x000000000800f848        0xc c:/users/myria/stm32cubeide_1.9.0/stm32cubeide/plugins/com.st.stm32cube.ide.mcu.externaltools.gnu-tools-for-stm32.10.3-2021.10.win32_1.0.0.202111181127/tools/bin/../lib/gcc/arm-none-eabi/10.3.1/../../../../arm-none-eabi/lib/thumb/v7e-m+fp/hard\libc_nano.a(lib_a-mlock.o)
                0x000000000800f848                __malloc_unlock
 .text._free_r  0x000000000800f854       0x98 c:/users/myria/stm32cubeide_1.9.0/stm32cubeide/plugins/com.st.stm32cube.ide.mcu.externaltools.gnu-tools-for-stm32.10.3-2021.10.win32_1.0.0.202111181127/tools/bin/../lib/gcc/arm-none-eabi/10.3.1/../../../../arm-none-eabi/lib/thumb/v7e-m+fp/hard\libc_nano.a(lib_a-nano-freer.o)
                0x000000000800f854                _free_r
 .text.__ssputs_r
                0x000000000800f8ec       0xb6 c:/users/myria/stm32cubeide_1.9.0/stm32cubeide/plugins/com.st.stm32cube.ide.mcu.externaltools.gnu-tools-for-stm32.10.3-2021.10.win32_1.0.0.202111181127/tools/bin/../lib/gcc/arm-none-eabi/10.3.1/../../../../arm-none-eabi/lib/thumb/v7e-m+fp/hard\libc_nano.a(lib_a-nano-svfprintf.o)
                0x000000000800f8ec                __ssputs_r
 *fill*         0x000000000800f9a2        0x2 
 .text._svfprintf_r
                0x000000000800f9a4      0x200 c:/users/myria/stm32cubeide_1.9.0/stm32cubeide/plugins/com.st.stm32cube.ide.mcu.externaltools.gnu-tools-for-stm32.10.3-2021.10.win32_1.0.0.202111181127/tools/bin/../lib/gcc/arm-none-eabi/10.3.1/../../../../arm-none-eabi/lib/thumb/v7e-m+fp/hard\libc_nano.a(lib_a-nano-svfprintf.o)
                0x000000000800f9a4                _svfiprintf_r
                0x000000000800f9a4                _svfprintf_r
 .text._printf_common
                0x000000000800fba4       0xda c:/users/myria/stm32cubeide_1.9.0/stm32cubeide/plugins/com.st.stm32cube.ide.mcu.externaltools.gnu-tools-for-stm32.10.3-2021.10.win32_1.0.0.202111181127/tools/bin/../lib/gcc/arm-none-eabi/10.3.1/../../../../arm-none-eabi/lib/thumb/v7e-m+fp/hard\libc_nano.a(lib_a-nano-vfprintf_i.o)
                0x000000000800fba4                _printf_common
 *fill*         0x000000000800fc7e        0x2 
 .text._printf_i
                0x000000000800fc80      0x24c c:/users/myria/stm32cubeide_1.9.0/stm32cubeide/plugins/com.st.stm32cube.ide.mcu.externaltools.gnu-tools-for-stm32.10.3-2021.10.win32_1.0.0.202111181127/tools/bin/../lib/gcc/arm-none-eabi/10.3.1/../../../../arm-none-eabi/lib/thumb/v7e-m+fp/hard\libc_nano.a(lib_a-nano-vfprintf_i.o)
                0x000000000800fc80                _printf_i
 .text.memmove  0x000000000800fecc       0x34 c:/users/myria/stm32cubeide_1.9.0/stm32cubeide/plugins/com.st.stm32cube.ide.mcu.externaltools.gnu-tools-for-stm32.10.3-2021.10.win32_1.0.0.202111181127/tools/bin/../lib/gcc/arm-none-eabi/10.3.1/../../../../arm-none-eabi/lib/thumb/v7e-m+fp/hard\libc_nano.a(lib_a-memmove.o)
                0x000000000800fecc                memmove
 .text._realloc_r
                0x000000000800ff00       0x5e c:/users/myria/stm32cubeide_1.9.0/stm32cubeide/plugins/com.st.stm32cube.ide.mcu.externaltools.gnu-tools-for-stm32.10.3-2021.10.win32_1.0.0.202111181127/tools/bin/../lib/gcc/arm-none-eabi/10.3.1/../../../../arm-none-eabi/lib/thumb/v7e-m+fp/hard\libc_nano.a(lib_a-nano-reallocr.o)
                0x000000000800ff00                _realloc_r
 .text._malloc_usable_size_r
                0x000000000800ff5e       0x10 c:/users/myria/stm32cubeide_1.9.0/stm32cubeide/plugins/com.st.stm32cube.ide.mcu.externaltools.gnu-tools-for-stm32.10.3-2021.10.win32_1.0.0.202111181127/tools/bin/../lib/gcc/arm-none-eabi/10.3.1/../../../../arm-none-eabi/lib/thumb/v7e-m+fp/hard\libc_nano.a(lib_a-nano-msizer.o)
                0x000000000800ff5e                _malloc_usable_size_r
 *(.glue_7)
 .glue_7        0x000000000800ff6e        0x0 linker stubs
 *(.glue_7t)
 .glue_7t       0x000000000800ff6e        0x0 linker stubs
 *(.eh_frame)
 *fill*         0x000000000800ff6e        0x2 
 .eh_frame      0x000000000800ff70        0x0 c:/users/myria/stm32cubeide_1.9.0/stm32cubeide/plugins/com.st.stm32cube.ide.mcu.externaltools.gnu-tools-for-stm32.10.3-2021.10.win32_1.0.0.202111181127/tools/bin/../lib/gcc/arm-none-eabi/10.3.1/thumb/v7e-m+fp/hard/crtbegin.o
 *(.init)
 .init          0x000000000800ff70        0x4 c:/users/myria/stm32cubeide_1.9.0/stm32cubeide/plugins/com.st.stm32cube.ide.mcu.externaltools.gnu-tools-for-stm32.10.3-2021.10.win32_1.0.0.202111181127/tools/bin/../lib/gcc/arm-none-eabi/10.3.1/thumb/v7e-m+fp/hard/crti.o
                0x000000000800ff70                _init
 .init          0x000000000800ff74        0x8 c:/users/myria/stm32cubeide_1.9.0/stm32cubeide/plugins/com.st.stm32cube.ide.mcu.externaltools.gnu-tools-for-stm32.10.3-2021.10.win32_1.0.0.202111181127/tools/bin/../lib/gcc/arm-none-eabi/10.3.1/thumb/v7e-m+fp/hard/crtn.o
 *(.fini)
 .fini          0x000000000800ff7c        0x4 c:/users/myria/stm32cubeide_1.9.0/stm32cubeide/plugins/com.st.stm32cube.ide.mcu.externaltools.gnu-tools-for-stm32.10.3-2021.10.win32_1.0.0.202111181127/tools/bin/../lib/gcc/arm-none-eabi/10.3.1/thumb/v7e-m+fp/hard/crti.o
                0x000000000800ff7c                _fini
 .fini          0x000000000800ff80        0x8 c:/users/myria/stm32cubeide_1.9.0/stm32cubeide/plugins/com.st.stm32cube.ide.mcu.externaltools.gnu-tools-for-stm32.10.3-2021.10.win32_1.0.0.202111181127/tools/bin/../lib/gcc/arm-none-eabi/10.3.1/thumb/v7e-m+fp/hard/crtn.o
                0x000000000800ff88                . = ALIGN (0x4)
                0x000000000800ff88                _etext = .

.vfp11_veneer   0x000000000800ff88        0x0
 .vfp11_veneer  0x000000000800ff88        0x0 linker stubs

.v4_bx          0x000000000800ff88        0x0
 .v4_bx         0x000000000800ff88        0x0 linker stubs

.iplt           0x000000000800ff88        0x0
 .iplt          0x000000000800ff88        0x0 c:/users/myria/stm32cubeide_1.9.0/stm32cubeide/plugins/com.st.stm32cube.ide.mcu.externaltools.gnu-tools-for-stm32.10.3-2021.10.win32_1.0.0.202111181127/tools/bin/../lib/gcc/arm-none-eabi/10.3.1/thumb/v7e-m+fp/hard/crtbegin.o

.rodata         0x000000000800ff88    0x61b3c
                0x000000000800ff88                . = ALIGN (0x4)
 *(.rodata)
 .rodata        0x000000000800ff88      0x11c ./Core/Src/main.o
 .rodata        0x00000000080100a4        0x5 ./Middlewares/Third_Party/FreeRTOS/Source/tasks.o
 *(.rodata*)
 *fill*         0x00000000080100a9        0x3 
 .rodata.gameover_bmp
                0x00000000080100ac    0x5fa36 ./Core/Src/main.o
                0x00000000080100ac                gameover_bmp
 *fill*         0x000000000806fae2        0x2 
 .rodata.Font24_Table
                0x000000000806fae4     0x1ab8 ./Core/Src/stm32746g_discovery_lcd.o
                0x000000000806fae4                Font24_Table
 .rodata.Font12_Table
                0x000000000807159c      0x474 ./Core/Src/stm32746g_discovery_lcd.o
                0x000000000807159c                Font12_Table
 .rodata.AHBPrescTable
                0x0000000008071a10       0x10 ./Core/Src/system_stm32f7xx.o
                0x0000000008071a10                AHBPrescTable
 .rodata.APBPrescTable
                0x0000000008071a20        0x8 ./Core/Src/system_stm32f7xx.o
                0x0000000008071a20                APBPrescTable
 .rodata.flagBitshiftOffset.0
                0x0000000008071a28        0x8 ./Drivers/STM32F7xx_HAL_Driver/Src/stm32f7xx_hal_dma.o
 .rodata.__sf_fake_stderr
                0x0000000008071a30       0x20 c:/users/myria/stm32cubeide_1.9.0/stm32cubeide/plugins/com.st.stm32cube.ide.mcu.externaltools.gnu-tools-for-stm32.10.3-2021.10.win32_1.0.0.202111181127/tools/bin/../lib/gcc/arm-none-eabi/10.3.1/../../../../arm-none-eabi/lib/thumb/v7e-m+fp/hard\libc_nano.a(lib_a-findfp.o)
                0x0000000008071a30                __sf_fake_stderr
 .rodata.__sf_fake_stdin
                0x0000000008071a50       0x20 c:/users/myria/stm32cubeide_1.9.0/stm32cubeide/plugins/com.st.stm32cube.ide.mcu.externaltools.gnu-tools-for-stm32.10.3-2021.10.win32_1.0.0.202111181127/tools/bin/../lib/gcc/arm-none-eabi/10.3.1/../../../../arm-none-eabi/lib/thumb/v7e-m+fp/hard\libc_nano.a(lib_a-findfp.o)
                0x0000000008071a50                __sf_fake_stdin
 .rodata.__sf_fake_stdout
                0x0000000008071a70       0x20 c:/users/myria/stm32cubeide_1.9.0/stm32cubeide/plugins/com.st.stm32cube.ide.mcu.externaltools.gnu-tools-for-stm32.10.3-2021.10.win32_1.0.0.202111181127/tools/bin/../lib/gcc/arm-none-eabi/10.3.1/../../../../arm-none-eabi/lib/thumb/v7e-m+fp/hard\libc_nano.a(lib_a-findfp.o)
                0x0000000008071a70                __sf_fake_stdout
 .rodata._svfprintf_r.str1.1
                0x0000000008071a90       0x11 c:/users/myria/stm32cubeide_1.9.0/stm32cubeide/plugins/com.st.stm32cube.ide.mcu.externaltools.gnu-tools-for-stm32.10.3-2021.10.win32_1.0.0.202111181127/tools/bin/../lib/gcc/arm-none-eabi/10.3.1/../../../../arm-none-eabi/lib/thumb/v7e-m+fp/hard\libc_nano.a(lib_a-nano-svfprintf.o)
 .rodata._printf_i.str1.1
                0x0000000008071aa1       0x22 c:/users/myria/stm32cubeide_1.9.0/stm32cubeide/plugins/com.st.stm32cube.ide.mcu.externaltools.gnu-tools-for-stm32.10.3-2021.10.win32_1.0.0.202111181127/tools/bin/../lib/gcc/arm-none-eabi/10.3.1/../../../../arm-none-eabi/lib/thumb/v7e-m+fp/hard\libc_nano.a(lib_a-nano-vfprintf_i.o)
                0x0000000008071ac4                . = ALIGN (0x4)
 *fill*         0x0000000008071ac3        0x1 

.ARM.extab      0x0000000008071ac4        0x0
                0x0000000008071ac4                . = ALIGN (0x4)
 *(.ARM.extab* .gnu.linkonce.armextab.*)
                0x0000000008071ac4                . = ALIGN (0x4)

.ARM            0x0000000008071ac4        0x8
                0x0000000008071ac4                . = ALIGN (0x4)
                0x0000000008071ac4                __exidx_start = .
 *(.ARM.exidx*)
 .ARM.exidx     0x0000000008071ac4        0x8 c:/users/myria/stm32cubeide_1.9.0/stm32cubeide/plugins/com.st.stm32cube.ide.mcu.externaltools.gnu-tools-for-stm32.10.3-2021.10.win32_1.0.0.202111181127/tools/bin/../lib/gcc/arm-none-eabi/10.3.1/thumb/v7e-m+fp/hard\libgcc.a(_udivmoddi4.o)
                0x0000000008071acc                __exidx_end = .
                0x0000000008071acc                . = ALIGN (0x4)

.rel.dyn        0x0000000008071acc        0x0
 .rel.iplt      0x0000000008071acc        0x0 c:/users/myria/stm32cubeide_1.9.0/stm32cubeide/plugins/com.st.stm32cube.ide.mcu.externaltools.gnu-tools-for-stm32.10.3-2021.10.win32_1.0.0.202111181127/tools/bin/../lib/gcc/arm-none-eabi/10.3.1/thumb/v7e-m+fp/hard/crtbegin.o

.preinit_array  0x0000000008071acc        0x0
                0x0000000008071acc                . = ALIGN (0x4)
                0x0000000008071acc                PROVIDE (__preinit_array_start = .)
 *(.preinit_array*)
                0x0000000008071acc                PROVIDE (__preinit_array_end = .)
                0x0000000008071acc                . = ALIGN (0x4)

.init_array     0x0000000008071acc        0x4
                0x0000000008071acc                . = ALIGN (0x4)
                0x0000000008071acc                PROVIDE (__init_array_start = .)
 *(SORT_BY_NAME(.init_array.*))
 *(.init_array*)
 .init_array    0x0000000008071acc        0x4 c:/users/myria/stm32cubeide_1.9.0/stm32cubeide/plugins/com.st.stm32cube.ide.mcu.externaltools.gnu-tools-for-stm32.10.3-2021.10.win32_1.0.0.202111181127/tools/bin/../lib/gcc/arm-none-eabi/10.3.1/thumb/v7e-m+fp/hard/crtbegin.o
                0x0000000008071ad0                PROVIDE (__init_array_end = .)
                0x0000000008071ad0                . = ALIGN (0x4)

.fini_array     0x0000000008071ad0        0x4
                0x0000000008071ad0                . = ALIGN (0x4)
                [!provide]                        PROVIDE (__fini_array_start = .)
 *(SORT_BY_NAME(.fini_array.*))
 *(.fini_array*)
 .fini_array    0x0000000008071ad0        0x4 c:/users/myria/stm32cubeide_1.9.0/stm32cubeide/plugins/com.st.stm32cube.ide.mcu.externaltools.gnu-tools-for-stm32.10.3-2021.10.win32_1.0.0.202111181127/tools/bin/../lib/gcc/arm-none-eabi/10.3.1/thumb/v7e-m+fp/hard/crtbegin.o
                [!provide]                        PROVIDE (__fini_array_end = .)
                0x0000000008071ad4                . = ALIGN (0x4)
                0x0000000008071ad4                _sidata = LOADADDR (.data)

.data           0x0000000020000000      0x13c load address 0x0000000008071ad4
                0x0000000020000000                . = ALIGN (0x4)
                0x0000000020000000                _sdata = .
 *(.data)
 *(.data*)
 .data.ft5336_ts_drv
                0x0000000020000000       0x28 ./Core/Src/ft5336.o
                0x0000000020000000                ft5336_ts_drv
 .data.pos0Objet
                0x0000000020000028        0x4 ./Core/Src/main.o
                0x0000000020000028                pos0Objet
 .data.pos0Snake
                0x000000002000002c        0x4 ./Core/Src/main.o
                0x000000002000002c                pos0Snake
 .data.posXSnake
                0x0000000020000030       0x28 ./Core/Src/main.o
                0x0000000020000030                posXSnake
 .data.posYSnake
                0x0000000020000058       0x28 ./Core/Src/main.o
                0x0000000020000058                posYSnake
 .data.dir      0x0000000020000080       0x28 ./Core/Src/main.o
                0x0000000020000080                dir
 .data.lSnake   0x00000000200000a8        0x1 ./Core/Src/main.o
                0x00000000200000a8                lSnake
 .data.LSnake   0x00000000200000a9        0x1 ./Core/Src/main.o
                0x00000000200000a9                LSnake
 .data.lObjet   0x00000000200000aa        0x1 ./Core/Src/main.o
                0x00000000200000aa                lObjet
 .data.LObjet   0x00000000200000ab        0x1 ./Core/Src/main.o
                0x00000000200000ab                LObjet
 .data.v        0x00000000200000ac        0x1 ./Core/Src/main.o
                0x00000000200000ac                v
 *fill*         0x00000000200000ad        0x1 
 .data.l_ecran  0x00000000200000ae        0x2 ./Core/Src/main.o
                0x00000000200000ae                l_ecran
 .data.L_ecran  0x00000000200000b0        0x2 ./Core/Src/main.o
                0x00000000200000b0                L_ecran
 *fill*         0x00000000200000b2        0x2 
 .data.Font24   0x00000000200000b4        0x8 ./Core/Src/stm32746g_discovery_lcd.o
                0x00000000200000b4                Font24
 .data.Font12   0x00000000200000bc        0x8 ./Core/Src/stm32746g_discovery_lcd.o
                0x00000000200000bc                Font12
 .data.sdramstatus.3
                0x00000000200000c4        0x1 ./Core/Src/stm32746g_discovery_sdram.o
 *fill*         0x00000000200000c5        0x3 
 .data.SystemCoreClock
                0x00000000200000c8        0x4 ./Core/Src/system_stm32f7xx.o
                0x00000000200000c8                SystemCoreClock
 .data.uwTickPrio
                0x00000000200000cc        0x4 ./Drivers/STM32F7xx_HAL_Driver/Src/stm32f7xx_hal.o
                0x00000000200000cc                uwTickPrio
 .data.uwTickFreq
                0x00000000200000d0        0x1 ./Drivers/STM32F7xx_HAL_Driver/Src/stm32f7xx_hal.o
                0x00000000200000d0                uwTickFreq
 *fill*         0x00000000200000d1        0x3 
 .data.uxCriticalNesting
                0x00000000200000d4        0x4 ./Middlewares/Third_Party/FreeRTOS/Source/portable/GCC/ARM_CM7/r0p1/port.o
 .data._impure_ptr
                0x00000000200000d8        0x4 c:/users/myria/stm32cubeide_1.9.0/stm32cubeide/plugins/com.st.stm32cube.ide.mcu.externaltools.gnu-tools-for-stm32.10.3-2021.10.win32_1.0.0.202111181127/tools/bin/../lib/gcc/arm-none-eabi/10.3.1/../../../../arm-none-eabi/lib/thumb/v7e-m+fp/hard\libc_nano.a(lib_a-impure.o)
                0x00000000200000d8                _impure_ptr
 .data.impure_data
                0x00000000200000dc       0x60 c:/users/myria/stm32cubeide_1.9.0/stm32cubeide/plugins/com.st.stm32cube.ide.mcu.externaltools.gnu-tools-for-stm32.10.3-2021.10.win32_1.0.0.202111181127/tools/bin/../lib/gcc/arm-none-eabi/10.3.1/../../../../arm-none-eabi/lib/thumb/v7e-m+fp/hard\libc_nano.a(lib_a-impure.o)
 *(.RamFunc)
 *(.RamFunc*)
                0x000000002000013c                . = ALIGN (0x4)
                0x000000002000013c                _edata = .

.igot.plt       0x000000002000013c        0x0 load address 0x0000000008071c10
 .igot.plt      0x000000002000013c        0x0 c:/users/myria/stm32cubeide_1.9.0/stm32cubeide/plugins/com.st.stm32cube.ide.mcu.externaltools.gnu-tools-for-stm32.10.3-2021.10.win32_1.0.0.202111181127/tools/bin/../lib/gcc/arm-none-eabi/10.3.1/thumb/v7e-m+fp/hard/crtbegin.o
                0x000000002000013c                . = ALIGN (0x4)

.bss            0x000000002000013c     0x4994 load address 0x0000000008071c10
                0x000000002000013c                _sbss = .
                0x000000002000013c                __bss_start__ = _sbss
 *(.bss)
 .bss           0x000000002000013c       0x1c c:/users/myria/stm32cubeide_1.9.0/stm32cubeide/plugins/com.st.stm32cube.ide.mcu.externaltools.gnu-tools-for-stm32.10.3-2021.10.win32_1.0.0.202111181127/tools/bin/../lib/gcc/arm-none-eabi/10.3.1/thumb/v7e-m+fp/hard/crtbegin.o
 *(.bss*)
 .bss.xIdleTaskTCBBuffer
                0x0000000020000158       0xb4 ./Core/Src/freertos.o
 .bss.xIdleStack
                0x000000002000020c      0x200 ./Core/Src/freertos.o
 .bss.ft5336_handle
                0x000000002000040c        0x3 ./Core/Src/ft5336.o
 *fill*         0x000000002000040f        0x1 
 .bss.coord.0   0x0000000020000410        0x2 ./Core/Src/ft5336.o
 *fill*         0x0000000020000412        0x2 
 .bss.hadc1     0x0000000020000414       0x48 ./Core/Src/main.o
                0x0000000020000414                hadc1
 .bss.hadc3     0x000000002000045c       0x48 ./Core/Src/main.o
                0x000000002000045c                hadc3
 .bss.hdac      0x00000000200004a4       0x14 ./Core/Src/main.o
                0x00000000200004a4                hdac
 .bss.hdma2d    0x00000000200004b8       0x40 ./Core/Src/main.o
                0x00000000200004b8                hdma2d
 .bss.hi2c1     0x00000000200004f8       0x4c ./Core/Src/main.o
                0x00000000200004f8                hi2c1
 .bss.hi2c3     0x0000000020000544       0x4c ./Core/Src/main.o
                0x0000000020000544                hi2c3
 .bss.hltdc     0x0000000020000590       0xa8 ./Core/Src/main.o
                0x0000000020000590                hltdc
 .bss.hrtc      0x0000000020000638       0x20 ./Core/Src/main.o
                0x0000000020000638                hrtc
 .bss.hspi2     0x0000000020000658       0x64 ./Core/Src/main.o
                0x0000000020000658                hspi2