Archive member included to satisfy reference by file (symbol)

c:/users/myria/stm32cubeide_1.9.0/stm32cubeide/plugins/com.st.stm32cube.ide.mcu.externaltools.gnu-tools-for-stm32.10.3-2021.10.win32_1.0.0.202111181127/tools/bin/../lib/gcc/arm-none-eabi/10.3.1/../../../../arm-none-eabi/lib/thumb/v7e-m+fp/hard\libc_nano.a(lib_a-errno.o)
                              ./Core/Src/syscalls.o (__errno)
c:/users/myria/stm32cubeide_1.9.0/stm32cubeide/plugins/com.st.stm32cube.ide.mcu.externaltools.gnu-tools-for-stm32.10.3-2021.10.win32_1.0.0.202111181127/tools/bin/../lib/gcc/arm-none-eabi/10.3.1/../../../../arm-none-eabi/lib/thumb/v7e-m+fp/hard\libc_nano.a(lib_a-exit.o)
                              c:/users/myria/stm32cubeide_1.9.0/stm32cubeide/plugins/com.st.stm32cube.ide.mcu.externaltools.gnu-tools-for-stm32.10.3-2021.10.win32_1.0.0.202111181127/tools/bin/../lib/gcc/arm-none-eabi/10.3.1/../../../../arm-none-eabi/lib/thumb/v7e-m+fp/hard/crt0.o (exit)
c:/users/myria/stm32cubeide_1.9.0/stm32cubeide/plugins/com.st.stm32cube.ide.mcu.externaltools.gnu-tools-for-stm32.10.3-2021.10.win32_1.0.0.202111181127/tools/bin/../lib/gcc/arm-none-eabi/10.3.1/../../../../arm-none-eabi/lib/thumb/v7e-m+fp/hard\libc_nano.a(lib_a-findfp.o)
                              ./Middlewares/Third_Party/FreeRTOS/Source/tasks.o (__sf_fake_stderr)
c:/users/myria/stm32cubeide_1.9.0/stm32cubeide/plugins/com.st.stm32cube.ide.mcu.externaltools.gnu-tools-for-stm32.10.3-2021.10.win32_1.0.0.202111181127/tools/bin/../lib/gcc/arm-none-eabi/10.3.1/../../../../arm-none-eabi/lib/thumb/v7e-m+fp/hard\libc_nano.a(lib_a-fwalk.o)
                              c:/users/myria/stm32cubeide_1.9.0/stm32cubeide/plugins/com.st.stm32cube.ide.mcu.externaltools.gnu-tools-for-stm32.10.3-2021.10.win32_1.0.0.202111181127/tools/bin/../lib/gcc/arm-none-eabi/10.3.1/../../../../arm-none-eabi/lib/thumb/v7e-m+fp/hard\libc_nano.a(lib_a-findfp.o) (_fwalk)
c:/users/myria/stm32cubeide_1.9.0/stm32cubeide/plugins/com.st.stm32cube.ide.mcu.externaltools.gnu-tools-for-stm32.10.3-2021.10.win32_1.0.0.202111181127/tools/bin/../lib/gcc/arm-none-eabi/10.3.1/../../../../arm-none-eabi/lib/thumb/v7e-m+fp/hard\libc_nano.a(lib_a-impure.o)
                              c:/users/myria/stm32cubeide_1.9.0/stm32cubeide/plugins/com.st.stm32cube.ide.mcu.externaltools.gnu-tools-for-stm32.10.3-2021.10.win32_1.0.0.202111181127/tools/bin/../lib/gcc/arm-none-eabi/10.3.1/../../../../arm-none-eabi/lib/thumb/v7e-m+fp/hard\libc_nano.a(lib_a-exit.o) (_global_impure_ptr)
c:/users/myria/stm32cubeide_1.9.0/stm32cubeide/plugins/com.st.stm32cube.ide.mcu.externaltools.gnu-tools-for-stm32.10.3-2021.10.win32_1.0.0.202111181127/tools/bin/../lib/gcc/arm-none-eabi/10.3.1/../../../../arm-none-eabi/lib/thumb/v7e-m+fp/hard\libc_nano.a(lib_a-init.o)
                              c:/users/myria/stm32cubeide_1.9.0/stm32cubeide/plugins/com.st.stm32cube.ide.mcu.externaltools.gnu-tools-for-stm32.10.3-2021.10.win32_1.0.0.202111181127/tools/bin/../lib/gcc/arm-none-eabi/10.3.1/../../../../arm-none-eabi/lib/thumb/v7e-m+fp/hard/crt0.o (__libc_init_array)
c:/users/myria/stm32cubeide_1.9.0/stm32cubeide/plugins/com.st.stm32cube.ide.mcu.externaltools.gnu-tools-for-stm32.10.3-2021.10.win32_1.0.0.202111181127/tools/bin/../lib/gcc/arm-none-eabi/10.3.1/../../../../arm-none-eabi/lib/thumb/v7e-m+fp/hard\libc_nano.a(lib_a-lock.o)
                              c:/users/myria/stm32cubeide_1.9.0/stm32cubeide/plugins/com.st.stm32cube.ide.mcu.externaltools.gnu-tools-for-stm32.10.3-2021.10.win32_1.0.0.202111181127/tools/bin/../lib/gcc/arm-none-eabi/10.3.1/../../../../arm-none-eabi/lib/thumb/v7e-m+fp/hard\libc_nano.a(lib_a-findfp.o) (__retarget_lock_init_recursive)
c:/users/myria/stm32cubeide_1.9.0/stm32cubeide/plugins/com.st.stm32cube.ide.mcu.externaltools.gnu-tools-for-stm32.10.3-2021.10.win32_1.0.0.202111181127/tools/bin/../lib/gcc/arm-none-eabi/10.3.1/../../../../arm-none-eabi/lib/thumb/v7e-m+fp/hard\libc_nano.a(lib_a-memcpy-stub.o)
                              ./Middlewares/Third_Party/FreeRTOS/Source/queue.o (memcpy)
c:/users/myria/stm32cubeide_1.9.0/stm32cubeide/plugins/com.st.stm32cube.ide.mcu.externaltools.gnu-tools-for-stm32.10.3-2021.10.win32_1.0.0.202111181127/tools/bin/../lib/gcc/arm-none-eabi/10.3.1/../../../../arm-none-eabi/lib/thumb/v7e-m+fp/hard\libc_nano.a(lib_a-memset.o)
                              c:/users/myria/stm32cubeide_1.9.0/stm32cubeide/plugins/com.st.stm32cube.ide.mcu.externaltools.gnu-tools-for-stm32.10.3-2021.10.win32_1.0.0.202111181127/tools/bin/../lib/gcc/arm-none-eabi/10.3.1/../../../../arm-none-eabi/lib/thumb/v7e-m+fp/hard/crt0.o (memset)
c:/users/myria/stm32cubeide_1.9.0/stm32cubeide/plugins/com.st.stm32cube.ide.mcu.externaltools.gnu-tools-for-stm32.10.3-2021.10.win32_1.0.0.202111181127/tools/bin/../lib/gcc/arm-none-eabi/10.3.1/../../../../arm-none-eabi/lib/thumb/v7e-m+fp/hard\libc_nano.a(lib_a-nano-mallocr.o)
[...]
Memory Configuration

Name             Origin             Length             Attributes
RAM              0x0000000020000000 0x0000000000050000 xrw
FLASH            0x0000000008000000 0x0000000000100000 xr
*default*        0x0000000000000000 0xffffffffffffffff

Linker script and memory map

LOAD c:/users/myria/stm32cubeide_1.9.0/stm32cubeide/plugins/com.st.stm32cube.ide.mcu.externaltools.gnu-tools-for-stm32.10.3-2021.10.win32_1.0.0.202111181127/tools/bin/../lib/gcc/arm-none-eabi/10.3.1/thumb/v7e-m+fp/hard/crti.o
LOAD c:/users/myria/stm32cubeide_1.9.0/stm32cubeide/plugins/com.st.stm32cube.ide.mcu.externaltools.gnu-tools-for-stm32.10.3-2021.10.win32_1.0.0.202111181127/tools/bin/../lib/gcc/arm-none-eabi/10.3.1/thumb/v7e-m+fp/hard/crtbegin.o
LOAD c:/users/myria/stm32cubeide_1.9.0/stm32cubeide/plugins/com.st.stm32cube.ide.mcu.externaltools.gnu-tools-for-stm32.10.3-2021.10.win32_1.0.0.202111181127/tools/bin/../lib/gcc/arm-none-eabi/10.3.1/../../../../arm-none-eabi/lib/thumb/v7e-m+fp/hard/crt0.o
LOAD ./Core/Src/freertos.o
LOAD ./Core/Src/ft5336.o
LOAD ./Core/Src/main.o
LOAD ./Core/Src/stm32746g_discovery.o
LOAD ./Core/Src/stm32746g_discovery_lcd.o
LOAD ./Core/Src/stm32746g_discovery_sdram.o
LOAD ./Core/Src/stm32746g_discovery_ts.o
LOAD ./Core/Src/stm32f7xx_hal_msp.o
LOAD ./Core/Src/stm32f7xx_hal_timebase_tim.o
LOAD ./Core/Src/stm32f7xx_it.o
LOAD ./Core/Src/syscalls.o
LOAD ./Core/Src/sysmem.o
LOAD ./Core/Src/system_stm32f7xx.o
LOAD ./Core/Startup/startup_stm32f746nghx.o
LOAD ./Drivers/STM32F7xx_HAL_Driver/Src/stm32f7xx_hal.o
LOAD ./Drivers/STM32F7xx_HAL_Driver/Src/stm32f7xx_hal_adc.o
LOAD ./Drivers/STM32F7xx_HAL_Driver/Src/stm32f7xx_hal_adc_ex.o
LOAD ./Drivers/STM32F7xx_HAL_Driver/Src/stm32f7xx_hal_cortex.o
LOAD ./Drivers/STM32F7xx_HAL_Driver/Src/stm32f7xx_hal_dac.o
LOAD ./Drivers/STM32F7xx_HAL_Driver/Src/stm32f7xx_hal_dac_ex.o
LOAD ./Drivers/STM32F7xx_HAL_Driver/Src/stm32f7xx_hal_dma.o
LOAD ./Drivers/STM32F7xx_HAL_Driver/Src/stm32f7xx_hal_dma2d.o
LOAD ./Drivers/STM32F7xx_HAL_Driver/Src/stm32f7xx_hal_dma_ex.o
LOAD ./Drivers/STM32F7xx_HAL_Driver/Src/stm32f7xx_hal_dsi.o
LOAD ./Drivers/STM32F7xx_HAL_Driver/Src/stm32f7xx_hal_exti.o
LOAD ./Drivers/STM32F7xx_HAL_Driver/Src/stm32f7xx_hal_flash.o
LOAD ./Drivers/STM32F7xx_HAL_Driver/Src/stm32f7xx_hal_flash_ex.o
LOAD ./Drivers/STM32F7xx_HAL_Driver/Src/stm32f7xx_hal_gpio.o
LOAD ./Drivers/STM32F7xx_HAL_Driver/Src/stm32f7xx_hal_i2c.o
LOAD ./Drivers/STM32F7xx_HAL_Driver/Src/stm32f7xx_hal_i2c_ex.o
LOAD ./Drivers/STM32F7xx_HAL_Driver/Src/stm32f7xx_hal_ltdc.o
LOAD ./Drivers/STM32F7xx_HAL_Driver/Src/stm32f7xx_hal_ltdc_ex.o
LOAD ./Drivers/STM32F7xx_HAL_Driver/Src/stm32f7xx_hal_pwr.o
LOAD ./Drivers/STM32F7xx_HAL_Driver/Src/stm32f7xx_hal_pwr_ex.o
LOAD ./Drivers/STM32F7xx_HAL_Driver/Src/stm32f7xx_hal_rcc.o
LOAD ./Drivers/STM32F7xx_HAL_Driver/Src/stm32f7xx_hal_rcc_ex.o
LOAD ./Drivers/STM32F7xx_HAL_Driver/Src/stm32f7xx_hal_rng.o
LOAD ./Drivers/STM32F7xx_HAL_Driver/Src/stm32f7xx_hal_rtc.o
LOAD ./Drivers/STM32F7xx_HAL_Driver/Src/stm32f7xx_hal_rtc_ex.o
LOAD ./Drivers/STM32F7xx_HAL_Driver/Src/stm32f7xx_hal_sdram.o
LOAD ./Drivers/STM32F7xx_HAL_Driver/Src/stm32f7xx_hal_spi.o
LOAD ./Drivers/STM32F7xx_HAL_Driver/Src/stm32f7xx_hal_spi_ex.o
LOAD ./Drivers/STM32F7xx_HAL_Driver/Src/stm32f7xx_hal_tim.o
LOAD ./Drivers/STM32F7xx_HAL_Driver/Src/stm32f7xx_hal_tim_ex.o
LOAD ./Drivers/STM32F7xx_HAL_Driver/Src/stm32f7xx_hal_uart.o
LOAD ./Drivers/STM32F7xx_HAL_Driver/Src/stm32f7xx_hal_uart_ex.o
LOAD ./Drivers/STM32F7xx_HAL_Driver/Src/stm32f7xx_ll_fmc.o
LOAD ./Middlewares/Third_Party/FreeRTOS/Source/CMSIS_RTOS/cmsis_os.o
LOAD ./Middlewares/Third_Party/FreeRTOS/Source/croutine.o
LOAD ./Middlewares/Third_Party/FreeRTOS/Source/event_groups.o
LOAD ./Middlewares/Third_Party/FreeRTOS/Source/list.o
LOAD ./Middlewares/Third_Party/FreeRTOS/Source/queue.o
LOAD ./Middlewares/Third_Party/FreeRTOS/Source/stream_buffer.o
LOAD ./Middlewares/Third_Party/FreeRTOS/Source/tasks.o
LOAD ./Middlewares/Third_Party/FreeRTOS/Source/timers.o
LOAD ./Middlewares/Third_Party/FreeRTOS/Source/portable/GCC/ARM_CM7/r0p1/port.o
LOAD ./Middlewares/Third_Party/FreeRTOS/Source/portable/MemMang/heap_4.o
START GROUP
LOAD c:/users/myria/stm32cubeide_1.9.0/stm32cubeide/plugins/com.st.stm32cube.ide.mcu.externaltools.gnu-tools-for-stm32.10.3-2021.10.win32_1.0.0.202111181127/tools/bin/../lib/gcc/arm-none-eabi/10.3.1/../../../../arm-none-eabi/lib/thumb/v7e-m+fp/hard\libc_nano.a
LOAD c:/users/myria/stm32cubeide_1.9.0/stm32cubeide/plugins/com.st.stm32cube.ide.mcu.externaltools.gnu-tools-for-stm32.10.3-2021.10.win32_1.0.0.202111181127/tools/bin/../lib/gcc/arm-none-eabi/10.3.1/../../../../arm-none-eabi/lib/thumb/v7e-m+fp/hard\libm.a
END GROUP
START GROUP
LOAD c:/users/myria/stm32cubeide_1.9.0/stm32cubeide/plugins/com.st.stm32cube.ide.mcu.externaltools.gnu-tools-for-stm32.10.3-2021.10.win32_1.0.0.202111181127/tools/bin/../lib/gcc/arm-none-eabi/10.3.1/thumb/v7e-m+fp/hard\libgcc.a
LOAD c:/users/myria/stm32cubeide_1.9.0/stm32cubeide/plugins/com.st.stm32cube.ide.mcu.externaltools.gnu-tools-for-stm32.10.3-2021.10.win32_1.0.0.202111181127/tools/bin/../lib/gcc/arm-none-eabi/10.3.1/../../../../arm-none-eabi/lib/thumb/v7e-m+fp/hard\libc_nano.a
END GROUP
START GROUP
LOAD c:/users/myria/stm32cubeide_1.9.0/stm32cubeide/plugins/com.st.stm32cube.ide.mcu.externaltools.gnu-tools-for-stm32.10.3-2021.10.win32_1.0.0.202111181127/tools/bin/../lib/gcc/arm-none-eabi/10.3.1/thumb/v7e-m+fp/hard\libgcc.a
LOAD c:/users/myria/stm32cubeide_1.9.0/stm32cubeide/plugins/com.st.stm32cube.ide.mcu.externaltools.gnu-tools-for-stm32.10.3-2021.10.win32_1.0.0.202111181127/tools/bin/../lib/gcc/arm-none-eabi/10.3.1/../../../../arm-none-eabi/lib/thumb/v7e-m+fp/hard\libc_nano.a
LOAD c:/users/myria/stm32cubeide_1.9.0/stm32cubeide/plugins/com.st.stm32cube.ide.mcu.externaltools.gnu-tools-for-stm32.10.3-2021.10.win32_1.0.0.202111181127/tools/bin/../lib/gcc/arm-none-eabi/10.3.1/../../../../arm-none-eabi/lib/thumb/v7e-m+fp/hard\libnosys.a
END GROUP
START GROUP
LOAD c:/users/myria/stm32cubeide_1.9.0/stm32cubeide/plugins/com.st.stm32cube.ide.mcu.externaltools.gnu-tools-for-stm32.10.3-2021.10.win32_1.0.0.202111181127/tools/bin/../lib/gcc/arm-none-eabi/10.3.1/thumb/v7e-m+fp/hard\libgcc.a
LOAD c:/users/myria/stm32cubeide_1.9.0/stm32cubeide/plugins/com.st.stm32cube.ide.mcu.externaltools.gnu-tools-for-stm32.10.3-2021.10.win32_1.0.0.202111181127/tools/bin/../lib/gcc/arm-none-eabi/10.3.1/../../../../arm-none-eabi/lib/thumb/v7e-m+fp/hard\libc_nano.a
LOAD c:/users/myria/stm32cubeide_1.9.0/stm32cubeide/plugins/com.st.stm32cube.ide.mcu.externaltools.gnu-tools-for-stm32.10.3-2021.10.win32_1.0.0.202111181127/tools/bin/../lib/gcc/arm-none-eabi/10.3.1/../../../../arm-none-eabi/lib/thumb/v7e-m+fp/hard\libnosys.a
END GROUP
LOAD c:/users/myria/stm32cubeide_1.9.0/stm32cubeide/plugins/com.st.stm32cube.ide.mcu.externaltools.gnu-tools-for-stm32.10.3-2021.10.win32_1.0.0.202111181127/tools/bin/../lib/gcc/arm-none-eabi/10.3.1/thumb/v7e-m+fp/hard/crtend.o
LOAD c:/users/myria/stm32cubeide_1.9.0/stm32cubeide/plugins/com.st.stm32cube.ide.mcu.externaltools.gnu-tools-for-stm32.10.3-2021.10.win32_1.0.0.202111181127/tools/bin/../lib/gcc/arm-none-eabi/10.3.1/thumb/v7e-m+fp/hard/crtn.o
                0x0000000020050000                _estack = (ORIGIN (RAM) + LENGTH (RAM))
                0x0000000000000200                _Min_Heap_Size = 0x200
                0x0000000000000400                _Min_Stack_Size = 0x400

.isr_vector     0x0000000008000000      0x1c8
                0x0000000008000000                . = ALIGN (0x4)
 *(.isr_vector)
 .isr_vector    0x0000000008000000      0x1c8 ./Core/Startup/startup_stm32f746nghx.o
                0x0000000008000000                g_pfnVectors
                0x00000000080001c8                . = ALIGN (0x4)

.text           0x00000000080001d0    0x10138
                0x00000000080001d0                . = ALIGN (0x4)
 *(.text)
 .text          0x00000000080001d0       0x40 c:/users/myria/stm32cubeide_1.9.0/stm32cubeide/plugins/com.st.stm32cube.ide.mcu.externaltools.gnu-tools-for-stm32.10.3-2021.10.win32_1.0.0.202111181127/tools/bin/../lib/gcc/arm-none-eabi/10.3.1/thumb/v7e-m+fp/hard/crtbegin.o
 .text          0x0000000008000210       0xa0 c:/users/myria/stm32cubeide_1.9.0/stm32cubeide/plugins/com.st.stm32cube.ide.mcu.externaltools.gnu-tools-for-stm32.10.3-2021.10.win32_1.0.0.202111181127/tools/bin/../lib/gcc/arm-none-eabi/10.3.1/../../../../arm-none-eabi/lib/thumb/v7e-m+fp/hard\libc_nano.a(lib_a-memchr.o)
                0x0000000008000210                memchr
 .text          0x00000000080002b0       0x30 c:/users/myria/stm32cubeide_1.9.0/stm32cubeide/plugins/com.st.stm32cube.ide.mcu.externaltools.gnu-tools-for-stm32.10.3-2021.10.win32_1.0.0.202111181127/tools/bin/../lib/gcc/arm-none-eabi/10.3.1/thumb/v7e-m+fp/hard\libgcc.a(_aeabi_uldivmod.o)
                0x00000000080002b0                __aeabi_uldivmod
 .text          0x00000000080002e0      0x2d0 c:/users/myria/stm32cubeide_1.9.0/stm32cubeide/plugins/com.st.stm32cube.ide.mcu.externaltools.gnu-tools-for-stm32.10.3-2021.10.win32_1.0.0.202111181127/tools/bin/../lib/gcc/arm-none-eabi/10.3.1/thumb/v7e-m+fp/hard\libgcc.a(_udivmoddi4.o)
                0x00000000080002e0                __udivmoddi4
 .text          0x00000000080005b0        0x4 c:/users/myria/stm32cubeide_1.9.0/stm32cubeide/plugins/com.st.stm32cube.ide.mcu.externaltools.gnu-tools-for-stm32.10.3-2021.10.win32_1.0.0.202111181127/tools/bin/../lib/gcc/arm-none-eabi/10.3.1/thumb/v7e-m+fp/hard\libgcc.a(_dvmd_tls.o)
                0x00000000080005b0                __aeabi_idiv0
                0x00000000080005b0                __aeabi_ldiv0
 *(.text*)
 .text.vApplicationGetIdleTaskMemory
                0x00000000080005b4       0x34 ./Core/Src/freertos.o
                0x00000000080005b4                vApplicationGetIdleTaskMemory
 .text.ft5336_Init
                0x00000000080005e8       0x1c ./Core/Src/ft5336.o
                0x00000000080005e8                ft5336_Init
 .text.ft5336_Reset
                0x0000000008000604       0x16 ./Core/Src/ft5336.o
                0x0000000008000604                ft5336_Reset
 .text.ft5336_ReadID
                0x000000000800061a       0x5c ./Core/Src/ft5336.o
                0x000000000800061a                ft5336_ReadID
 .text.ft5336_TS_Start
                0x0000000008000676       0x22 ./Core/Src/ft5336.o
                0x0000000008000676                ft5336_TS_Start
 .text.ft5336_TS_DetectTouch
                0x0000000008000698       0x54 ./Core/Src/ft5336.o
                0x0000000008000698                ft5336_TS_DetectTouch
 .text.ft5336_TS_GetXY
                0x00000000080006ec      0x1e0 ./Core/Src/ft5336.o
                0x00000000080006ec                ft5336_TS_GetXY
 .text.ft5336_TS_EnableIT
                0x00000000080008cc       0x28 ./Core/Src/ft5336.o
                0x00000000080008cc                ft5336_TS_EnableIT
 .text.ft5336_TS_DisableIT
                0x00000000080008f4       0x28 ./Core/Src/ft5336.o
                0x00000000080008f4                ft5336_TS_DisableIT
 .text.ft5336_TS_ITStatus
                0x000000000800091c       0x18 ./Core/Src/ft5336.o
                0x000000000800091c                ft5336_TS_ITStatus
 .text.ft5336_TS_ClearIT
                0x0000000008000934       0x16 ./Core/Src/ft5336.o
                0x0000000008000934                ft5336_TS_ClearIT
 .text.ft5336_TS_GetGestureID
                0x000000000800094a       0x32 ./Core/Src/ft5336.o
                0x000000000800094a                ft5336_TS_GetGestureID
 .text.ft5336_TS_GetTouchInfo
                0x000000000800097c      0x15c ./Core/Src/ft5336.o
                0x000000000800097c                ft5336_TS_GetTouchInfo
 .text.ft5336_Get_I2C_InitializedStatus
                0x0000000008000ad8       0x18 ./Core/Src/ft5336.o
 .text.ft5336_I2C_InitializeIfRequired
                0x0000000008000af0       0x20 ./Core/Src/ft5336.o
 .text.ft5336_TS_Configure
                0x0000000008000b10       0x1c ./Core/Src/ft5336.o
 .text.main     0x0000000008000b2c      0x3b4 ./Core/Src/main.o
                0x0000000008000b2c                main
 .text.SystemClock_Config
                0x0000000008000ee0       0xe4 ./Core/Src/main.o
                0x0000000008000ee0                SystemClock_Config
 .text.PeriphCommonClock_Config
                0x0000000008000fc4       0x58 ./Core/Src/main.o
                0x0000000008000fc4                PeriphCommonClock_Config
 .text.MX_ADC1_Init
                0x000000000800101c       0xa4 ./Core/Src/main.o
 .text.MX_ADC3_Init
                0x00000000080010c0       0xa4 ./Core/Src/main.o
 .text.MX_DAC_Init
                0x0000000008001164       0x54 ./Core/Src/main.o
 .text.MX_DMA2D_Init
                0x00000000080011b8       0x64 ./Core/Src/main.o
 .text.MX_I2C1_Init
                0x000000000800121c       0x80 ./Core/Src/main.o
 .text.MX_I2C3_Init
                0x000000000800129c       0x80 ./Core/Src/main.o
 .text.MX_LTDC_Init
                0x000000000800131c      0x104 ./Core/Src/main.o
 .text.MX_RNG_Init
                0x0000000008001420       0x28 ./Core/Src/main.o
 .text.MX_RTC_Init
                0x0000000008001448      0x14c ./Core/Src/main.o
 .text.MX_SPI2_Init
                0x0000000008001594       0x7c ./Core/Src/main.o
 .text.MX_TIM1_Init
                0x0000000008001610       0xa8 ./Core/Src/main.o
 .text.MX_TIM2_Init
                0x00000000080016b8       0x9c ./Core/Src/main.o
 .text.MX_TIM3_Init
                0x0000000008001754       0x9c ./Core/Src/main.o
 .text.MX_TIM5_Init
                0x00000000080017f0       0x9c ./Core/Src/main.o
 .text.MX_TIM8_Init
                0x000000000800188c       0xa8 ./Core/Src/main.o
 .text.MX_UART7_Init
                0x0000000008001934       0x60 ./Core/Src/main.o
 .text.MX_USART1_UART_Init
                0x0000000008001994       0x60 ./Core/Src/main.o
 .text.MX_USART6_UART_Init
                0x00000000080019f4       0x60 ./Core/Src/main.o
 .text.MX_FMC_Init
                0x0000000008001a54       0xa0 ./Core/Src/main.o
 .text.MX_GPIO_Init
                0x0000000008001af4      0x580 ./Core/Src/main.o
 .text.HAL_UART_RxCpltCallback
                0x0000000008002074       0x88 ./Core/Src/main.o
                0x0000000008002074                HAL_UART_RxCpltCallback
 .text.StartDefaultTask
                0x00000000080020fc       0x10 ./Core/Src/main.o
                0x00000000080020fc                StartDefaultTask
 .text.tache_snake
                0x000000000800210c      0x620 ./Core/Src/main.o
                0x000000000800210c                tache_snake
 .text.tache_affichage
                0x000000000800272c      0x4e0 ./Core/Src/main.o
                0x000000000800272c                tache_affichage
 .text.tache_game
                0x0000000008002c0c      0x190 ./Core/Src/main.o
                0x0000000008002c0c                tache_game
 .text.HAL_TIM_PeriodElapsedCallback
                0x0000000008002d9c       0x24 ./Core/Src/main.o
                0x0000000008002d9c                HAL_TIM_PeriodElapsedCallback
 .text.Error_Handler
                0x0000000008002dc0        0xa ./Core/Src/main.o
                0x0000000008002dc0                Error_Handler
 *fill*         0x0000000008002dca        0x2 
 .text.I2Cx_MspInit
                0x0000000008002dcc      0x160 ./Core/Src/stm32746g_discovery.o
 .text.I2Cx_Init
                0x0000000008002f2c       0x78 ./Core/Src/stm32746g_discovery.o
 .text.I2Cx_ReadMultiple
                0x0000000008002fa4       0x5a ./Core/Src/stm32746g_discovery.o
 .text.I2Cx_WriteMultiple
                0x0000000008002ffe       0x5a ./Core/Src/stm32746g_discovery.o
 .text.I2Cx_Error
                0x0000000008003058       0x20 ./Core/Src/stm32746g_discovery.o
 .text.TS_IO_Init
                0x0000000008003078       0x14 ./Core/Src/stm32746g_discovery.o
                0x0000000008003078                TS_IO_Init
 .text.TS_IO_Write
                0x000000000800308c       0x34 ./Core/Src/stm32746g_discovery.o
                0x000000000800308c                TS_IO_Write
 .text.TS_IO_Read
                0x00000000080030c0       0x3c ./Core/Src/stm32746g_discovery.o
                0x00000000080030c0                TS_IO_Read
 .text.TS_IO_Delay
                0x00000000080030fc       0x16 ./Core/Src/stm32746g_discovery.o
                0x00000000080030fc                TS_IO_Delay
 *fill*         0x0000000008003112        0x2 
 .text.BSP_LCD_Init
                0x0000000008003114       0xe0 ./Core/Src/stm32746g_discovery_lcd.o
                0x0000000008003114                BSP_LCD_Init
 .text.BSP_LCD_GetXSize
                0x00000000080031f4       0x28 ./Core/Src/stm32746g_discovery_lcd.o
                0x00000000080031f4                BSP_LCD_GetXSize
 .text.BSP_LCD_GetYSize
                0x000000000800321c       0x28 ./Core/Src/stm32746g_discovery_lcd.o
                0x000000000800321c                BSP_LCD_GetYSize
 .text.BSP_LCD_LayerDefaultInit
                0x0000000008003244       0xc0 ./Core/Src/stm32746g_discovery_lcd.o
                0x0000000008003244                BSP_LCD_LayerDefaultInit
 .text.BSP_LCD_SelectLayer
                0x0000000008003304       0x20 ./Core/Src/stm32746g_discovery_lcd.o
                0x0000000008003304                BSP_LCD_SelectLayer
 .text.BSP_LCD_SetLayerVisible
                0x0000000008003324       0x7c ./Core/Src/stm32746g_discovery_lcd.o
                0x0000000008003324                BSP_LCD_SetLayerVisible
 .text.BSP_LCD_SetTextColor
                0x00000000080033a0       0x30 ./Core/Src/stm32746g_discovery_lcd.o
                0x00000000080033a0                BSP_LCD_SetTextColor
 .text.BSP_LCD_SetBackColor
                0x00000000080033d0       0x34 ./Core/Src/stm32746g_discovery_lcd.o
                0x00000000080033d0                BSP_LCD_SetBackColor
 .text.BSP_LCD_SetFont
                0x0000000008003404       0x34 ./Core/Src/stm32746g_discovery_lcd.o
                0x0000000008003404                BSP_LCD_SetFont
 .text.BSP_LCD_GetFont
                0x0000000008003438       0x2c ./Core/Src/stm32746g_discovery_lcd.o
                0x0000000008003438                BSP_LCD_GetFont
 .text.BSP_LCD_Clear
                0x0000000008003464       0x50 ./Core/Src/stm32746g_discovery_lcd.o
                0x0000000008003464                BSP_LCD_Clear
 .text.BSP_LCD_DisplayChar
                0x00000000080034b4       0x88 ./Core/Src/stm32746g_discovery_lcd.o
                0x00000000080034b4                BSP_LCD_DisplayChar
 .text.BSP_LCD_DisplayStringAt
                0x000000000800353c      0x190 ./Core/Src/stm32746g_discovery_lcd.o
                0x000000000800353c                BSP_LCD_DisplayStringAt
 .text.BSP_LCD_DisplayStringAtLine
                0x00000000080036cc       0x2e ./Core/Src/stm32746g_discovery_lcd.o
                0x00000000080036cc                BSP_LCD_DisplayStringAtLine
 *fill*         0x00000000080036fa        0x2 
 .text.BSP_LCD_DrawHLine
                0x00000000080036fc       0xbc ./Core/Src/stm32746g_discovery_lcd.o
                0x00000000080036fc                BSP_LCD_DrawHLine
 .text.BSP_LCD_DrawCircle
                0x00000000080037b8      0x1d4 ./Core/Src/stm32746g_discovery_lcd.o
                0x00000000080037b8                BSP_LCD_DrawCircle
 .text.BSP_LCD_DrawPixel
                0x000000000800398c       0x90 ./Core/Src/stm32746g_discovery_lcd.o
                0x000000000800398c                BSP_LCD_DrawPixel
 .text.BSP_LCD_DrawBitmap
                0x0000000008003a1c      0x164 ./Core/Src/stm32746g_discovery_lcd.o
                0x0000000008003a1c                BSP_LCD_DrawBitmap
 .text.BSP_LCD_FillRect
                0x0000000008003b80       0xf4 ./Core/Src/stm32746g_discovery_lcd.o
                0x0000000008003b80                BSP_LCD_FillRect
 .text.BSP_LCD_FillCircle
                0x0000000008003c74      0x140 ./Core/Src/stm32746g_discovery_lcd.o
                0x0000000008003c74                BSP_LCD_FillCircle
 .text.BSP_LCD_DisplayOn
                0x0000000008003db4       0x3c ./Core/Src/stm32746g_discovery_lcd.o
                0x0000000008003db4                BSP_LCD_DisplayOn
 .text.BSP_LCD_MspInit
                0x0000000008003df0      0x1b4 ./Core/Src/stm32746g_discovery_lcd.o
                0x0000000008003df0                BSP_LCD_MspInit
 .text.BSP_LCD_ClockConfig
                0x0000000008003fa4       0x38 ./Core/Src/stm32746g_discovery_lcd.o
                0x0000000008003fa4                BSP_LCD_ClockConfig
 .text.DrawChar
                0x0000000008003fdc      0x170 ./Core/Src/stm32746g_discovery_lcd.o
 .text.LL_FillBuffer
                0x000000000800414c       0x98 ./Core/Src/stm32746g_discovery_lcd.o
 .text.LL_ConvertLineToARGB8888
                0x00000000080041e4       0x88 ./Core/Src/stm32746g_discovery_lcd.o
 .text.BSP_SDRAM_Init
                0x000000000800426c       0xbc ./Core/Src/stm32746g_discovery_sdram.o
                0x000000000800426c                BSP_SDRAM_Init
 .text.BSP_SDRAM_Initialization_sequence
                0x0000000008004328       0xc0 ./Core/Src/stm32746g_discovery_sdram.o
                0x0000000008004328                BSP_SDRAM_Initialization_sequence
 .text.BSP_SDRAM_MspInit
                0x00000000080043e8      0x1f0 ./Core/Src/stm32746g_discovery_sdram.o
                0x00000000080043e8                BSP_SDRAM_MspInit
 .text.BSP_TS_Init
                0x00000000080045d8       0x80 ./Core/Src/stm32746g_discovery_ts.o
                0x00000000080045d8                BSP_TS_Init
 .text.BSP_TS_GetState
                0x0000000008004658      0x374 ./Core/Src/stm32746g_discovery_ts.o
                0x0000000008004658                BSP_TS_GetState
 .text.BSP_TS_Get_GestureId
                0x00000000080049cc      0x104 ./Core/Src/stm32746g_discovery_ts.o
                0x00000000080049cc                BSP_TS_Get_GestureId
 .text.HAL_MspInit
                0x0000000008004ad0       0x50 ./Core/Src/stm32f7xx_hal_msp.o
                0x0000000008004ad0                HAL_MspInit
 .text.HAL_ADC_MspInit
                0x0000000008004b20      0x12c ./Core/Src/stm32f7xx_hal_msp.o
                0x0000000008004b20                HAL_ADC_MspInit
 .text.HAL_DAC_MspInit
                0x0000000008004c4c       0x90 ./Core/Src/stm32f7xx_hal_msp.o
                0x0000000008004c4c                HAL_DAC_MspInit
 .text.HAL_DMA2D_MspInit
                0x0000000008004cdc       0x4c ./Core/Src/stm32f7xx_hal_msp.o
                0x0000000008004cdc                HAL_DMA2D_MspInit
 .text.HAL_I2C_MspInit
                0x0000000008004d28      0x150 ./Core/Src/stm32f7xx_hal_msp.o
                0x0000000008004d28                HAL_I2C_MspInit
 .text.HAL_I2C_MspDeInit
                0x0000000008004e78       0x78 ./Core/Src/stm32f7xx_hal_msp.o
                0x0000000008004e78                HAL_I2C_MspDeInit
 .text.HAL_LTDC_MspInit
                0x0000000008004ef0      0x190 ./Core/Src/stm32f7xx_hal_msp.o
                0x0000000008004ef0                HAL_LTDC_MspInit
 .text.HAL_RNG_MspInit
                0x0000000008005080       0x4c ./Core/Src/stm32f7xx_hal_msp.o
                0x0000000008005080                HAL_RNG_MspInit
 .text.HAL_RTC_MspInit
                0x00000000080050cc       0x5c ./Core/Src/stm32f7xx_hal_msp.o
                0x00000000080050cc                HAL_RTC_MspInit
 .text.HAL_SPI_MspInit
                0x0000000008005128       0xc4 ./Core/Src/stm32f7xx_hal_msp.o
                0x0000000008005128                HAL_SPI_MspInit
 .text.HAL_TIM_Base_MspInit
                0x00000000080051ec      0x124 ./Core/Src/stm32f7xx_hal_msp.o
                0x00000000080051ec                HAL_TIM_Base_MspInit
 .text.HAL_UART_MspInit
                0x0000000008005310      0x230 ./Core/Src/stm32f7xx_hal_msp.o
                0x0000000008005310                HAL_UART_MspInit
 .text.HAL_FMC_MspInit
                0x0000000008005540      0x120 ./Core/Src/stm32f7xx_hal_msp.o
 .text.HAL_SDRAM_MspInit
                0x0000000008005660       0x14 ./Core/Src/stm32f7xx_hal_msp.o
                0x0000000008005660                HAL_SDRAM_MspInit
 .text.HAL_InitTick
                0x0000000008005674       0xb0 ./Core/Src/stm32f7xx_hal_timebase_tim.o
                0x0000000008005674                HAL_InitTick
 .text.NMI_Handler
                0x0000000008005724        0x6 ./Core/Src/stm32f7xx_it.o
                0x0000000008005724                NMI_Handler
 .text.HardFault_Handler
                0x000000000800572a        0x6 ./Core/Src/stm32f7xx_it.o
                0x000000000800572a                HardFault_Handler
 .text.MemManage_Handler
                0x0000000008005730        0x6 ./Core/Src/stm32f7xx_it.o
                0x0000000008005730                MemManage_Handler
 .text.BusFault_Handler
                0x0000000008005736        0x6 ./Core/Src/stm32f7xx_it.o
                0x0000000008005736                BusFault_Handler
 .text.UsageFault_Handler
                0x000000000800573c        0x6 ./Core/Src/stm32f7xx_it.o
                0x000000000800573c                UsageFault_Handler
 .text.DebugMon_Handler
                0x0000000008005742        0xe ./Core/Src/stm32f7xx_it.o
                0x0000000008005742                DebugMon_Handler
 .text.ADC_IRQHandler
                0x0000000008005750       0x1c ./Core/Src/stm32f7xx_it.o
                0x0000000008005750                ADC_IRQHandler
 .text.USART1_IRQHandler
                0x000000000800576c       0x14 ./Core/Src/stm32f7xx_it.o
                0x000000000800576c                USART1_IRQHandler
 .text.TIM6_DAC_IRQHandler
                0x0000000008005780       0x28 ./Core/Src/stm32f7xx_it.o
                0x0000000008005780                TIM6_DAC_IRQHandler
 .text.RNG_IRQHandler
                0x00000000080057a8       0x14 ./Core/Src/stm32f7xx_it.o
                0x00000000080057a8                RNG_IRQHandler
 .text.LTDC_IRQHandler
                0x00000000080057bc       0x14 ./Core/Src/stm32f7xx_it.o
                0x00000000080057bc                LTDC_IRQHandler
 .text.DMA2D_IRQHandler
                0x00000000080057d0       0x14 ./Core/Src/stm32f7xx_it.o
                0x00000000080057d0                DMA2D_IRQHandler
 .text._sbrk    0x00000000080057e4       0x6c ./Core/Src/sysmem.o
                0x00000000080057e4                _sbrk
 .text.SystemInit
                0x0000000008005850       0x24 ./Core/Src/system_stm32f7xx.o
                0x0000000008005850                SystemInit
 .text.Reset_Handler
                0x0000000008005874       0x50 ./Core/Startup/startup_stm32f746nghx.o
                0x0000000008005874                Reset_Handler
 .text.Default_Handler
                0x00000000080058c4        0x2 ./Core/Startup/startup_stm32f746nghx.o
                0x00000000080058c4                RTC_Alarm_IRQHandler
                0x00000000080058c4                EXTI2_IRQHandler
                0x00000000080058c4                TIM8_CC_IRQHandler
                0x00000000080058c4                UART8_IRQHandler
                0x00000000080058c4                SPI4_IRQHandler
                0x00000000080058c4                TIM1_CC_IRQHandler
                0x00000000080058c4                DMA2_Stream5_IRQHandler
                0x00000000080058c4                DMA1_Stream5_IRQHandler
                0x00000000080058c4                PVD_IRQHandler
                0x00000000080058c4                TAMP_STAMP_IRQHandler
                0x00000000080058c4                CAN2_RX1_IRQHandler
                0x00000000080058c4                EXTI3_IRQHandler
                0x00000000080058c4                TIM8_TRG_COM_TIM14_IRQHandler
                0x00000000080058c4                TIM1_UP_TIM10_IRQHandler
                0x00000000080058c4                TIM8_UP_TIM13_IRQHandler
                0x00000000080058c4                I2C3_ER_IRQHandler
                0x00000000080058c4                EXTI0_IRQHandler
                0x00000000080058c4                I2C2_EV_IRQHandler
                0x00000000080058c4                DMA1_Stream2_IRQHandler
                0x00000000080058c4                CAN1_RX0_IRQHandler
                0x00000000080058c4                FPU_IRQHandler
                0x00000000080058c4                OTG_HS_WKUP_IRQHandler
                0x00000000080058c4                LTDC_ER_IRQHandler
                0x00000000080058c4                CAN2_SCE_IRQHandler
                0x00000000080058c4                DMA2_Stream2_IRQHandler
                0x00000000080058c4                SPI1_IRQHandler
                0x00000000080058c4                TIM1_BRK_TIM9_IRQHandler
                0x00000000080058c4                DCMI_IRQHandler
                0x00000000080058c4                CAN2_RX0_IRQHandler
                0x00000000080058c4                DMA2_Stream3_IRQHandler
                0x00000000080058c4                SAI2_IRQHandler
                0x00000000080058c4                USART6_IRQHandler
                0x00000000080058c4                USART3_IRQHandler
                0x00000000080058c4                CAN1_RX1_IRQHandler
                0x00000000080058c4                UART5_IRQHandler
                0x00000000080058c4                DMA2_Stream0_IRQHandler
                0x00000000080058c4                TIM4_IRQHandler
                0x00000000080058c4                QUADSPI_IRQHandler
                0x00000000080058c4                I2C1_EV_IRQHandler
                0x00000000080058c4                DMA1_Stream6_IRQHandler
                0x00000000080058c4                DMA1_Stream1_IRQHandler
                0x00000000080058c4                UART4_IRQHandler
                0x00000000080058c4                TIM3_IRQHandler
                0x00000000080058c4                RCC_IRQHandler
                0x00000000080058c4                TIM8_BRK_TIM12_IRQHandler
                0x00000000080058c4                Default_Handler
                0x00000000080058c4                CEC_IRQHandler
                0x00000000080058c4                EXTI15_10_IRQHandler
                0x00000000080058c4                DMA1_Stream7_IRQHandler
                0x00000000080058c4                SPI5_IRQHandler
                0x00000000080058c4                TIM7_IRQHandler
                0x00000000080058c4                SDMMC1_IRQHandler
                0x00000000080058c4                CAN2_TX_IRQHandler
                0x00000000080058c4                TIM5_IRQHandler
                0x00000000080058c4                DMA2_Stream7_IRQHandler
                0x00000000080058c4                I2C3_EV_IRQHandler
                0x00000000080058c4                EXTI9_5_IRQHandler
                0x00000000080058c4                RTC_WKUP_IRQHandler
                0x00000000080058c4                ETH_WKUP_IRQHandler
                0x00000000080058c4                SPDIF_RX_IRQHandler
                0x00000000080058c4                SPI2_IRQHandler
                0x00000000080058c4                OTG_HS_EP1_IN_IRQHandler
                0x00000000080058c4                DMA1_Stream0_IRQHandler
                0x00000000080058c4                CAN1_TX_IRQHandler
                0x00000000080058c4                EXTI4_IRQHandler
                0x00000000080058c4                ETH_IRQHandler
                0x00000000080058c4                OTG_HS_EP1_OUT_IRQHandler
                0x00000000080058c4                WWDG_IRQHandler
                0x00000000080058c4                SPI6_IRQHandler
                0x00000000080058c4                I2C4_EV_IRQHandler
                0x00000000080058c4                TIM2_IRQHandler
                0x00000000080058c4                OTG_FS_WKUP_IRQHandler
                0x00000000080058c4                TIM1_TRG_COM_TIM11_IRQHandler
                0x00000000080058c4                OTG_HS_IRQHandler
                0x00000000080058c4                EXTI1_IRQHandler
                0x00000000080058c4                UART7_IRQHandler
                0x00000000080058c4                USART2_IRQHandler
                0x00000000080058c4                I2C2_ER_IRQHandler
                0x00000000080058c4                DMA2_Stream1_IRQHandler
                0x00000000080058c4                CAN1_SCE_IRQHandler
                0x00000000080058c4                FLASH_IRQHandler
                0x00000000080058c4                DMA2_Stream4_IRQHandler
                0x00000000080058c4                OTG_FS_IRQHandler
                0x00000000080058c4                SPI3_IRQHandler
                0x00000000080058c4                DMA1_Stream4_IRQHandler
                0x00000000080058c4                I2C1_ER_IRQHandler
                0x00000000080058c4                FMC_IRQHandler
                0x00000000080058c4                LPTIM1_IRQHandler
                0x00000000080058c4                I2C4_ER_IRQHandler
                0x00000000080058c4                DMA2_Stream6_IRQHandler
                0x00000000080058c4                SAI1_IRQHandler
                0x00000000080058c4                DMA1_Stream3_IRQHandler
 .text.HAL_Init
                0x00000000080058c6       0x1a ./Drivers/STM32F7xx_HAL_Driver/Src/stm32f7xx_hal.o
                0x00000000080058c6                HAL_Init
 .text.HAL_IncTick
                0x00000000080058e0       0x28 ./Drivers/STM32F7xx_HAL_Driver/Src/stm32f7xx_hal.o
                0x00000000080058e0                HAL_IncTick
 .text.HAL_GetTick
                0x0000000008005908       0x18 ./Drivers/STM32F7xx_HAL_Driver/Src/stm32f7xx_hal.o
                0x0000000008005908                HAL_GetTick
 .text.HAL_Delay
                0x0000000008005920       0x48 ./Drivers/STM32F7xx_HAL_Driver/Src/stm32f7xx_hal.o
                0x0000000008005920                HAL_Delay
 .text.HAL_ADC_Init
                0x0000000008005968       0x88 ./Drivers/STM32F7xx_HAL_Driver/Src/stm32f7xx_hal_adc.o
                0x0000000008005968                HAL_ADC_Init
 .text.HAL_ADC_Start
                0x00000000080059f0      0x19c ./Drivers/STM32F7xx_HAL_Driver/Src/stm32f7xx_hal_adc.o
                0x00000000080059f0                HAL_ADC_Start
 .text.HAL_ADC_PollForConversion
                0x0000000008005b8c      0x116 ./Drivers/STM32F7xx_HAL_Driver/Src/stm32f7xx_hal_adc.o
                0x0000000008005b8c                HAL_ADC_PollForConversion
 .text.HAL_ADC_IRQHandler
                0x0000000008005ca2      0x220 ./Drivers/STM32F7xx_HAL_Driver/Src/stm32f7xx_hal_adc.o
                0x0000000008005ca2                HAL_ADC_IRQHandler
 .text.HAL_ADC_GetValue
                0x0000000008005ec2       0x1a ./Drivers/STM32F7xx_HAL_Driver/Src/stm32f7xx_hal_adc.o
                0x0000000008005ec2                HAL_ADC_GetValue
 .text.HAL_ADC_ConvCpltCallback
                0x0000000008005edc       0x14 ./Drivers/STM32F7xx_HAL_Driver/Src/stm32f7xx_hal_adc.o
                0x0000000008005edc                HAL_ADC_ConvCpltCallback
 .text.HAL_ADC_LevelOutOfWindowCallback
                0x0000000008005ef0       0x14 ./Drivers/STM32F7xx_HAL_Driver/Src/stm32f7xx_hal_adc.o
                0x0000000008005ef0                HAL_ADC_LevelOutOfWindowCallback
 .text.HAL_ADC_ErrorCallback
                0x0000000008005f04       0x14 ./Drivers/STM32F7xx_HAL_Driver/Src/stm32f7xx_hal_adc.o
                0x0000000008005f04                HAL_ADC_ErrorCallback
 .text.HAL_ADC_ConfigChannel
                0x0000000008005f18      0x2ac ./Drivers/STM32F7xx_HAL_Driver/Src/stm32f7xx_hal_adc.o
                0x0000000008005f18                HAL_ADC_ConfigChannel
 .text.ADC_Init
                0x00000000080061c4      0x1f4 ./Drivers/STM32F7xx_HAL_Driver/Src/stm32f7xx_hal_adc.o
 .text.HAL_ADCEx_InjectedConvCpltCallback
                0x00000000080063b8       0x14 ./Drivers/STM32F7xx_HAL_Driver/Src/stm32f7xx_hal_adc_ex.o
                0x00000000080063b8                HAL_ADCEx_InjectedConvCpltCallback
 .text.__NVIC_SetPriorityGrouping
                0x00000000080063cc       0x48 ./Drivers/STM32F7xx_HAL_Driver/Src/stm32f7xx_hal_cortex.o
 .text.__NVIC_GetPriorityGrouping
                0x0000000008006414       0x1c ./Drivers/STM32F7xx_HAL_Driver/Src/stm32f7xx_hal_cortex.o
 .text.__NVIC_EnableIRQ
                0x0000000008006430       0x3c ./Drivers/STM32F7xx_HAL_Driver/Src/stm32f7xx_hal_cortex.o
 .text.__NVIC_SetPriority
                0x000000000800646c       0x54 ./Drivers/STM32F7xx_HAL_Driver/Src/stm32f7xx_hal_cortex.o
 .text.NVIC_EncodePriority
                0x00000000080064c0       0x66 ./Drivers/STM32F7xx_HAL_Driver/Src/stm32f7xx_hal_cortex.o
 .text.HAL_NVIC_SetPriorityGrouping
                0x0000000008006526       0x16 ./Drivers/STM32F7xx_HAL_Driver/Src/stm32f7xx_hal_cortex.o
                0x0000000008006526                HAL_NVIC_SetPriorityGrouping
 .text.HAL_NVIC_SetPriority
                0x000000000800653c       0x38 ./Drivers/STM32F7xx_HAL_Driver/Src/stm32f7xx_hal_cortex.o
                0x000000000800653c                HAL_NVIC_SetPriority
 .text.HAL_NVIC_EnableIRQ
                0x0000000008006574       0x1c ./Drivers/STM32F7xx_HAL_Driver/Src/stm32f7xx_hal_cortex.o
                0x0000000008006574                HAL_NVIC_EnableIRQ
 .text.HAL_DAC_Init
                0x0000000008006590       0x44 ./Drivers/STM32F7xx_HAL_Driver/Src/stm32f7xx_hal_dac.o
                0x0000000008006590                HAL_DAC_Init
 .text.HAL_DAC_IRQHandler
                0x00000000080065d4       0xb4 ./Drivers/STM32F7xx_HAL_Driver/Src/stm32f7xx_hal_dac.o
                0x00000000080065d4                HAL_DAC_IRQHandler
 .text.HAL_DAC_DMAUnderrunCallbackCh1
                0x0000000008006688       0x14 ./Drivers/STM32F7xx_HAL_Driver/Src/stm32f7xx_hal_dac.o
                0x0000000008006688                HAL_DAC_DMAUnderrunCallbackCh1
 .text.HAL_DAC_ConfigChannel
                0x000000000800669c       0x9e ./Drivers/STM32F7xx_HAL_Driver/Src/stm32f7xx_hal_dac.o
                0x000000000800669c                HAL_DAC_ConfigChannel
 .text.HAL_DACEx_DMAUnderrunCallbackCh2
                0x000000000800673a       0x14 ./Drivers/STM32F7xx_HAL_Driver/Src/stm32f7xx_hal_dac_ex.o
                0x000000000800673a                HAL_DACEx_DMAUnderrunCallbackCh2
 *fill*         0x000000000800674e        0x2 
 .text.HAL_DMA_Init
                0x0000000008006750      0x15c ./Drivers/STM32F7xx_HAL_Driver/Src/stm32f7xx_hal_dma.o
                0x0000000008006750                HAL_DMA_Init
 .text.HAL_DMA_DeInit
                0x00000000080068ac       0xbc ./Drivers/STM32F7xx_HAL_Driver/Src/stm32f7xx_hal_dma.o
                0x00000000080068ac                HAL_DMA_DeInit
 .text.HAL_DMA_Abort
                0x0000000008006968       0xe0 ./Drivers/STM32F7xx_HAL_Driver/Src/stm32f7xx_hal_dma.o
                0x0000000008006968                HAL_DMA_Abort
 .text.HAL_DMA_Abort_IT
                0x0000000008006a48       0x44 ./Drivers/STM32F7xx_HAL_Driver/Src/stm32f7xx_hal_dma.o
                0x0000000008006a48                HAL_DMA_Abort_IT
 .text.DMA_CalcBaseAndBitshift
                0x0000000008006a8c       0x6c ./Drivers/STM32F7xx_HAL_Driver/Src/stm32f7xx_hal_dma.o
 .text.DMA_CheckFifoParam
                0x0000000008006af8       0xf8 ./Drivers/STM32F7xx_HAL_Driver/Src/stm32f7xx_hal_dma.o
 .text.HAL_DMA2D_Init
                0x0000000008006bf0       0x94 ./Drivers/STM32F7xx_HAL_Driver/Src/stm32f7xx_hal_dma2d.o
                0x0000000008006bf0                HAL_DMA2D_Init
 .text.HAL_DMA2D_Start
                0x0000000008006c84       0x56 ./Drivers/STM32F7xx_HAL_Driver/Src/stm32f7xx_hal_dma2d.o
                0x0000000008006c84                HAL_DMA2D_Start
 .text.HAL_DMA2D_PollForTransfer
                0x0000000008006cda      0x1d2 ./Drivers/STM32F7xx_HAL_Driver/Src/stm32f7xx_hal_dma2d.o
                0x0000000008006cda                HAL_DMA2D_PollForTransfer
 .text.HAL_DMA2D_IRQHandler
                0x0000000008006eac      0x1f8 ./Drivers/STM32F7xx_HAL_Driver/Src/stm32f7xx_hal_dma2d.o
                0x0000000008006eac                HAL_DMA2D_IRQHandler
 .text.HAL_DMA2D_LineEventCallback
                0x00000000080070a4       0x14 ./Drivers/STM32F7xx_HAL_Driver/Src/stm32f7xx_hal_dma2d.o
                0x00000000080070a4                HAL_DMA2D_LineEventCallback
 .text.HAL_DMA2D_CLUTLoadingCpltCallback
                0x00000000080070b8       0x14 ./Drivers/STM32F7xx_HAL_Driver/Src/stm32f7xx_hal_dma2d.o
                0x00000000080070b8                HAL_DMA2D_CLUTLoadingCpltCallback
 .text.HAL_DMA2D_ConfigLayer
                0x00000000080070cc      0x124 ./Drivers/STM32F7xx_HAL_Driver/Src/stm32f7xx_hal_dma2d.o
                0x00000000080070cc                HAL_DMA2D_ConfigLayer
 .text.DMA2D_SetConfig
                0x00000000080071f0      0x138 ./Drivers/STM32F7xx_HAL_Driver/Src/stm32f7xx_hal_dma2d.o
 .text.HAL_GPIO_Init
                0x0000000008007328      0x358 ./Drivers/STM32F7xx_HAL_Driver/Src/stm32f7xx_hal_gpio.o
                0x0000000008007328                HAL_GPIO_Init
 .text.HAL_GPIO_DeInit
                0x0000000008007680      0x218 ./Drivers/STM32F7xx_HAL_Driver/Src/stm32f7xx_hal_gpio.o
                0x0000000008007680                HAL_GPIO_DeInit
 .text.HAL_GPIO_ReadPin
                0x0000000008007898       0x30 ./Drivers/STM32F7xx_HAL_Driver/Src/stm32f7xx_hal_gpio.o
                0x0000000008007898                HAL_GPIO_ReadPin
 .text.HAL_GPIO_WritePin
                0x00000000080078c8       0x32 ./Drivers/STM32F7xx_HAL_Driver/Src/stm32f7xx_hal_gpio.o
                0x00000000080078c8                HAL_GPIO_WritePin
 *fill*         0x00000000080078fa        0x2 
 .text.HAL_I2C_Init
                0x00000000080078fc      0x120 ./Drivers/STM32F7xx_HAL_Driver/Src/stm32f7xx_hal_i2c.o
                0x00000000080078fc                HAL_I2C_Init
 .text.HAL_I2C_DeInit
                0x0000000008007a1c       0x5e ./Drivers/STM32F7xx_HAL_Driver/Src/stm32f7xx_hal_i2c.o
                0x0000000008007a1c                HAL_I2C_DeInit
 *fill*         0x0000000008007a7a        0x2 
 .text.HAL_I2C_Mem_Write
                0x0000000008007a7c      0x228 ./Drivers/STM32F7xx_HAL_Driver/Src/stm32f7xx_hal_i2c.o
                0x0000000008007a7c                HAL_I2C_Mem_Write
 .text.HAL_I2C_Mem_Read
                0x0000000008007ca4      0x234 ./Drivers/STM32F7xx_HAL_Driver/Src/stm32f7xx_hal_i2c.o
                0x0000000008007ca4                HAL_I2C_Mem_Read
 .text.HAL_I2C_GetState
                0x0000000008007ed8       0x1c ./Drivers/STM32F7xx_HAL_Driver/Src/stm32f7xx_hal_i2c.o
                0x0000000008007ed8                HAL_I2C_GetState
 .text.I2C_RequestMemoryWrite
                0x0000000008007ef4       0xa8 ./Drivers/STM32F7xx_HAL_Driver/Src/stm32f7xx_hal_i2c.o
 .text.I2C_RequestMemoryRead
                0x0000000008007f9c       0xa8 ./Drivers/STM32F7xx_HAL_Driver/Src/stm32f7xx_hal_i2c.o
 .text.I2C_Flush_TXDR
                0x0000000008008044       0x48 ./Drivers/STM32F7xx_HAL_Driver/Src/stm32f7xx_hal_i2c.o
 .text.I2C_WaitOnFlagUntilTimeout
                0x000000000800808c       0x80 ./Drivers/STM32F7xx_HAL_Driver/Src/stm32f7xx_hal_i2c.o
 .text.I2C_WaitOnTXISFlagUntilTimeout
                0x000000000800810c       0x80 ./Drivers/STM32F7xx_HAL_Driver/Src/stm32f7xx_hal_i2c.o
 .text.I2C_WaitOnSTOPFlagUntilTimeout
                0x000000000800818c       0x78 ./Drivers/STM32F7xx_HAL_Driver/Src/stm32f7xx_hal_i2c.o
 .text.I2C_IsErrorOccurred
                0x0000000008008204      0x1d8 ./Drivers/STM32F7xx_HAL_Driver/Src/stm32f7xx_hal_i2c.o
 .text.I2C_TransferConfig
                0x00000000080083dc       0x64 ./Drivers/STM32F7xx_HAL_Driver/Src/stm32f7xx_hal_i2c.o
 .text.HAL_I2CEx_ConfigAnalogFilter
                0x0000000008008440       0x96 ./Drivers/STM32F7xx_HAL_Driver/Src/stm32f7xx_hal_i2c_ex.o
                0x0000000008008440                HAL_I2CEx_ConfigAnalogFilter
 .text.HAL_I2CEx_ConfigDigitalFilter
                0x00000000080084d6       0x98 ./Drivers/STM32F7xx_HAL_Driver/Src/stm32f7xx_hal_i2c_ex.o
                0x00000000080084d6                HAL_I2CEx_ConfigDigitalFilter
 *fill*         0x000000000800856e        0x2 
 .text.HAL_LTDC_Init
                0x0000000008008570      0x1a0 ./Drivers/STM32F7xx_HAL_Driver/Src/stm32f7xx_hal_ltdc.o
                0x0000000008008570                HAL_LTDC_Init
 .text.HAL_LTDC_IRQHandler
                0x0000000008008710      0x148 ./Drivers/STM32F7xx_HAL_Driver/Src/stm32f7xx_hal_ltdc.o
                0x0000000008008710                HAL_LTDC_IRQHandler
 .text.HAL_LTDC_ErrorCallback
                0x0000000008008858       0x14 ./Drivers/STM32F7xx_HAL_Driver/Src/stm32f7xx_hal_ltdc.o
                0x0000000008008858                HAL_LTDC_ErrorCallback
 .text.HAL_LTDC_LineEventCallback
                0x000000000800886c       0x14 ./Drivers/STM32F7xx_HAL_Driver/Src/stm32f7xx_hal_ltdc.o
                0x000000000800886c                HAL_LTDC_LineEventCallback
 .text.HAL_LTDC_ReloadEventCallback
                0x0000000008008880       0x14 ./Drivers/STM32F7xx_HAL_Driver/Src/stm32f7xx_hal_ltdc.o
                0x0000000008008880                HAL_LTDC_ReloadEventCallback
 .text.HAL_LTDC_ConfigLayer
                0x0000000008008894       0x7c ./Drivers/STM32F7xx_HAL_Driver/Src/stm32f7xx_hal_ltdc.o
                0x0000000008008894                HAL_LTDC_ConfigLayer
 .text.HAL_LTDC_GetState
                0x0000000008008910       0x1c ./Drivers/STM32F7xx_HAL_Driver/Src/stm32f7xx_hal_ltdc.o
                0x0000000008008910                HAL_LTDC_GetState
 .text.LTDC_SetConfig
                0x000000000800892c      0x334 ./Drivers/STM32F7xx_HAL_Driver/Src/stm32f7xx_hal_ltdc.o
 .text.HAL_PWR_EnableBkUpAccess
                0x0000000008008c60       0x20 ./Drivers/STM32F7xx_HAL_Driver/Src/stm32f7xx_hal_pwr.o
                0x0000000008008c60                HAL_PWR_EnableBkUpAccess
 .text.HAL_PWREx_EnableOverDrive
                0x0000000008008c80       0xa0 ./Drivers/STM32F7xx_HAL_Driver/Src/stm32f7xx_hal_pwr_ex.o
                0x0000000008008c80                HAL_PWREx_EnableOverDrive
 .text.HAL_RCC_OscConfig
                0x0000000008008d20      0x548 ./Drivers/STM32F7xx_HAL_Driver/Src/stm32f7xx_hal_rcc.o
                0x0000000008008d20                HAL_RCC_OscConfig
 .text.HAL_RCC_ClockConfig
                0x0000000008009268      0x1d8 ./Drivers/STM32F7xx_HAL_Driver/Src/stm32f7xx_hal_rcc.o
                0x0000000008009268                HAL_RCC_ClockConfig
 .text.HAL_RCC_GetSysClockFreq
                0x0000000008009440      0x18c ./Drivers/STM32F7xx_HAL_Driver/Src/stm32f7xx_hal_rcc.o
                0x0000000008009440                HAL_RCC_GetSysClockFreq
 .text.HAL_RCC_GetHCLKFreq
                0x00000000080095cc       0x18 ./Drivers/STM32F7xx_HAL_Driver/Src/stm32f7xx_hal_rcc.o
                0x00000000080095cc                HAL_RCC_GetHCLKFreq
 .text.HAL_RCC_GetPCLK1Freq
                0x00000000080095e4       0x28 ./Drivers/STM32F7xx_HAL_Driver/Src/stm32f7xx_hal_rcc.o
                0x00000000080095e4                HAL_RCC_GetPCLK1Freq
 .text.HAL_RCC_GetPCLK2Freq
                0x000000000800960c       0x28 ./Drivers/STM32F7xx_HAL_Driver/Src/stm32f7xx_hal_rcc.o
                0x000000000800960c                HAL_RCC_GetPCLK2Freq
 .text.HAL_RCC_GetClockConfig
                0x0000000008009634       0x64 ./Drivers/STM32F7xx_HAL_Driver/Src/stm32f7xx_hal_rcc.o
                0x0000000008009634                HAL_RCC_GetClockConfig
 .text.HAL_RCCEx_PeriphCLKConfig
                0x0000000008009698      0x7e0 ./Drivers/STM32F7xx_HAL_Driver/Src/stm32f7xx_hal_rcc_ex.o
                0x0000000008009698                HAL_RCCEx_PeriphCLKConfig
 .text.HAL_RNG_Init
                0x0000000008009e78       0x54 ./Drivers/STM32F7xx_HAL_Driver/Src/stm32f7xx_hal_rng.o
                0x0000000008009e78                HAL_RNG_Init
 .text.HAL_RNG_GenerateRandomNumber
                0x0000000008009ecc       0xac ./Drivers/STM32F7xx_HAL_Driver/Src/stm32f7xx_hal_rng.o
                0x0000000008009ecc                HAL_RNG_GenerateRandomNumber
 .text.HAL_RNG_IRQHandler
                0x0000000008009f78       0xac ./Drivers/STM32F7xx_HAL_Driver/Src/stm32f7xx_hal_rng.o
                0x0000000008009f78                HAL_RNG_IRQHandler
 .text.HAL_RNG_ReadyDataCallback
                0x000000000800a024       0x16 ./Drivers/STM32F7xx_HAL_Driver/Src/stm32f7xx_hal_rng.o
                0x000000000800a024                HAL_RNG_ReadyDataCallback
 .text.HAL_RNG_ErrorCallback
                0x000000000800a03a       0x14 ./Drivers/STM32F7xx_HAL_Driver/Src/stm32f7xx_hal_rng.o
                0x000000000800a03a                HAL_RNG_ErrorCallback
 *fill*         0x000000000800a04e        0x2 
 .text.HAL_RTC_Init
                0x000000000800a050      0x124 ./Drivers/STM32F7xx_HAL_Driver/Src/stm32f7xx_hal_rtc.o
                0x000000000800a050                HAL_RTC_Init
 .text.HAL_RTC_SetTime
                0x000000000800a174      0x17c ./Drivers/STM32F7xx_HAL_Driver/Src/stm32f7xx_hal_rtc.o
                0x000000000800a174                HAL_RTC_SetTime
 .text.HAL_RTC_SetDate
                0x000000000800a2f0      0x150 ./Drivers/STM32F7xx_HAL_Driver/Src/stm32f7xx_hal_rtc.o
                0x000000000800a2f0                HAL_RTC_SetDate
 .text.HAL_RTC_SetAlarm
                0x000000000800a440      0x230 ./Drivers/STM32F7xx_HAL_Driver/Src/stm32f7xx_hal_rtc.o
                0x000000000800a440                HAL_RTC_SetAlarm
 .text.HAL_RTC_WaitForSynchro
                0x000000000800a670       0x50 ./Drivers/STM32F7xx_HAL_Driver/Src/stm32f7xx_hal_rtc.o
                0x000000000800a670                HAL_RTC_WaitForSynchro
 .text.RTC_EnterInitMode
                0x000000000800a6c0       0x58 ./Drivers/STM32F7xx_HAL_Driver/Src/stm32f7xx_hal_rtc.o
                0x000000000800a6c0                RTC_EnterInitMode
 .text.RTC_ByteToBcd2
                0x000000000800a718       0x3c ./Drivers/STM32F7xx_HAL_Driver/Src/stm32f7xx_hal_rtc.o
                0x000000000800a718                RTC_ByteToBcd2
 .text.HAL_RTCEx_SetTimeStamp
                0x000000000800a754       0xac ./Drivers/STM32F7xx_HAL_Driver/Src/stm32f7xx_hal_rtc_ex.o
                0x000000000800a754                HAL_RTCEx_SetTimeStamp
 .text.HAL_SDRAM_Init
                0x000000000800a800       0x68 ./Drivers/STM32F7xx_HAL_Driver/Src/stm32f7xx_hal_sdram.o
                0x000000000800a800                HAL_SDRAM_Init
 .text.HAL_SDRAM_SendCommand
                0x000000000800a868       0x6a ./Drivers/STM32F7xx_HAL_Driver/Src/stm32f7xx_hal_sdram.o
                0x000000000800a868                HAL_SDRAM_SendCommand
 .text.HAL_SDRAM_ProgramRefreshRate
                0x000000000800a8d2       0x50 ./Drivers/STM32F7xx_HAL_Driver/Src/stm32f7xx_hal_sdram.o
                0x000000000800a8d2                HAL_SDRAM_ProgramRefreshRate
 .text.HAL_SPI_Init
                0x000000000800a922      0x156 ./Drivers/STM32F7xx_HAL_Driver/Src/stm32f7xx_hal_spi.o
                0x000000000800a922                HAL_SPI_Init
 .text.HAL_TIM_Base_Init
                0x000000000800aa78       0xae ./Drivers/STM32F7xx_HAL_Driver/Src/stm32f7xx_hal_tim.o
                0x000000000800aa78                HAL_TIM_Base_Init
 *fill*         0x000000000800ab26        0x2 
 .text.HAL_TIM_Base_Start_IT
                0x000000000800ab28       0xf0 ./Drivers/STM32F7xx_HAL_Driver/Src/stm32f7xx_hal_tim.o
                0x000000000800ab28                HAL_TIM_Base_Start_IT
 .text.HAL_TIM_IRQHandler
                0x000000000800ac18      0x23e ./Drivers/STM32F7xx_HAL_Driver/Src/stm32f7xx_hal_tim.o
                0x000000000800ac18                HAL_TIM_IRQHandler
 *fill*         0x000000000800ae56        0x2 
 .text.HAL_TIM_ConfigClockSource
                0x000000000800ae58      0x194 ./Drivers/STM32F7xx_HAL_Driver/Src/stm32f7xx_hal_tim.o
                0x000000000800ae58                HAL_TIM_ConfigClockSource
 .text.HAL_TIM_OC_DelayElapsedCallback
                0x000000000800afec       0x14 ./Drivers/STM32F7xx_HAL_Driver/Src/stm32f7xx_hal_tim.o
                0x000000000800afec                HAL_TIM_OC_DelayElapsedCallback
 .text.HAL_TIM_IC_CaptureCallback
                0x000000000800b000       0x14 ./Drivers/STM32F7xx_HAL_Driver/Src/stm32f7xx_hal_tim.o
                0x000000000800b000                HAL_TIM_IC_CaptureCallback
 .text.HAL_TIM_PWM_PulseFinishedCallback
                0x000000000800b014       0x14 ./Drivers/STM32F7xx_HAL_Driver/Src/stm32f7xx_hal_tim.o
                0x000000000800b014                HAL_TIM_PWM_PulseFinishedCallback
 .text.HAL_TIM_TriggerCallback
                0x000000000800b028       0x14 ./Drivers/STM32F7xx_HAL_Driver/Src/stm32f7xx_hal_tim.o
                0x000000000800b028                HAL_TIM_TriggerCallback
 .text.TIM_Base_SetConfig
                0x000000000800b03c      0x140 ./Drivers/STM32F7xx_HAL_Driver/Src/stm32f7xx_hal_tim.o
                0x000000000800b03c                TIM_Base_SetConfig
 .text.TIM_TI1_ConfigInputStage
                0x000000000800b17c       0x5e ./Drivers/STM32F7xx_HAL_Driver/Src/stm32f7xx_hal_tim.o
 .text.TIM_TI2_ConfigInputStage
                0x000000000800b1da       0x60 ./Drivers/STM32F7xx_HAL_Driver/Src/stm32f7xx_hal_tim.o
 .text.TIM_ITRx_SetConfig
                0x000000000800b23a       0x36 ./Drivers/STM32F7xx_HAL_Driver/Src/stm32f7xx_hal_tim.o
 .text.TIM_ETR_SetConfig
                0x000000000800b270       0x40 ./Drivers/STM32F7xx_HAL_Driver/Src/stm32f7xx_hal_tim.o
                0x000000000800b270                TIM_ETR_SetConfig
 .text.HAL_TIMEx_MasterConfigSynchronization
                0x000000000800b2b0      0x11c ./Drivers/STM32F7xx_HAL_Driver/Src/stm32f7xx_hal_tim_ex.o
                0x000000000800b2b0                HAL_TIMEx_MasterConfigSynchronization
 .text.HAL_TIMEx_CommutCallback
                0x000000000800b3cc       0x14 ./Drivers/STM32F7xx_HAL_Driver/Src/stm32f7xx_hal_tim_ex.o
                0x000000000800b3cc                HAL_TIMEx_CommutCallback
 .text.HAL_TIMEx_BreakCallback
                0x000000000800b3e0       0x14 ./Drivers/STM32F7xx_HAL_Driver/Src/stm32f7xx_hal_tim_ex.o
                0x000000000800b3e0                HAL_TIMEx_BreakCallback
 .text.HAL_TIMEx_Break2Callback
                0x000000000800b3f4       0x14 ./Drivers/STM32F7xx_HAL_Driver/Src/stm32f7xx_hal_tim_ex.o
                0x000000000800b3f4                HAL_TIMEx_Break2Callback
 .text.HAL_UART_Init
                0x000000000800b408       0x9c ./Drivers/STM32F7xx_HAL_Driver/Src/stm32f7xx_hal_uart.o
                0x000000000800b408                HAL_UART_Init
 .text.HAL_UART_Receive_IT
                0x000000000800b4a4       0x9c ./Drivers/STM32F7xx_HAL_Driver/Src/stm32f7xx_hal_uart.o
                0x000000000800b4a4                HAL_UART_Receive_IT
 .text.HAL_UART_IRQHandler
                0x000000000800b540      0x594 ./Drivers/STM32F7xx_HAL_Driver/Src/stm32f7xx_hal_uart.o
                0x000000000800b540                HAL_UART_IRQHandler
 .text.HAL_UART_TxCpltCallback
                0x000000000800bad4       0x14 ./Drivers/STM32F7xx_HAL_Driver/Src/stm32f7xx_hal_uart.o
                0x000000000800bad4                HAL_UART_TxCpltCallback
 .text.HAL_UART_ErrorCallback
                0x000000000800bae8       0x14 ./Drivers/STM32F7xx_HAL_Driver/Src/stm32f7xx_hal_uart.o
                0x000000000800bae8                HAL_UART_ErrorCallback
 .text.HAL_UARTEx_RxEventCallback
                0x000000000800bafc       0x18 ./Drivers/STM32F7xx_HAL_Driver/Src/stm32f7xx_hal_uart.o
                0x000000000800bafc                HAL_UARTEx_RxEventCallback
 .text.UART_SetConfig
                0x000000000800bb14      0x4c8 ./Drivers/STM32F7xx_HAL_Driver/Src/stm32f7xx_hal_uart.o
                0x000000000800bb14                UART_SetConfig
 .text.UART_AdvFeatureConfig
                0x000000000800bfdc      0x144 ./Drivers/STM32F7xx_HAL_Driver/Src/stm32f7xx_hal_uart.o
                0x000000000800bfdc                UART_AdvFeatureConfig
 .text.UART_CheckIdleState
                0x000000000800c120       0x66 ./Drivers/STM32F7xx_HAL_Driver/Src/stm32f7xx_hal_uart.o
                0x000000000800c120                UART_CheckIdleState
 .text.UART_WaitOnFlagUntilTimeout
                0x000000000800c186      0x188 ./Drivers/STM32F7xx_HAL_Driver/Src/stm32f7xx_hal_uart.o
                0x000000000800c186                UART_WaitOnFlagUntilTimeout
 *fill*         0x000000000800c30e        0x2 
 .text.UART_Start_Receive_IT
                0x000000000800c310      0x194 ./Drivers/STM32F7xx_HAL_Driver/Src/stm32f7xx_hal_uart.o
                0x000000000800c310                UART_Start_Receive_IT
 .text.UART_EndRxTransfer
                0x000000000800c4a4       0xc6 ./Drivers/STM32F7xx_HAL_Driver/Src/stm32f7xx_hal_uart.o
 .text.UART_DMAAbortOnError
                0x000000000800c56a       0x2c ./Drivers/STM32F7xx_HAL_Driver/Src/stm32f7xx_hal_uart.o
 .text.UART_EndTransmit_IT
                0x000000000800c596       0x54 ./Drivers/STM32F7xx_HAL_Driver/Src/stm32f7xx_hal_uart.o
 .text.UART_RxISR_8BIT
                0x000000000800c5ea      0x15c ./Drivers/STM32F7xx_HAL_Driver/Src/stm32f7xx_hal_uart.o
 .text.UART_RxISR_16BIT
                0x000000000800c746      0x15c ./Drivers/STM32F7xx_HAL_Driver/Src/stm32f7xx_hal_uart.o
 *fill*         0x000000000800c8a2        0x2 
 .text.FMC_SDRAM_Init
                0x000000000800c8a4       0xb8 ./Drivers/STM32F7xx_HAL_Driver/Src/stm32f7xx_ll_fmc.o
                0x000000000800c8a4                FMC_SDRAM_Init
 .text.FMC_SDRAM_Timing_Init
                0x000000000800c95c       0xd4 ./Drivers/STM32F7xx_HAL_Driver/Src/stm32f7xx_ll_fmc.o
                0x000000000800c95c                FMC_SDRAM_Timing_Init
 .text.FMC_SDRAM_SendCommand
                0x000000000800ca30       0x48 ./Drivers/STM32F7xx_HAL_Driver/Src/stm32f7xx_ll_fmc.o
                0x000000000800ca30                FMC_SDRAM_SendCommand
 .text.FMC_SDRAM_ProgramRefreshRate
                0x000000000800ca78       0x30 ./Drivers/STM32F7xx_HAL_Driver/Src/stm32f7xx_ll_fmc.o
                0x000000000800ca78                FMC_SDRAM_ProgramRefreshRate
 .text.makeFreeRtosPriority
                0x000000000800caa8       0x30 ./Middlewares/Third_Party/FreeRTOS/Source/CMSIS_RTOS/cmsis_os.o
 .text.inHandlerMode
                0x000000000800cad8       0x24 ./Middlewares/Third_Party/FreeRTOS/Source/CMSIS_RTOS/cmsis_os.o
 .text.osKernelStart
                0x000000000800cafc        0xe ./Middlewares/Third_Party/FreeRTOS/Source/CMSIS_RTOS/cmsis_os.o
                0x000000000800cafc                osKernelStart
 .text.osThreadCreate
                0x000000000800cb0a       0x98 ./Middlewares/Third_Party/FreeRTOS/Source/CMSIS_RTOS/cmsis_os.o
                0x000000000800cb0a                osThreadCreate
 .text.osDelay  0x000000000800cba2       0x28 ./Middlewares/Third_Party/FreeRTOS/Source/CMSIS_RTOS/cmsis_os.o
                0x000000000800cba2                osDelay
 .text.osMutexCreate
                0x000000000800cbca       0x30 ./Middlewares/Third_Party/FreeRTOS/Source/CMSIS_RTOS/cmsis_os.o
                0x000000000800cbca                osMutexCreate
 *fill*         0x000000000800cbfa        0x2 
 .text.osMutexWait
                0x000000000800cbfc       0x9c ./Middlewares/Third_Party/FreeRTOS/Source/CMSIS_RTOS/cmsis_os.o
                0x000000000800cbfc                osMutexWait
 .text.osMutexRelease
                0x000000000800cc98       0x6c ./Middlewares/Third_Party/FreeRTOS/Source/CMSIS_RTOS/cmsis_os.o
                0x000000000800cc98                osMutexRelease
 .text.osMessageCreate
                0x000000000800cd04       0x50 ./Middlewares/Third_Party/FreeRTOS/Source/CMSIS_RTOS/cmsis_os.o
                0x000000000800cd04                osMessageCreate
 .text.vListInitialise
                0x000000000800cd54       0x40 ./Middlewares/Third_Party/FreeRTOS/Source/list.o
                0x000000000800cd54                vListInitialise
 .text.vListInitialiseItem
                0x000000000800cd94       0x1a ./Middlewares/Third_Party/FreeRTOS/Source/list.o
                0x000000000800cd94                vListInitialiseItem
 .text.vListInsertEnd
                0x000000000800cdae       0x48 ./Middlewares/Third_Party/FreeRTOS/Source/list.o
                0x000000000800cdae                vListInsertEnd
 .text.vListInsert
                0x000000000800cdf6       0x72 ./Middlewares/Third_Party/FreeRTOS/Source/list.o
                0x000000000800cdf6                vListInsert
 .text.uxListRemove
                0x000000000800ce68       0x54 ./Middlewares/Third_Party/FreeRTOS/Source/list.o
                0x000000000800ce68                uxListRemove
 .text.xQueueGenericReset
                0x000000000800cebc       0xd4 ./Middlewares/Third_Party/FreeRTOS/Source/queue.o
                0x000000000800cebc                xQueueGenericReset
 .text.xQueueGenericCreateStatic
                0x000000000800cf90      0x104 ./Middlewares/Third_Party/FreeRTOS/Source/queue.o
                0x000000000800cf90                xQueueGenericCreateStatic
 .text.xQueueGenericCreate
                0x000000000800d094       0x84 ./Middlewares/Third_Party/FreeRTOS/Source/queue.o
                0x000000000800d094                xQueueGenericCreate
 .text.prvInitialiseNewQueue
                0x000000000800d118       0x3e ./Middlewares/Third_Party/FreeRTOS/Source/queue.o
 .text.prvInitialiseMutex
                0x000000000800d156       0x34 ./Middlewares/Third_Party/FreeRTOS/Source/queue.o
 .text.xQueueCreateMutex
                0x000000000800d18a       0x30 ./Middlewares/Third_Party/FreeRTOS/Source/queue.o
                0x000000000800d18a                xQueueCreateMutex
 .text.xQueueCreateMutexStatic
                0x000000000800d1ba       0x36 ./Middlewares/Third_Party/FreeRTOS/Source/queue.o
                0x000000000800d1ba                xQueueCreateMutexStatic
 .text.xQueueGenericSend
                0x000000000800d1f0      0x20c ./Middlewares/Third_Party/FreeRTOS/Source/queue.o
                0x000000000800d1f0                xQueueGenericSend
 .text.xQueueGenericSendFromISR
                0x000000000800d3fc      0x140 ./Middlewares/Third_Party/FreeRTOS/Source/queue.o
                0x000000000800d3fc                xQueueGenericSendFromISR
 .text.xQueueGiveFromISR
                0x000000000800d53c      0x12a ./Middlewares/Third_Party/FreeRTOS/Source/queue.o
                0x000000000800d53c                xQueueGiveFromISR
 *fill*         0x000000000800d666        0x2 
 .text.xQueueReceive
                0x000000000800d668      0x1cc ./Middlewares/Third_Party/FreeRTOS/Source/queue.o
                0x000000000800d668                xQueueReceive
 .text.xQueueSemaphoreTake
                0x000000000800d834      0x228 ./Middlewares/Third_Party/FreeRTOS/Source/queue.o
                0x000000000800d834                xQueueSemaphoreTake
 .text.xQueueReceiveFromISR
                0x000000000800da5c      0x10c ./Middlewares/Third_Party/FreeRTOS/Source/queue.o
                0x000000000800da5c                xQueueReceiveFromISR
 .text.prvGetDisinheritPriorityAfterTimeout
                0x000000000800db68       0x30 ./Middlewares/Third_Party/FreeRTOS/Source/queue.o
 .text.prvCopyDataToQueue
                0x000000000800db98       0xd4 ./Middlewares/Third_Party/FreeRTOS/Source/queue.o
 .text.prvCopyDataFromQueue
                0x000000000800dc6c       0x4c ./Middlewares/Third_Party/FreeRTOS/Source/queue.o
 .text.prvUnlockQueue
                0x000000000800dcb8       0xa4 ./Middlewares/Third_Party/FreeRTOS/Source/queue.o
 .text.prvIsQueueEmpty
                0x000000000800dd5c       0x2c ./Middlewares/Third_Party/FreeRTOS/Source/queue.o
 .text.prvIsQueueFull
                0x000000000800dd88       0x30 ./Middlewares/Third_Party/FreeRTOS/Source/queue.o
 .text.xTaskCreateStatic
                0x000000000800ddb8       0xc6 ./Middlewares/Third_Party/FreeRTOS/Source/tasks.o
                0x000000000800ddb8                xTaskCreateStatic
 .text.xTaskCreate
                0x000000000800de7e       0x8a ./Middlewares/Third_Party/FreeRTOS/Source/tasks.o
                0x000000000800de7e                xTaskCreate
 .text.prvInitialiseNewTask
                0x000000000800df08      0x140 ./Middlewares/Third_Party/FreeRTOS/Source/tasks.o
 .text.prvAddNewTaskToReadyList
                0x000000000800e048       0xd4 ./Middlewares/Third_Party/FreeRTOS/Source/tasks.o
 .text.vTaskDelete
                0x000000000800e11c      0x124 ./Middlewares/Third_Party/FreeRTOS/Source/tasks.o
                0x000000000800e11c                vTaskDelete
 .text.vTaskDelayUntil
                0x000000000800e240      0x108 ./Middlewares/Third_Party/FreeRTOS/Source/tasks.o
                0x000000000800e240                vTaskDelayUntil
 .text.vTaskDelay
                0x000000000800e348       0x6c ./Middlewares/Third_Party/FreeRTOS/Source/tasks.o
                0x000000000800e348                vTaskDelay
 .text.vTaskStartScheduler
                0x000000000800e3b4       0xdc ./Middlewares/Third_Party/FreeRTOS/Source/tasks.o
                0x000000000800e3b4                vTaskStartScheduler
 .text.vTaskSuspendAll
                0x000000000800e490       0x1c ./Middlewares/Third_Party/FreeRTOS/Source/tasks.o
                0x000000000800e490                vTaskSuspendAll
 .text.xTaskResumeAll
                0x000000000800e4ac      0x13c ./Middlewares/Third_Party/FreeRTOS/Source/tasks.o
                0x000000000800e4ac                xTaskResumeAll
 .text.xTaskGetTickCount
                0x000000000800e5e8       0x20 ./Middlewares/Third_Party/FreeRTOS/Source/tasks.o
                0x000000000800e5e8                xTaskGetTickCount
 .text.xTaskIncrementTick
                0x000000000800e608      0x174 ./Middlewares/Third_Party/FreeRTOS/Source/tasks.o
                0x000000000800e608                xTaskIncrementTick
 .text.vTaskSwitchContext
                0x000000000800e77c       0xc8 ./Middlewares/Third_Party/FreeRTOS/Source/tasks.o
                0x000000000800e77c                vTaskSwitchContext
 .text.vTaskPlaceOnEventList
                0x000000000800e844       0x4c ./Middlewares/Third_Party/FreeRTOS/Source/tasks.o
                0x000000000800e844                vTaskPlaceOnEventList
 .text.xTaskRemoveFromEventList
                0x000000000800e890       0xc8 ./Middlewares/Third_Party/FreeRTOS/Source/tasks.o
                0x000000000800e890                xTaskRemoveFromEventList
 .text.vTaskInternalSetTimeOutState
                0x000000000800e958       0x2c ./Middlewares/Third_Party/FreeRTOS/Source/tasks.o
                0x000000000800e958                vTaskInternalSetTimeOutState
 .text.xTaskCheckForTimeOut
                0x000000000800e984       0xcc ./Middlewares/Third_Party/FreeRTOS/Source/tasks.o
                0x000000000800e984                xTaskCheckForTimeOut
 .text.vTaskMissedYield
                0x000000000800ea50       0x18 ./Middlewares/Third_Party/FreeRTOS/Source/tasks.o
                0x000000000800ea50                vTaskMissedYield
 .text.prvIdleTask
                0x000000000800ea68       0x30 ./Middlewares/Third_Party/FreeRTOS/Source/tasks.o
 .text.prvInitialiseTaskLists
                0x000000000800ea98       0x80 ./Middlewares/Third_Party/FreeRTOS/Source/tasks.o
 .text.prvCheckTasksWaitingTermination
                0x000000000800eb18       0x5c ./Middlewares/Third_Party/FreeRTOS/Source/tasks.o
 .text.prvDeleteTCB
                0x000000000800eb74       0x6c ./Middlewares/Third_Party/FreeRTOS/Source/tasks.o
 .text.prvResetNextTaskUnblockTime
                0x000000000800ebe0       0x40 ./Middlewares/Third_Party/FreeRTOS/Source/tasks.o
 .text.xTaskGetSchedulerState
                0x000000000800ec20       0x3c ./Middlewares/Third_Party/FreeRTOS/Source/tasks.o
                0x000000000800ec20                xTaskGetSchedulerState
 .text.xTaskPriorityInherit
                0x000000000800ec5c      0x100 ./Middlewares/Third_Party/FreeRTOS/Source/tasks.o
                0x000000000800ec5c                xTaskPriorityInherit
 .text.xTaskPriorityDisinherit
                0x000000000800ed5c      0x114 ./Middlewares/Third_Party/FreeRTOS/Source/tasks.o
                0x000000000800ed5c                xTaskPriorityDisinherit
 .text.vTaskPriorityDisinheritAfterTimeout
                0x000000000800ee70      0x13c ./Middlewares/Third_Party/FreeRTOS/Source/tasks.o
                0x000000000800ee70                vTaskPriorityDisinheritAfterTimeout
 .text.pvTaskIncrementMutexHeldCount
                0x000000000800efac       0x28 ./Middlewares/Third_Party/FreeRTOS/Source/tasks.o
                0x000000000800efac                pvTaskIncrementMutexHeldCount
 .text.prvAddCurrentTaskToDelayedList
                0x000000000800efd4       0xcc ./Middlewares/Third_Party/FreeRTOS/Source/tasks.o
 .text.pxPortInitialiseStack
                0x000000000800f0a0       0x68 ./Middlewares/Third_Party/FreeRTOS/Source/portable/GCC/ARM_CM7/r0p1/port.o
                0x000000000800f0a0                pxPortInitialiseStack
 .text.prvTaskExitError
                0x000000000800f108       0x60 ./Middlewares/Third_Party/FreeRTOS/Source/portable/GCC/ARM_CM7/r0p1/port.o
 *fill*         0x000000000800f168        0x8 
 .text.SVC_Handler
                0x000000000800f170       0x28 ./Middlewares/Third_Party/FreeRTOS/Source/portable/GCC/ARM_CM7/r0p1/port.o
                0x000000000800f170                SVC_Handler
 .text.prvPortStartFirstTask
                0x000000000800f198       0x28 ./Middlewares/Third_Party/FreeRTOS/Source/portable/GCC/ARM_CM7/r0p1/port.o
 .text.xPortStartScheduler
                0x000000000800f1c0       0xfc ./Middlewares/Third_Party/FreeRTOS/Source/portable/GCC/ARM_CM7/r0p1/port.o
                0x000000000800f1c0                xPortStartScheduler
 .text.vPortEnterCritical
                0x000000000800f2bc       0x68 ./Middlewares/Third_Party/FreeRTOS/Source/portable/GCC/ARM_CM7/r0p1/port.o
                0x000000000800f2bc                vPortEnterCritical
 .text.vPortExitCritical
                0x000000000800f324       0x58 ./Middlewares/Third_Party/FreeRTOS/Source/portable/GCC/ARM_CM7/r0p1/port.o
                0x000000000800f324                vPortExitCritical
 *fill*         0x000000000800f37c        0x4 
 .text.PendSV_Handler
                0x000000000800f380       0x68 ./Middlewares/Third_Party/FreeRTOS/Source/portable/GCC/ARM_CM7/r0p1/port.o
                0x000000000800f380                PendSV_Handler
 .text.SysTick_Handler
                0x000000000800f3e8       0x48 ./Middlewares/Third_Party/FreeRTOS/Source/portable/GCC/ARM_CM7/r0p1/port.o
                0x000000000800f3e8                SysTick_Handler
 .text.vPortSetupTimerInterrupt
                0x000000000800f430       0x48 ./Middlewares/Third_Party/FreeRTOS/Source/portable/GCC/ARM_CM7/r0p1/port.o
                0x000000000800f430                vPortSetupTimerInterrupt
 .text.vPortEnableVFP
                0x000000000800f478       0x14 ./Middlewares/Third_Party/FreeRTOS/Source/portable/GCC/ARM_CM7/r0p1/port.o
 .text.vPortValidateInterruptPriority
                0x000000000800f48c       0x88 ./Middlewares/Third_Party/FreeRTOS/Source/portable/GCC/ARM_CM7/r0p1/port.o
                0x000000000800f48c                vPortValidateInterruptPriority
 .text.pvPortMalloc
                0x000000000800f514      0x194 ./Middlewares/Third_Party/FreeRTOS/Source/portable/MemMang/heap_4.o
                0x000000000800f514                pvPortMalloc
 .text.vPortFree
                0x000000000800f6a8       0xbc ./Middlewares/Third_Party/FreeRTOS/Source/portable/MemMang/heap_4.o
                0x000000000800f6a8                vPortFree
 .text.prvHeapInit
                0x000000000800f764       0xc4 ./Middlewares/Third_Party/FreeRTOS/Source/portable/MemMang/heap_4.o
 .text.prvInsertBlockIntoFreeList
                0x000000000800f828       0xb4 ./Middlewares/Third_Party/FreeRTOS/Source/portable/MemMang/heap_4.o
 .text.__errno  0x000000000800f8dc        0xc c:/users/myria/stm32cubeide_1.9.0/stm32cubeide/plugins/com.st.stm32cube.ide.mcu.externaltools.gnu-tools-for-stm32.10.3-2021.10.win32_1.0.0.202111181127/tools/bin/../lib/gcc/arm-none-eabi/10.3.1/../../../../arm-none-eabi/lib/thumb/v7e-m+fp/hard\libc_nano.a(lib_a-errno.o)
                0x000000000800f8dc                __errno
 .text.__libc_init_array
                0x000000000800f8e8       0x48 c:/users/myria/stm32cubeide_1.9.0/stm32cubeide/plugins/com.st.stm32cube.ide.mcu.externaltools.gnu-tools-for-stm32.10.3-2021.10.win32_1.0.0.202111181127/tools/bin/../lib/gcc/arm-none-eabi/10.3.1/../../../../arm-none-eabi/lib/thumb/v7e-m+fp/hard\libc_nano.a(lib_a-init.o)
                0x000000000800f8e8                __libc_init_array
 .text.__retarget_lock_acquire_recursive
                0x000000000800f930        0x2 c:/users/myria/stm32cubeide_1.9.0/stm32cubeide/plugins/com.st.stm32cube.ide.mcu.externaltools.gnu-tools-for-stm32.10.3-2021.10.win32_1.0.0.202111181127/tools/bin/../lib/gcc/arm-none-eabi/10.3.1/../../../../arm-none-eabi/lib/thumb/v7e-m+fp/hard\libc_nano.a(lib_a-lock.o)
                0x000000000800f930                __retarget_lock_acquire_recursive
 .text.__retarget_lock_release_recursive
                0x000000000800f932        0x2 c:/users/myria/stm32cubeide_1.9.0/stm32cubeide/plugins/com.st.stm32cube.ide.mcu.externaltools.gnu-tools-for-stm32.10.3-2021.10.win32_1.0.0.202111181127/tools/bin/../lib/gcc/arm-none-eabi/10.3.1/../../../../arm-none-eabi/lib/thumb/v7e-m+fp/hard\libc_nano.a(lib_a-lock.o)
                0x000000000800f932                __retarget_lock_release_recursive
 .text.memcpy   0x000000000800f934       0x1c c:/users/myria/stm32cubeide_1.9.0/stm32cubeide/plugins/com.st.stm32cube.ide.mcu.externaltools.gnu-tools-for-stm32.10.3-2021.10.win32_1.0.0.202111181127/tools/bin/../lib/gcc/arm-none-eabi/10.3.1/../../../../arm-none-eabi/lib/thumb/v7e-m+fp/hard\libc_nano.a(lib_a-memcpy-stub.o)
                0x000000000800f934                memcpy
 .text.memset   0x000000000800f950       0x10 c:/users/myria/stm32cubeide_1.9.0/stm32cubeide/plugins/com.st.stm32cube.ide.mcu.externaltools.gnu-tools-for-stm32.10.3-2021.10.win32_1.0.0.202111181127/tools/bin/../lib/gcc/arm-none-eabi/10.3.1/../../../../arm-none-eabi/lib/thumb/v7e-m+fp/hard\libc_nano.a(lib_a-memset.o)
                0x000000000800f950                memset
 .text.sbrk_aligned
                0x000000000800f960       0x40 c:/users/myria/stm32cubeide_1.9.0/stm32cubeide/plugins/com.st.stm32cube.ide.mcu.externaltools.gnu-tools-for-stm32.10.3-2021.10.win32_1.0.0.202111181127/tools/bin/../lib/gcc/arm-none-eabi/10.3.1/../../../../arm-none-eabi/lib/thumb/v7e-m+fp/hard\libc_nano.a(lib_a-nano-mallocr.o)
 .text._malloc_r
                0x000000000800f9a0       0xe8 c:/users/myria/stm32cubeide_1.9.0/stm32cubeide/plugins/com.st.stm32cube.ide.mcu.externaltools.gnu-tools-for-stm32.10.3-2021.10.win32_1.0.0.202111181127/tools/bin/../lib/gcc/arm-none-eabi/10.3.1/../../../../arm-none-eabi/lib/thumb/v7e-m+fp/hard\libc_nano.a(lib_a-nano-mallocr.o)
                0x000000000800f9a0                _malloc_r
 .text.cleanup_glue
                0x000000000800fa88       0x1a c:/users/myria/stm32cubeide_1.9.0/stm32cubeide/plugins/com.st.stm32cube.ide.mcu.externaltools.gnu-tools-for-stm32.10.3-2021.10.win32_1.0.0.202111181127/tools/bin/../lib/gcc/arm-none-eabi/10.3.1/../../../../arm-none-eabi/lib/thumb/v7e-m+fp/hard\libc_nano.a(lib_a-reent.o)
                0x000000000800fa88                cleanup_glue
 *fill*         0x000000000800faa2        0x2 
 .text._reclaim_reent
                0x000000000800faa4       0xb8 c:/users/myria/stm32cubeide_1.9.0/stm32cubeide/plugins/com.st.stm32cube.ide.mcu.externaltools.gnu-tools-for-stm32.10.3-2021.10.win32_1.0.0.202111181127/tools/bin/../lib/gcc/arm-none-eabi/10.3.1/../../../../arm-none-eabi/lib/thumb/v7e-m+fp/hard\libc_nano.a(lib_a-reent.o)
                0x000000000800faa4                _reclaim_reent
 .text._sbrk_r  0x000000000800fb5c       0x20 c:/users/myria/stm32cubeide_1.9.0/stm32cubeide/plugins/com.st.stm32cube.ide.mcu.externaltools.gnu-tools-for-stm32.10.3-2021.10.win32_1.0.0.202111181127/tools/bin/../lib/gcc/arm-none-eabi/10.3.1/../../../../arm-none-eabi/lib/thumb/v7e-m+fp/hard\libc_nano.a(lib_a-sbrkr.o)
                0x000000000800fb5c                _sbrk_r
 .text.sprintf  0x000000000800fb7c       0x40 c:/users/myria/stm32cubeide_1.9.0/stm32cubeide/plugins/com.st.stm32cube.ide.mcu.externaltools.gnu-tools-for-stm32.10.3-2021.10.win32_1.0.0.202111181127/tools/bin/../lib/gcc/arm-none-eabi/10.3.1/../../../../arm-none-eabi/lib/thumb/v7e-m+fp/hard\libc_nano.a(lib_a-sprintf.o)
                0x000000000800fb7c                siprintf
                0x000000000800fb7c                sprintf
 .text.__malloc_lock
                0x000000000800fbbc        0xc c:/users/myria/stm32cubeide_1.9.0/stm32cubeide/plugins/com.st.stm32cube.ide.mcu.externaltools.gnu-tools-for-stm32.10.3-2021.10.win32_1.0.0.202111181127/tools/bin/../lib/gcc/arm-none-eabi/10.3.1/../../../../arm-none-eabi/lib/thumb/v7e-m+fp/hard\libc_nano.a(lib_a-mlock.o)
                0x000000000800fbbc                __malloc_lock
 .text.__malloc_unlock
                0x000000000800fbc8        0xc c:/users/myria/stm32cubeide_1.9.0/stm32cubeide/plugins/com.st.stm32cube.ide.mcu.externaltools.gnu-tools-for-stm32.10.3-2021.10.win32_1.0.0.202111181127/tools/bin/../lib/gcc/arm-none-eabi/10.3.1/../../../../arm-none-eabi/lib/thumb/v7e-m+fp/hard\libc_nano.a(lib_a-mlock.o)
                0x000000000800fbc8                __malloc_unlock
 .text._free_r  0x000000000800fbd4       0x98 c:/users/myria/stm32cubeide_1.9.0/stm32cubeide/plugins/com.st.stm32cube.ide.mcu.externaltools.gnu-tools-for-stm32.10.3-2021.10.win32_1.0.0.202111181127/tools/bin/../lib/gcc/arm-none-eabi/10.3.1/../../../../arm-none-eabi/lib/thumb/v7e-m+fp/hard\libc_nano.a(lib_a-nano-freer.o)
                0x000000000800fbd4                _free_r
 .text.__ssputs_r
                0x000000000800fc6c       0xb6 c:/users/myria/stm32cubeide_1.9.0/stm32cubeide/plugins/com.st.stm32cube.ide.mcu.externaltools.gnu-tools-for-stm32.10.3-2021.10.win32_1.0.0.202111181127/tools/bin/../lib/gcc/arm-none-eabi/10.3.1/../../../../arm-none-eabi/lib/thumb/v7e-m+fp/hard\libc_nano.a(lib_a-nano-svfprintf.o)
                0x000000000800fc6c                __ssputs_r
 *fill*         0x000000000800fd22        0x2 
 .text._svfprintf_r
                0x000000000800fd24      0x200 c:/users/myria/stm32cubeide_1.9.0/stm32cubeide/plugins/com.st.stm32cube.ide.mcu.externaltools.gnu-tools-for-stm32.10.3-2021.10.win32_1.0.0.202111181127/tools/bin/../lib/gcc/arm-none-eabi/10.3.1/../../../../arm-none-eabi/lib/thumb/v7e-m+fp/hard\libc_nano.a(lib_a-nano-svfprintf.o)
                0x000000000800fd24                _svfiprintf_r
                0x000000000800fd24                _svfprintf_r
 .text._printf_common
                0x000000000800ff24       0xda c:/users/myria/stm32cubeide_1.9.0/stm32cubeide/plugins/com.st.stm32cube.ide.mcu.externaltools.gnu-tools-for-stm32.10.3-2021.10.win32_1.0.0.202111181127/tools/bin/../lib/gcc/arm-none-eabi/10.3.1/../../../../arm-none-eabi/lib/thumb/v7e-m+fp/hard\libc_nano.a(lib_a-nano-vfprintf_i.o)
                0x000000000800ff24                _printf_common
 *fill*         0x000000000800fffe        0x2 
 .text._printf_i
                0x0000000008010000      0x24c c:/users/myria/stm32cubeide_1.9.0/stm32cubeide/plugins/com.st.stm32cube.ide.mcu.externaltools.gnu-tools-for-stm32.10.3-2021.10.win32_1.0.0.202111181127/tools/bin/../lib/gcc/arm-none-eabi/10.3.1/../../../../arm-none-eabi/lib/thumb/v7e-m+fp/hard\libc_nano.a(lib_a-nano-vfprintf_i.o)
                0x0000000008010000                _printf_i
 .text.memmove  0x000000000801024c       0x34 c:/users/myria/stm32cubeide_1.9.0/stm32cubeide/plugins/com.st.stm32cube.ide.mcu.externaltools.gnu-tools-for-stm32.10.3-2021.10.win32_1.0.0.202111181127/tools/bin/../lib/gcc/arm-none-eabi/10.3.1/../../../../arm-none-eabi/lib/thumb/v7e-m+fp/hard\libc_nano.a(lib_a-memmove.o)
                0x000000000801024c                memmove
 .text._realloc_r
                0x0000000008010280       0x5e c:/users/myria/stm32cubeide_1.9.0/stm32cubeide/plugins/com.st.stm32cube.ide.mcu.externaltools.gnu-tools-for-stm32.10.3-2021.10.win32_1.0.0.202111181127/tools/bin/../lib/gcc/arm-none-eabi/10.3.1/../../../../arm-none-eabi/lib/thumb/v7e-m+fp/hard\libc_nano.a(lib_a-nano-reallocr.o)
                0x0000000008010280                _realloc_r
 .text._malloc_usable_size_r
                0x00000000080102de       0x10 c:/users/myria/stm32cubeide_1.9.0/stm32cubeide/plugins/com.st.stm32cube.ide.mcu.externaltools.gnu-tools-for-stm32.10.3-2021.10.win32_1.0.0.202111181127/tools/bin/../lib/gcc/arm-none-eabi/10.3.1/../../../../arm-none-eabi/lib/thumb/v7e-m+fp/hard\libc_nano.a(lib_a-nano-msizer.o)
                0x00000000080102de                _malloc_usable_size_r
 *(.glue_7)
 .glue_7        0x00000000080102ee        0x0 linker stubs
 *(.glue_7t)
 .glue_7t       0x00000000080102ee        0x0 linker stubs
 *(.eh_frame)
 *fill*         0x00000000080102ee        0x2 
 .eh_frame      0x00000000080102f0        0x0 c:/users/myria/stm32cubeide_1.9.0/stm32cubeide/plugins/com.st.stm32cube.ide.mcu.externaltools.gnu-tools-for-stm32.10.3-2021.10.win32_1.0.0.202111181127/tools/bin/../lib/gcc/arm-none-eabi/10.3.1/thumb/v7e-m+fp/hard/crtbegin.o
 *(.init)
 .init          0x00000000080102f0        0x4 c:/users/myria/stm32cubeide_1.9.0/stm32cubeide/plugins/com.st.stm32cube.ide.mcu.externaltools.gnu-tools-for-stm32.10.3-2021.10.win32_1.0.0.202111181127/tools/bin/../lib/gcc/arm-none-eabi/10.3.1/thumb/v7e-m+fp/hard/crti.o
                0x00000000080102f0                _init
 .init          0x00000000080102f4        0x8 c:/users/myria/stm32cubeide_1.9.0/stm32cubeide/plugins/com.st.stm32cube.ide.mcu.externaltools.gnu-tools-for-stm32.10.3-2021.10.win32_1.0.0.202111181127/tools/bin/../lib/gcc/arm-none-eabi/10.3.1/thumb/v7e-m+fp/hard/crtn.o
 *(.fini)
 .fini          0x00000000080102fc        0x4 c:/users/myria/stm32cubeide_1.9.0/stm32cubeide/plugins/com.st.stm32cube.ide.mcu.externaltools.gnu-tools-for-stm32.10.3-2021.10.win32_1.0.0.202111181127/tools/bin/../lib/gcc/arm-none-eabi/10.3.1/thumb/v7e-m+fp/hard/crti.o
                0x00000000080102fc                _fini
 .fini          0x0000000008010300        0x8 c:/users/myria/stm32cubeide_1.9.0/stm32cubeide/plugins/com.st.stm32cube.ide.mcu.externaltools.gnu-tools-for-stm32.10.3-2021.10.win32_1.0.0.202111181127/tools/bin/../lib/gcc/arm-none-eabi/10.3.1/thumb/v7e-m+fp/hard/crtn.o
                0x0000000008010308                . = ALIGN (0x4)
                0x0000000008010308                _etext = .

.vfp11_veneer   0x0000000008010308        0x0
 .vfp11_veneer  0x0000000008010308        0x0 linker stubs

.v4_bx          0x0000000008010308        0x0
 .v4_bx         0x0000000008010308        0x0 linker stubs

.iplt           0x0000000008010308        0x0
 .iplt          0x0000000008010308        0x0 c:/users/myria/stm32cubeide_1.9.0/stm32cubeide/plugins/com.st.stm32cube.ide.mcu.externaltools.gnu-tools-for-stm32.10.3-2021.10.win32_1.0.0.202111181127/tools/bin/../lib/gcc/arm-none-eabi/10.3.1/thumb/v7e-m+fp/hard/crtbegin.o

.rodata         0x0000000008010308    0x61b14
                0x0000000008010308                . = ALIGN (0x4)
 *(.rodata)
 .rodata        0x0000000008010308       0xf1 ./Core/Src/main.o
 *fill*         0x00000000080103f9        0x3 
 .rodata        0x00000000080103fc        0x5 ./Middlewares/Third_Party/FreeRTOS/Source/tasks.o
 *(.rodata*)
 *fill*         0x0000000008010401        0x3 
 .rodata.gameover_bmp
                0x0000000008010404    0x5fa36 ./Core/Src/main.o
                0x0000000008010404                gameover_bmp
 *fill*         0x000000000806fe3a        0x2 
 .rodata.Font24_Table
                0x000000000806fe3c     0x1ab8 ./Core/Src/stm32746g_discovery_lcd.o
                0x000000000806fe3c                Font24_Table
 .rodata.Font12_Table
                0x00000000080718f4      0x474 ./Core/Src/stm32746g_discovery_lcd.o
                0x00000000080718f4                Font12_Table
 .rodata.AHBPrescTable
                0x0000000008071d68       0x10 ./Core/Src/system_stm32f7xx.o
                0x0000000008071d68                AHBPrescTable
 .rodata.APBPrescTable
                0x0000000008071d78        0x8 ./Core/Src/system_stm32f7xx.o
                0x0000000008071d78                APBPrescTable
 .rodata.flagBitshiftOffset.0
                0x0000000008071d80        0x8 ./Drivers/STM32F7xx_HAL_Driver/Src/stm32f7xx_hal_dma.o
 .rodata.__sf_fake_stderr
                0x0000000008071d88       0x20 c:/users/myria/stm32cubeide_1.9.0/stm32cubeide/plugins/com.st.stm32cube.ide.mcu.externaltools.gnu-tools-for-stm32.10.3-2021.10.win32_1.0.0.202111181127/tools/bin/../lib/gcc/arm-none-eabi/10.3.1/../../../../arm-none-eabi/lib/thumb/v7e-m+fp/hard\libc_nano.a(lib_a-findfp.o)
                0x0000000008071d88                __sf_fake_stderr
 .rodata.__sf_fake_stdin
                0x0000000008071da8       0x20 c:/users/myria/stm32cubeide_1.9.0/stm32cubeide/plugins/com.st.stm32cube.ide.mcu.externaltools.gnu-tools-for-stm32.10.3-2021.10.win32_1.0.0.202111181127/tools/bin/../lib/gcc/arm-none-eabi/10.3.1/../../../../arm-none-eabi/lib/thumb/v7e-m+fp/hard\libc_nano.a(lib_a-findfp.o)
                0x0000000008071da8                __sf_fake_stdin
 .rodata.__sf_fake_stdout
                0x0000000008071dc8       0x20 c:/users/myria/stm32cubeide_1.9.0/stm32cubeide/plugins/com.st.stm32cube.ide.mcu.externaltools.gnu-tools-for-stm32.10.3-2021.10.win32_1.0.0.202111181127/tools/bin/../lib/gcc/arm-none-eabi/10.3.1/../../../../arm-none-eabi/lib/thumb/v7e-m+fp/hard\libc_nano.a(lib_a-findfp.o)
                0x0000000008071dc8                __sf_fake_stdout
 .rodata._svfprintf_r.str1.1
                0x0000000008071de8       0x11 c:/users/myria/stm32cubeide_1.9.0/stm32cubeide/plugins/com.st.stm32cube.ide.mcu.externaltools.gnu-tools-for-stm32.10.3-2021.10.win32_1.0.0.202111181127/tools/bin/../lib/gcc/arm-none-eabi/10.3.1/../../../../arm-none-eabi/lib/thumb/v7e-m+fp/hard\libc_nano.a(lib_a-nano-svfprintf.o)
 .rodata._printf_i.str1.1
                0x0000000008071df9       0x22 c:/users/myria/stm32cubeide_1.9.0/stm32cubeide/plugins/com.st.stm32cube.ide.mcu.externaltools.gnu-tools-for-stm32.10.3-2021.10.win32_1.0.0.202111181127/tools/bin/../lib/gcc/arm-none-eabi/10.3.1/../../../../arm-none-eabi/lib/thumb/v7e-m+fp/hard\libc_nano.a(lib_a-nano-vfprintf_i.o)
                0x0000000008071e1c                . = ALIGN (0x4)
 *fill*         0x0000000008071e1b        0x1 

.ARM.extab      0x0000000008071e1c        0x0
                0x0000000008071e1c                . = ALIGN (0x4)
 *(.ARM.extab* .gnu.linkonce.armextab.*)
                0x0000000008071e1c                . = ALIGN (0x4)

.ARM            0x0000000008071e1c        0x8
                0x0000000008071e1c                . = ALIGN (0x4)
                0x0000000008071e1c                __exidx_start = .
 *(.ARM.exidx*)
 .ARM.exidx     0x0000000008071e1c        0x8 c:/users/myria/stm32cubeide_1.9.0/stm32cubeide/plugins/com.st.stm32cube.ide.mcu.externaltools.gnu-tools-for-stm32.10.3-2021.10.win32_1.0.0.202111181127/tools/bin/../lib/gcc/arm-none-eabi/10.3.1/thumb/v7e-m+fp/hard\libgcc.a(_udivmoddi4.o)
                0x0000000008071e24                __exidx_end = .
                0x0000000008071e24                . = ALIGN (0x4)

.rel.dyn        0x0000000008071e24        0x0
 .rel.iplt      0x0000000008071e24        0x0 c:/users/myria/stm32cubeide_1.9.0/stm32cubeide/plugins/com.st.stm32cube.ide.mcu.externaltools.gnu-tools-for-stm32.10.3-2021.10.win32_1.0.0.202111181127/tools/bin/../lib/gcc/arm-none-eabi/10.3.1/thumb/v7e-m+fp/hard/crtbegin.o

.preinit_array  0x0000000008071e24        0x0
                0x0000000008071e24                . = ALIGN (0x4)
                0x0000000008071e24                PROVIDE (__preinit_array_start = .)
 *(.preinit_array*)
                0x0000000008071e24                PROVIDE (__preinit_array_end = .)
                0x0000000008071e24                . = ALIGN (0x4)

.init_array     0x0000000008071e24        0x4
                0x0000000008071e24                . = ALIGN (0x4)
                0x0000000008071e24                PROVIDE (__init_array_start = .)
 *(SORT_BY_NAME(.init_array.*))
 *(.init_array*)
 .init_array    0x0000000008071e24        0x4 c:/users/myria/stm32cubeide_1.9.0/stm32cubeide/plugins/com.st.stm32cube.ide.mcu.externaltools.gnu-tools-for-stm32.10.3-2021.10.win32_1.0.0.202111181127/tools/bin/../lib/gcc/arm-none-eabi/10.3.1/thumb/v7e-m+fp/hard/crtbegin.o
                0x0000000008071e28                PROVIDE (__init_array_end = .)
                0x0000000008071e28                . = ALIGN (0x4)

.fini_array     0x0000000008071e28        0x4
                0x0000000008071e28                . = ALIGN (0x4)
                [!provide]                        PROVIDE (__fini_array_start = .)
 *(SORT_BY_NAME(.fini_array.*))
 *(.fini_array*)
 .fini_array    0x0000000008071e28        0x4 c:/users/myria/stm32cubeide_1.9.0/stm32cubeide/plugins/com.st.stm32cube.ide.mcu.externaltools.gnu-tools-for-stm32.10.3-2021.10.win32_1.0.0.202111181127/tools/bin/../lib/gcc/arm-none-eabi/10.3.1/thumb/v7e-m+fp/hard/crtbegin.o
                [!provide]                        PROVIDE (__fini_array_end = .)
                0x0000000008071e2c                . = ALIGN (0x4)
                0x0000000008071e2c                _sidata = LOADADDR (.data)

.data           0x0000000020000000      0x13c load address 0x0000000008071e2c
                0x0000000020000000                . = ALIGN (0x4)
                0x0000000020000000                _sdata = .
 *(.data)
 *(.data*)
 .data.ft5336_ts_drv
                0x0000000020000000       0x28 ./Core/Src/ft5336.o
                0x0000000020000000                ft5336_ts_drv
 .data.pos0Objet
                0x0000000020000028        0x4 ./Core/Src/main.o
                0x0000000020000028                pos0Objet
 .data.pos0Snake
                0x000000002000002c        0x4 ./Core/Src/main.o
                0x000000002000002c                pos0Snake
 .data.posXSnake
                0x0000000020000030       0x28 ./Core/Src/main.o
                0x0000000020000030                posXSnake
 .data.posYSnake
                0x0000000020000058       0x28 ./Core/Src/main.o
                0x0000000020000058                posYSnake
 .data.dir      0x0000000020000080       0x28 ./Core/Src/main.o
                0x0000000020000080                dir
 .data.lSnake   0x00000000200000a8        0x1 ./Core/Src/main.o
                0x00000000200000a8                lSnake
 .data.LSnake   0x00000000200000a9        0x1 ./Core/Src/main.o
                0x00000000200000a9                LSnake
 .data.lObjet   0x00000000200000aa        0x1 ./Core/Src/main.o
                0x00000000200000aa                lObjet
 .data.LObjet   0x00000000200000ab        0x1 ./Core/Src/main.o
                0x00000000200000ab                LObjet
 .data.v        0x00000000200000ac        0x1 ./Core/Src/main.o
                0x00000000200000ac                v
 *fill*         0x00000000200000ad        0x1 
 .data.l_ecran  0x00000000200000ae        0x2 ./Core/Src/main.o
                0x00000000200000ae                l_ecran
 .data.L_ecran  0x00000000200000b0        0x2 ./Core/Src/main.o
                0x00000000200000b0                L_ecran
 *fill*         0x00000000200000b2        0x2 
 .data.Font24   0x00000000200000b4        0x8 ./Core/Src/stm32746g_discovery_lcd.o
                0x00000000200000b4                Font24
 .data.Font12   0x00000000200000bc        0x8 ./Core/Src/stm32746g_discovery_lcd.o
                0x00000000200000bc                Font12
 .data.sdramstatus.3
                0x00000000200000c4        0x1 ./Core/Src/stm32746g_discovery_sdram.o
 *fill*         0x00000000200000c5        0x3 
 .data.SystemCoreClock
                0x00000000200000c8        0x4 ./Core/Src/system_stm32f7xx.o
                0x00000000200000c8                SystemCoreClock
 .data.uwTickPrio
                0x00000000200000cc        0x4 ./Drivers/STM32F7xx_HAL_Driver/Src/stm32f7xx_hal.o
                0x00000000200000cc                uwTickPrio
 .data.uwTickFreq
                0x00000000200000d0        0x1 ./Drivers/STM32F7xx_HAL_Driver/Src/stm32f7xx_hal.o
                0x00000000200000d0                uwTickFreq
 *fill*         0x00000000200000d1        0x3 
 .data.uxCriticalNesting
                0x00000000200000d4        0x4 ./Middlewares/Third_Party/FreeRTOS/Source/portable/GCC/ARM_CM7/r0p1/port.o
 .data._impure_ptr
                0x00000000200000d8        0x4 c:/users/myria/stm32cubeide_1.9.0/stm32cubeide/plugins/com.st.stm32cube.ide.mcu.externaltools.gnu-tools-for-stm32.10.3-2021.10.win32_1.0.0.202111181127/tools/bin/../lib/gcc/arm-none-eabi/10.3.1/../../../../arm-none-eabi/lib/thumb/v7e-m+fp/hard\libc_nano.a(lib_a-impure.o)
                0x00000000200000d8                _impure_ptr
 .data.impure_data
                0x00000000200000dc       0x60 c:/users/myria/stm32cubeide_1.9.0/stm32cubeide/plugins/com.st.stm32cube.ide.mcu.externaltools.gnu-tools-for-stm32.10.3-2021.10.win32_1.0.0.202111181127/tools/bin/../lib/gcc/arm-none-eabi/10.3.1/../../../../arm-none-eabi/lib/thumb/v7e-m+fp/hard\libc_nano.a(lib_a-impure.o)
 *(.RamFunc)
 *(.RamFunc*)
                0x000000002000013c                . = ALIGN (0x4)
                0x000000002000013c                _edata = .

.igot.plt       0x000000002000013c        0x0 load address 0x0000000008071f68
 .igot.plt      0x000000002000013c        0x0 c:/users/myria/stm32cubeide_1.9.0/stm32cubeide/plugins/com.st.stm32cube.ide.mcu.externaltools.gnu-tools-for-stm32.10.3-2021.10.win32_1.0.0.202111181127/tools/bin/../lib/gcc/arm-none-eabi/10.3.1/thumb/v7e-m+fp/hard/crtbegin.o
                0x000000002000013c                . = ALIGN (0x4)

.bss            0x000000002000013c     0x49a4 load address 0x0000000008071f68
                0x000000002000013c                _sbss = .